 lopt_bias:  F F F F F F F F F F F F F F F F F F F F F F F F F F F F F F F F F F
 F
 freq_opt_bias:     10000000
 Program started at 2012-12-20 15:08:26.917
 Number of processors:            1
           0  threads per processor
 Random number seed:            0
 L_Coul_CBMC: T
 Number of unit cells in a dir =    5.00000000000000     
 Number of unit cells in b dir =    5.00000000000000     
 Number of unit cells in c dir =    6.00000000000000     
 number of cycles:        2000
 lstep: F
 lpresim: F
 iupdatefix:         100
 L_tor_table: F
 L_spline: F
 L_linear: F
 L_vib_table: F
 L_bend_table: F
 L_vdW_table: F
 L_elect_table: F
 number of boxes in the system:           2
 temperature:   573.000000000000       K
 external pressure:  0.100000000000000       0.100000000000000       MPa
 Ghost particles:            0           0
 fluctuating charge temperature:   5.00000000000000       K
 Electric field in z direction:  0.000000000000000E+000  0.000000000000000E+000 
  V/A
 ianalyze:        1000
 nbin         250
 lrdf: F
 lintra: F
 lstretch: F
 lgvst: F
 lbend: F
 lete: F
 lrhoz: F
 bin_width:  0.200000000000000     
 iprint:         200
 imv:         200
 iratio:         500
 iblock:         200
 idiele:           1
 L_movie_xyz F
 box:           1
    boxlx:   34.1000000000000       A
    boxly:   34.1000000000000       A
    boxlz:   34.1000000000000       A
    lsolid: F
    lrect: F
 neighbor list cutoff (rcutnn):  0.000000000000000E+000 A
    rcut:   14.0000000000000      A
 box:           2
    boxlx:   42.5000000000000       A
    boxly:   42.5000000000000       A
    boxlz:   42.5000000000000       A
    lsolid: F
    lrect: F
 neighbor list cutoff (rcutnn):  0.000000000000000E+000 A
    rcut:   14.0000000000000      A
 number of chains:         200
 number of molecule types:           1
 number of chains of molecule type           1 :         200
 Lorentz-Berthelot combining rules apply
    lmixlb: T  lmixjo: F  ltab: F
 number of special combining parameters:           0
 minimum cutoff (rmin):   1.00000000000000       A
 softcut:   100.000000000000     
 CBMC inner cutoff (rcutin):   5.00000000000000       A
 AVBMC outer cutoff (rbsmax):   3.50000000000000       A
 AVBMC inner cutoff (rbsmin):   2.50000000000000       A
 molecule type:           1
    number of units:           8
    number of units for CBMC growth:           8
    number of carbons for EH alkane:           8
    maximum number of units for CBMC:           8
    iurot:           0
    lelect: T
    lflucq: F
    lqtrans: F
    lexpand: F
    lavbmc1: F
    lavbmc2: F
    lavbmc3: F
    fqegp:  0.000000000000000E+000
    lsetup: F
    lq14scale: T
    qscale:  0.500000000000000     
    energy offset for box           1 :  0.000000000000000E+000  K
    energy offset for box           2 :  0.000000000000000E+000  K
    bead            1  beadtype            4  charge leader            1
       bead           1  bonded to bead           2
          bond type:  1 bond length:    1.540 k/2:      0.0
       bead   1 bending interaction through   2 with bead   3
          bend type:  1 bend angle :  114.000 k/2:  31250.0
       bead  1            torsional interact  2 and  3 with bead  4 of torsional type:   2
       bead  1            torsional interact  2 and  3 with bead  7 of torsional type:   2
    bead            2  beadtype            5  charge leader            2
       bead           2  bonded to bead           1
          bond type:  1 bond length:    1.540 k/2:      0.0
       bead           2  bonded to bead           3
          bond type:  1 bond length:    1.540 k/2:      0.0
       bead   2 bending interaction through   3 with bead   4
          bend type:  2 bend angle :  112.000 k/2:  31250.0
       bead   2 bending interaction through   3 with bead   7
          bend type: 36 bend angle :  109.470 k/2:  25200.0
       bead  2            torsional interact  3 and  4 with bead  5 of torsional type:   2
       bead  2            torsional interact  3 and  7 with bead  8 of torsional type:   7
    bead            3  beadtype           65  charge leader            3
       bead           3  bonded to bead           2
          bond type:  1 bond length:    1.540 k/2:      0.0
       bead           3  bonded to bead           4
          bond type:  1 bond length:    1.540 k/2:      0.0
       bead           3  bonded to bead           7
          bond type: 30 bond length:    1.430 k/2:      0.0
       bead   3 bending interaction through   2 with bead   1
          bend type:  1 bend angle :  114.000 k/2:  31250.0
       bead   3 bending interaction through   4 with bead   5
          bend type: 36 bend angle :  109.470 k/2:  25200.0
       bead   3 bending interaction through   7 with bead   8
          bend type: 35 bend angle :  108.500 k/2:  27720.0
       bead  3            torsional interact  4 and  5 with bead  6 of torsional type:   5
    bead            4  beadtype           64  charge leader            4
       bead           4  bonded to bead           3
          bond type:  1 bond length:    1.540 k/2:      0.0
       bead           4  bonded to bead           5
          bond type: 30 bond length:    1.430 k/2:      0.0
       bead   4 bending interaction through   3 with bead   2
          bend type:  2 bend angle :  112.000 k/2:  31250.0
       bead   4 bending interaction through   5 with bead   6
          bend type: 35 bend angle :  108.500 k/2:  27720.0
       bead   4 bending interaction through   3 with bead   7
          bend type: 36 bend angle :  109.470 k/2:  25200.0
       bead  4            torsional interact  3 and  2 with bead  1 of torsional type:   2
       bead  4            torsional interact  3 and  7 with bead  8 of torsional type:   7
    bead            5  beadtype           62  charge leader            5
       bead           5  bonded to bead           4
          bond type: 30 bond length:    1.430 k/2:      0.0
       bead           5  bonded to bead           6
          bond type: 29 bond length:    0.945 k/2:      0.0
       bead   5 bending interaction through   4 with bead   3
          bend type: 36 bend angle :  109.470 k/2:  25200.0
       bead  5            torsional interact  4 and  3 with bead  2 of torsional type:   2
       bead  5            torsional interact  4 and  3 with bead  7 of torsional type:   2
    bead            6  beadtype           61  charge leader            5
       bead           6  bonded to bead           5
          bond type: 29 bond length:    0.945 k/2:      0.0
       bead   6 bending interaction through   5 with bead   4
          bend type: 35 bend angle :  108.500 k/2:  27720.0
       bead  6            torsional interact  5 and  4 with bead  3 of torsional type:   5
    bead            7  beadtype           62  charge leader            5
       bead           7  bonded to bead           3
          bond type: 30 bond length:    1.430 k/2:      0.0
       bead           7  bonded to bead           8
          bond type: 29 bond length:    0.945 k/2:      0.0
       bead   7 bending interaction through   3 with bead   2
          bend type: 36 bend angle :  109.470 k/2:  25200.0
       bead   7 bending interaction through   3 with bead   4
          bend type: 36 bend angle :  109.470 k/2:  25200.0
       bead  7            torsional interact  3 and  2 with bead  1 of torsional type:   2
       bead  7            torsional interact  3 and  4 with bead  5 of torsional type:   2
    bead            8  beadtype           61  charge leader            5
       bead           8  bonded to bead           7
          bond type: 29 bond length:    0.945 k/2:      0.0
       bead   8 bending interaction through   7 with bead   3
          bend type: 35 bend angle :  108.500 k/2:  27720.0
       bead  8            torsional interact  7 and  3 with bead  2 of torsional type:   7
       bead  8            torsional interact  7 and  3 with bead  4 of torsional type:   7
 licell: F
 rintramax:  0.000000000000000E+000  A
 boxlink:           1
 initial maximum displacements for atoms:  0.0100  0.0100  0.0100
 initial maximum x, y and z displacement:  0.3000  0.3000  0.3000
 initial maximum x, y and z rotation:      0.4000  0.4000  0.4000
 target translational acceptance ratio:  0.500000000000000     
 target rotational acceptance ratio:  0.500000000000000     
 linit: F
 lreadq: F
 lbranch for molecule type           1 : F
 box:           1
    initial number of chains of type           1 :         180
    initial number of chains in x, y and z directions:    6    6    5
    initial rotational displacement:          10
    inimix:           0
    zshift:  0.000000000000000E+000
    dshift:   3.80000000000000     
    nchoiq:           1
 box:           2
    initial number of chains of type           1 :          20
    initial number of chains in x, y and z directions:    5    2    2
    initial rotational displacement:           0
    inimix:           0
    zshift:  0.000000000000000E+000
    dshift:   10.6250000000000     
    nchoiq:           1
 initial maximum volume displacement (rmvol) in box           1 :
  1.000000000000000E-003
 initial maximum volume displacement (rmvol) in box           2 :
  1.000000000000000E-003
 target volume acceptance ratio (tavol):  0.400000000000000     
 iratv:         500
 iratp:           5
 initial maximum fluct. charge displ. for chain type           1  box
           1 :  0.100000000000000     
 initial maximum fluct. charge displ. for chain type           1  box
           2 :  0.100000000000000     
 target fluctuating charge acceptance ratio (taflcq):  0.950000000000000     
 pmvol:  0.100000000000000     
    pmvlmt for box           1 :  0.500000000000000     
    pmvlmt for box           2 :   1.00000000000000     
 nvolb:           1
    pmvolb:   1.00000000000000     
    box pair for volume move number           1 :           1           2
 pmswat:  0.000000000000000E+000
    number of swatch pairs (nswaty):           1
    swatch molecule type pairs:           2           3
    probability of each swatch pair:   1.00000000000000     
    nsampos:           1
    ncut:           1           1
    splist:           1           1
    box pair:           1           2
 pmswap:  0.120000000000000     
       swap probability for molecule type         1 (pmswmt):  1.0000
    number of swap moves for molecule type           1 :           1
       pmswapb:   1.00000000000000     
       box pair:           1           2
 pmcb:  0.350000000000000     
       CBMC probability for molecule type         1 (pmcbmt):  1.0000
    pmall for molecule type           1 :  0.000000000000000E+000
            probability for SAFE-CBMC for molec   1  (pmfix):  0.0000
 pmflcq:  0.000000000000000E+000
       flcq probability for molecule type         1 (pmfqmt):  1.0000
 pmexpc:  0.000000000000000E+000
         expanded ens. prob. for molecule type    1 (pmeemt):  1.0000
 pmtra:  0.650000000000000     
      translation probability for molecule   ty   1 (pmtrmt):  1.0000
 pmrot:   1.00000000000000     
       rotational probability for molecule    t   1 (pmromt):  1.0000
 
 percentage move probabilities:
 volume move       :   10.00 %
 swatch move       :    0.00 %
 swap move         :    2.00 %
 CBMC move         :   23.00 %
 fluct charge move :    0.00 %
 expanded ens move :    0.00 %
 translation move  :   30.00 %
 rotation move     :   35.00 %
 
 Fraction of atom translations move  0.000000000000000E+000
 
 molecule type :           1   
      nchoi1   :          10  
      nchoi    :           8  
      nchoir   :          10  
      nchoih   :           1  
      nchtor   :         100
 nchbna and nchbnb for molecule type           1 :        1000        1000
 icbdir for molecule type           1 :           0
 icbsta for molecule type           1 :           0
 nexclu:           0
 inclnum:           0
 ainclnum:           2
 repulsive 1-5 OH interaction for chain type           1  between beads
           6  and           7  of type:           2
 repulsive 1-5 OH interaction for chain type           1  between beads
           5  and           8  of type:           2
 
 INCLUSION TABLE
           1 F F F F T T F T
           2 F F F F F T F F
           3 F F F F F F F F
           4 F F F F F F F F
           5 T F F F F F F T
           6 T T F F F F T T
           7 F F F F F T F F
           8 T F F F T T F F
 
 
 CHARGE INCLUSION TABLE
           1 F F F F F F F F
           2 F F F F F F F F
           3 F F F F F T F F
           4 F F F F F F F T
           5 F F F F F F T T
           6 F F T F F F T T
           7 F F F F T T F F
           8 F F F T T T F F
 
 1-4 LJ SCALING FACTORS
           1   1.00000000000000        1.00000000000000     
   1.00000000000000        1.00000000000000        1.00000000000000     
   1.00000000000000        1.00000000000000        1.00000000000000     
           2   1.00000000000000        1.00000000000000     
   1.00000000000000        1.00000000000000        1.00000000000000     
   1.00000000000000        1.00000000000000        1.00000000000000     
           3   1.00000000000000        1.00000000000000     
   1.00000000000000        1.00000000000000        1.00000000000000     
   1.00000000000000        1.00000000000000        1.00000000000000     
           4   1.00000000000000        1.00000000000000     
   1.00000000000000        1.00000000000000        1.00000000000000     
   1.00000000000000        1.00000000000000        1.00000000000000     
           5   1.00000000000000        1.00000000000000     
   1.00000000000000        1.00000000000000        1.00000000000000     
   1.00000000000000        1.00000000000000        1.00000000000000     
           6   1.00000000000000        1.00000000000000     
   1.00000000000000        1.00000000000000        1.00000000000000     
   1.00000000000000        1.00000000000000        1.00000000000000     
           7   1.00000000000000        1.00000000000000     
   1.00000000000000        1.00000000000000        1.00000000000000     
   1.00000000000000        1.00000000000000        1.00000000000000     
           8   1.00000000000000        1.00000000000000     
   1.00000000000000        1.00000000000000        1.00000000000000     
   1.00000000000000        1.00000000000000        1.00000000000000     
 
 1-4 CHARGE SCALING FACTORS
           1   1.00000000000000        1.00000000000000     
   1.00000000000000       0.500000000000000        1.00000000000000     
   1.00000000000000       0.500000000000000        1.00000000000000     
           2   1.00000000000000        1.00000000000000     
   1.00000000000000        1.00000000000000       0.500000000000000     
   1.00000000000000        1.00000000000000       0.500000000000000     
           3   1.00000000000000        1.00000000000000     
   1.00000000000000        1.00000000000000        1.00000000000000     
  0.500000000000000        1.00000000000000        1.00000000000000     
           4  0.500000000000000        1.00000000000000     
   1.00000000000000        1.00000000000000        1.00000000000000     
   1.00000000000000        1.00000000000000       0.500000000000000     
           5   1.00000000000000       0.500000000000000     
   1.00000000000000        1.00000000000000        1.00000000000000     
   1.00000000000000       0.500000000000000        1.00000000000000     
           6   1.00000000000000        1.00000000000000     
  0.500000000000000        1.00000000000000        1.00000000000000     
   1.00000000000000        1.00000000000000        1.00000000000000     
           7  0.500000000000000        1.00000000000000     
   1.00000000000000        1.00000000000000       0.500000000000000     
   1.00000000000000        1.00000000000000        1.00000000000000     
           8   1.00000000000000       0.500000000000000     
   1.00000000000000       0.500000000000000        1.00000000000000     
   1.00000000000000        1.00000000000000        1.00000000000000     
 lucall: F
    ucheck for molecule type           1 :           0
 nvirial:           0
 starvir:  0.000000000000000E+000
 stepvir:  0.000000000000000E+000
 lideal:  F F
 ltwice:  F F
 lrplc:  F
 
 ***** program   =  THE MAGIC BLACK BOX
 NVT Gibbs ensemble
 using periodic boundaries
 in x-direction
 in y-direction
 in z-direction
           3 -dimensional periodic box
 particle coordinates are folded into central box
 additional (COM) cutoff on computed rcmu
 Dual Cutoff Configurational-bias Monte Carlo
 CBMC simultaneously grows all beads conected to the same bead
 with bond angles generated from Gaussian distribution
 Program will call Explct.f if needed
 Lennard-Jones potential for bead-bead
 with additional tail corrections
 Coulombic inter- and intramolecular interactions
 Ewald-sum will be used to calculate Coulombic interactions
 
 MOLECULAR MASS:   90.1212000000000     
 new maximum displacements read from restart-file
 box      #           1
 molecule type           1
 max trans. displacement:          0.618650  0.633981  0.620413
 max rot. displacement:            0.368188  0.384805  0.363044
 box      #           2
 molecule type           1
 max trans. displacement:         28.000000 28.000000 28.000000
 max rot. displacement:            3.141500  3.141500  3.141500
 maximum fluc q displacements: Box #           1
  0.100000000000000     
 maximum fluc q displacements: Box #           2
  0.100000000000000     
 max volume displacement:          0.3939E-01  0.1000E-02
 
 
 
 new box size read from restart-file
 
 
 
 dimension box 1  :  a:      33.593649   b:      33.593649   c   :     33.593649
 
 
 dimension box 2  :  a:      42.818760   b:      42.818760   c   :     42.818760
 
 Finished writing simulation box related info
 
 ****Ewald Parameters*****
 ibox   calp(ibox)  kmaxl(ibox)   kmaxm(ibox)   kmaxn(ibox)   rcut(ibox)
   1         0.228571           8           8           8                 14.0000
   2         0.228571          10          10          10                 14.0000
 
 molecule type           1
    i   j   type_i type_j   bond length        k/2
    1   2      4      5       1.5400           0.0
    2   1      5      4       1.5400           0.0
    2   3      5     65       1.5400           0.0
    3   2     65      5       1.5400           0.0
    3   4     65     64       1.5400           0.0
    3   7     65     62       1.4300           0.0
    4   3     64     65       1.5400           0.0
    4   5     64     62       1.4300           0.0
    5   4     62     64       1.4300           0.0
    5   6     62     61       0.9450           0.0
    6   5     61     62       0.9450           0.0
    7   3     62     65       1.4300           0.0
    7   8     62     61       0.9450           0.0
    8   7     61     62       0.9450           0.0
 
    i   j   k   type_i type_j type_k     angle      k/2
    1   2   3      4      5     65      114.00     31250.0
    2   3   4      5     65     64      112.00     31250.0
    2   3   7      5     65     62      109.47     25200.0
    3   2   1     65      5      4      114.00     31250.0
    3   4   5     65     64     62      109.47     25200.0
    3   7   8     65     62     61      108.50     27720.0
    4   3   2     64     65      5      112.00     31250.0
    4   5   6     64     62     61      108.50     27720.0
    4   3   7     64     65     62      109.47     25200.0
    5   4   3     62     64     65      109.47     25200.0
    6   5   4     61     62     64      108.50     27720.0
    7   3   2     62     65      5      109.47     25200.0
    7   3   4     62     65     64      109.47     25200.0
    8   7   3     61     62     65      108.50     27720.0
 
    i   j   k   l    type_i type_j type_k type_l     torsion type
    1   2   3   4       4      5     65     64             2
    1   2   3   7       4      5     65     62             2
    2   3   4   5       5     65     64     62             2
    2   3   7   8       5     65     62     61             7
    3   4   5   6      65     64     62     61             5
    4   3   2   1      64     65      5      4             2
    4   3   7   8      64     65     62     61             7
    5   4   3   2      62     64     65      5             2
    5   4   3   7      62     64     65     62             2
    6   5   4   3      61     62     64     65             5
    7   3   2   1      62     65      5      4             2
    7   3   4   5      62     65     64     62             2
    8   7   3   2      61     62     65      5             7
    8   7   3   4      61     62     65     64             7
 
      i   j    sig2ij     epsij         q0(i)          q0(j)
      4   4   3.75000  98.00000       0.000000       0.000000
      4   5   3.85000  67.14164       0.000000       0.000000
      4  61   0.00000   0.00000       0.000000       0.435000
      4  62   3.38500  95.46727       0.000000      -0.700000
      4  64   3.85000  67.14164       0.000000       0.265000
      4  65   4.04000  31.30495       0.000000       0.265000
      5   4   3.85000  67.14164       0.000000       0.000000
      5   5   3.95000  46.00000       0.000000       0.000000
      5  61   0.00000   0.00000       0.000000       0.435000
      5  62   3.48500  65.40642       0.000000      -0.700000
      5  64   3.95000  46.00000       0.000000       0.265000
      5  65   4.14000  21.44761       0.000000       0.265000
     61   4   0.00000   0.00000       0.435000       0.000000
     61   5   0.00000   0.00000       0.435000       0.000000
     61  61   0.00000   0.00000       0.435000       0.435000
     61  62   0.00000   0.00000       0.435000      -0.700000
     61  64   0.00000   0.00000       0.435000       0.265000
     61  65   0.00000   0.00000       0.435000       0.265000
     62   4   3.38500  95.46727      -0.700000       0.000000
     62   5   3.48500  65.40642      -0.700000       0.000000
     62  61   0.00000   0.00000      -0.700000       0.435000
     62  62   3.02000  93.00000      -0.700000      -0.700000
     62  64   3.48500  65.40642      -0.700000       0.265000
     62  65   3.67500  30.49590      -0.700000       0.265000
     64   4   3.85000  67.14164       0.265000       0.000000
     64   5   3.95000  46.00000       0.265000       0.000000
     64  61   0.00000   0.00000       0.265000       0.435000
     64  62   3.48500  65.40642       0.265000      -0.700000
     64  64   3.95000  46.00000       0.265000       0.265000
     64  65   4.14000  21.44761       0.265000       0.265000
     65   4   4.04000  31.30495       0.265000       0.000000
     65   5   4.14000  21.44761       0.265000       0.000000
     65  61   0.00000   0.00000       0.265000       0.435000
     65  62   3.67500  30.49590       0.265000      -0.700000
     65  64   4.14000  21.44761       0.265000       0.265000
     65  65   4.33000  10.00000       0.265000       0.265000
 
 number of mc cycles:                    2000
 number of chains:                        200
 
 temperature:                       573.000000000000     
 
 ex-pressure:                      7.242900000000000E-003
  7.242900000000000E-003
 
 
 sumup control
 number of chains         186
 number of chains of type           1         186
 inter lj energy   -337656.127887966     
 intra lj energy    100181.732413030     
 Tail correction   -13122.5802066598     
 bond vibration    0.000000000000000E+000
 bond bending       374521.494420587     
 torsional          287898.493307283     
 external          0.000000000000000E+000
 coulombic energy  -1029356.42719971     
 fluc Q energy     0.000000000000000E+000
 well energy       0.000000000000000E+000
 total energy      -604410.834946776     
 
 box             1  initial v   =   -604410.834946776     
 surf. tension :   box 1 =     -13.93898
 pressure check:   box 1 =       3553.60
 
 sumup control
 number of chains          14
 number of chains of type           1          14
 inter lj energy   -617.548124559085     
 intra lj energy    9250.03010462338     
 Tail correction   -35.9020039028174     
 bond vibration    0.000000000000000E+000
 bond bending       22419.5400653022     
 torsional          25694.6709460617     
 external          0.000000000000000E+000
 coulombic energy  -40748.1480055198     
 fluc Q energy     0.000000000000000E+000
 well energy       0.000000000000000E+000
 total energy       15998.5449859083     
 
 box             2  initial v   =    15998.5449859083     
 surf. tension :   box 2 =       0.15348
 pressure check:   box 2 =       1201.78
 
 +++++ start of markov chain +++++
 
 Cycle   Total   Energy    Boxlength   Pressure  Molecules
   200   35460 -0.5845E+06    33.983         0.0 185
                0.3044E+05    42.575         0.0  15
   400   35660 -0.5581E+06    33.907         0.0 187
                0.1457E+05    42.623         0.0  13
 Box            1
 Type 1 bn   9265.   9265.   9218.  10858.  10826.  10850.
 max.displ.     0.6231    0.6419    0.6310    0.3827    0.3722    0.3698
 Box            2
 Type 1 bn    736.    701.    681.    869.    834.    874.
 max.displ.    28.0000   28.0000   28.0000    3.1415    3.1415    3.1415
 volume change:  bn = 10128.0   bs =  4220.0   max.displ. = 0.41028E-01
 volume change:  bn =     0.0   bs =     0.0   max.displ. = 0.10000E-02
   600   35860 -0.5533E+06    34.162         0.0 187
                0.1592E+05    42.460         0.0  13
   800   36060 -0.6328E+06    34.116         0.0 187
                0.9722E+04    42.490         0.0  13
 Box            1
 Type 1 bn   9190.   9435.   9148.  10822.  10859.  10782.
 max.displ.     0.6382    0.6248    0.6264    0.3706    0.3762    0.3726
 Box            2
 Type 1 bn    759.    752.    743.    826.    844.    874.
 max.displ.    28.0000   28.0000   28.0000    3.1415    3.1415    3.1415
 volume change:  bn = 10019.0   bs =  4123.0   max.displ. = 0.42209E-01
 volume change:  bn =     0.0   bs =     0.0   max.displ. = 0.10000E-02
  1000   36260 -0.5868E+06    33.781         0.0 183
                0.5182E+04    42.703         0.0  17
  1200   36460 -0.6217E+06    33.949         0.0 186
                0.1266E+05    42.596         0.0  14
  1400   36660 -0.5579E+06    34.015         0.0 182
               -0.2629E+04    42.555         0.0  18
 Box            1
 Type 1 bn   9100.   9205.   9121.  10617.  10813.  10654.
 max.displ.     0.6413    0.6316    0.6207    0.3714    0.3779    0.3689
 Box            2
 Type 1 bn    807.    853.    869.    979.   1004.    991.
 max.displ.    27.4796   25.8664   27.0656    3.1415    3.1415    3.1415
 volume change:  bn =  9995.0   bs =  4030.0   max.displ. = 0.42547E-01
 volume change:  bn =     0.0   bs =     0.0   max.displ. = 0.10000E-02
  1600   36860 -0.5670E+06    34.028         0.0 183
                0.1166E+05    42.546         0.0  17
  1800   37060 -0.5507E+06    34.393         0.0 184
                0.2847E+05    42.309         0.0  16
 Box            1
 Type 1 bn   9137.   9258.   9014.  10726.  10843.  10766.
 max.displ.     0.6411    0.6423    0.6248    0.3776    0.3781    0.3797
 Box            2
 Type 1 bn    835.    739.    825.    918.    994.    947.
 max.displ.    28.0000   28.0000   28.0000    3.1415    3.1415    3.1415
 volume change:  bn =  9944.0   bs =  3927.0   max.displ. = 0.42006E-01
 volume change:  bn =     0.0   bs =     0.0   max.displ. = 0.10000E-02
  2000   37260 -0.5713E+06    34.057         0.0 182
                0.1708E+05    42.527         0.0  18
 
 +++++ end of markov chain +++++
 
 ### Translations ###
 
 molecule typ =           1  in box           1
 x-dir: attempts =   36692.0   ratio = 0.504   max.displ. = 0.6411E+00
 y-dir: attempts =   37163.0   ratio = 0.502   max.displ. = 0.6423E+00
 z-dir: attempts =   36501.0   ratio = 0.501   max.displ. = 0.6248E+00
 
 molecule typ =           1  in box           2
 x-dir: attempts =    3137.0   ratio = 0.581   max.displ. = 0.2800E+02
 y-dir: attempts =    3045.0   ratio = 0.580   max.displ. = 0.2800E+02
 z-dir: attempts =    3118.0   ratio = 0.576   max.displ. = 0.2800E+02
 
 ### Rotations ###
 
 molecule typ =           1  in box           1
 x-dir: attempts =   43023.0   ratio = 0.503   max.displ. = 0.3776E+00
 y-dir: attempts =   43341.0   ratio = 0.498   max.displ. = 0.3781E+00
 z-dir: attempts =   43052.0   ratio = 0.506   max.displ. = 0.3797E+00
 
 molecule typ =           1  in box           2
 x-dir: attempts =    3592.0   ratio = 0.716   max.displ. = 0.3142E+01
 y-dir: attempts =    3676.0   ratio = 0.722   max.displ. = 0.3142E+01
 z-dir: attempts =    3686.0   ratio = 0.714   max.displ. = 0.3142E+01
 
 
 ### Configurational-bias ###
 
 molecule typ =           1
     length  attempts  succ.growth  accepted   %su.gr.    %accep.
        1   17304.0   17304.0    9889.0    100.00     57.15
        2    5824.0    5824.0     978.0    100.00     16.79
        4    3720.0    3710.0     391.0     99.73     10.51
        5   13290.0   13229.0     600.0     99.54      4.51
        6   17246.0   17053.0     622.0     98.88      3.61
        7   34316.0   32940.0     746.0     95.99      2.17
 
 
 ### Volume change       ###
 attempts = 40086.0   ratio = 0.407   max.displ. = 0.4201E-01
 attempts =     0.0   ratio = 0.000   max.displ. = 0.1000E-02
 
 ### Molecule swap       ###
 
 molecule typ =           1
between box  1 and  2 into box 1   uattempts =      4119.0 attempts =   4119.0   accepted =    49.0
 suc.growth % = 88.298   accepted % =  1.190
between box  1 and  2 into box 2   uattempts =      4069.0 attempts =   4069.0   accepted =    53.0
 suc.growth % =100.000   accepted % =  1.303
number of times move in:          0.0  accepted=     0.0
number of times move out:          0.0  accepted=     0.0
 
 ### Molecule swatch     ###
 
 pair typ =           1
 moltyps =            2  and           3
between box  1 and  2   uattempts =         0.0  attempts =      0.0  accepted =     0.0
 
New Biasing Potential

molecule  1:   0.00000000      0.00000000    


 ### Charge Fluctuation  ###
 
 
 ### Expanded Ensemble Move  ###
 
 
 sumup control
 number of chains         182
 number of chains of type           1         182
 inter lj energy   -312121.542089042     
 intra lj energy    99544.0960925846     
 Tail correction   -12058.1481840848     
 bond vibration    0.000000000000000E+000
 bond bending       366723.358923506     
 torsional          276297.985403523     
 external          0.000000000000000E+000
 coulombic energy  -1001773.48424579     
 fluc Q energy     0.000000000000000E+000
 well energy       0.000000000000000E+000
 total energy      -571329.585915218     
 
 sumup control
 number of chains          18
 number of chains of type           1          18
 inter lj energy   -3099.16602409050     
 intra lj energy    11184.2134295296     
 Tail correction   -60.5759774073554     
 bond vibration    0.000000000000000E+000
 bond bending       35575.5165685871     
 torsional          27062.2961160470     
 external          0.000000000000000E+000
 coulombic energy  -53641.0319332114     
 fluc Q energy     0.000000000000000E+000
 well energy       0.000000000000000E+000
 total energy       17081.8281568617     
 
 vstart       =      -604410.8349467763        15998.5449859083
 vend         =      -571329.5859152185        17081.8281568617
 vbox         =      -571329.5859152767        17081.8281568711
 
 Averages and fluctuations                            Box 1       Box 2
 
 pressure                               [kPa] =    -5720.66     1036.92
 pressure                  [simulation units] =   -0.414342    0.075103
 surface tension                       [mN/m] =      0.3057     -0.4321
 chem. potential of type       1          [K] =     568.801      -1.661
 
 boxlength                                [A] =      33.977      42.577
 boxlength                                [A] =      33.977      42.577
 boxlength                                [A] =      33.977      42.577
 no. of chains of type         1              =     184.436      15.564
 molar volume                      [cm^3/mol] =     128.035    2985.572
 specific density                    [g/cm^3] =    0.703881    0.030186
 number density of type        1 [chain/nm^3] =     4.70345     0.20170
 molfraction of type           1              =   1.0000000   1.0000000
 mean sete length of type      1        [A^2] =      14.575      14.153
 
 Total energy  [K per system and kJ/mol per chain] =    -570595.66    14668.75        -25.72        7.99
 Inter LJ      [K per system and kJ/mol per chain] =    -328539.76    -1911.43        -14.81       -1.00
 Bond bending  [K per system and kJ/mol per chain] =     366002.48    30441.45         16.50       16.29
 Torsion       [K per system and kJ/mol per chain] =     288251.66    23493.74         12.99       12.58
 Intra LJ      [K per system and kJ/mol per chain] =      98493.28     9762.98          4.44        5.22
 External pot  [K per system and kJ/mol per chain] =          0.00        0.00          0.00        0.00
 Stretch       [K per system and kJ/mol per chain] =          0.00        0.00          0.00        0.00
 Coulomb       [K per system and kJ/mol per chain] =    -994803.33   -47117.99        -44.85      -25.10
 Tail  LJ      [K per system and kJ/mol per chain] =     -12476.13      -45.70         -0.56       -0.02
 Fluc Q        [K per system and kJ/mol per chain] =          0.00        0.00          0.00        0.00
 
 fluctuation in <vtot>                          =    24981.29     6520.99
 
 type  box     vinter      vintra      vtor        vbend       vtail
    1    1     0.00000     0.00000     0.00000     0.00000     0.00000
    1    2     0.00000     0.00000     0.00000     0.00000     0.00000
 H_vap      [kJ/mol] btwn box      1 and   2 =        36.6987         2.6542         0.8847
 H_vap LJ  [kJ/mol] btwn box      1 and   2 =        18.0818         1.5906         0.5302
 H_vap Coul [kJ/mol] btwn box     1 and   2 =        22.7210         1.6247         0.5416
 pdV        [kJ/mol] btwn box      1 and   2 =         2.9657         1.0122         0.3374
 CED [cal/cc]   btwn box           1 and   2 =        63.1411         5.2260         1.7420
 CED_LJ[cal/cc] btwn box           1 and   2 =        28.2874         2.2158         0.7386
 CED_Coul[cal/cc] btwn box         1 and   2 =        36.9782         2.8245         0.9415
 HSP [(cal/cc)^1/2]  btwn box      1 and   2 =         7.9304         0.3300         0.1100
 HSP_LJ[(cal/cc)^1/2] btwn box     1 and   2 =         5.3086         0.2064         0.0688
 HSP_Cou[(cal/cc)^1/2] btwn box    1 and   2 =         6.0641         0.2355         0.0785
 specific density    box   1 =  0.70388E+00 0.13306E-01 0.44353E-02
 specific density    box   2 =  0.30186E-01 0.26285E-02 0.87618E-03
 system volume       box   1 =  0.39229E+05 0.54420E+03 0.18140E+03
 system volume       box   2 =  0.77189E+05 0.54420E+03 0.18140E+03
 pressure            box   1 =     -5720.66     5657.76     1885.92
 pressure            box   2 =      1036.92      393.49      131.16
 surface tension     box   1 =      0.30568    17.86040     5.95347
 surface tension     box   2 =     -0.43212     1.65412     0.55137
 
 Total energy   box   1 =   -0.57060E+06   0.19063E+05   0.63545E+04
 Inter LJ       box   1 =   -0.32854E+06   0.11950E+05   0.39833E+04
 Bond bending   box   1 =    0.36600E+06   0.78378E+04   0.26126E+04
 Torsion        box   1 =    0.28825E+06   0.71590E+04   0.23863E+04
 Intra LJ       box   1 =    0.98493E+05   0.45045E+04   0.15015E+04
 External pot   box   1 =    0.00000E+00   0.00000E+00   0.00000E+00
 Stretch        box   1 =    0.00000E+00   0.00000E+00   0.00000E+00
 Coulomb        box   1 =   -0.99480E+06   0.16700E+05   0.55667E+04
 Tail  LJ       box   1 =   -0.12476E+05   0.31014E+03   0.10338E+03
 Fluc Q         box   1 =    0.00000E+00   0.00000E+00   0.00000E+00
 Total energy   box   2 =    0.14669E+05   0.37852E+04   0.12617E+04
 Inter LJ       box   2 =   -0.19114E+04   0.56395E+03   0.18798E+03
 Bond bending   box   2 =    0.30441E+05   0.34482E+04   0.11494E+04
 Torsion        box   2 =    0.23494E+05   0.22227E+04   0.74091E+03
 Intra LJ       box   2 =    0.97630E+04   0.16251E+04   0.54169E+03
 External pot   box   2 =    0.00000E+00   0.00000E+00   0.00000E+00
 Stretch        box   2 =    0.00000E+00   0.00000E+00   0.00000E+00
 Coulomb        box   2 =   -0.47118E+05   0.62292E+04   0.20764E+04
 Tail  LJ       box   2 =   -0.45703E+02   0.77399E+01   0.25800E+01
 Fluc Q         box   2 =    0.00000E+00   0.00000E+00   0.00000E+00
 
 Enthalpy Inst.[kJ/mol] for box  1 =    -27.1272      1.6500      0.5500
 Enthalpy Ext. [kJ/mol] for box  1 =    -25.6867      0.7553      0.2518
 Enthalpy Inst.[kJ/mol] for box  2 =     11.1201      2.7888      0.9296
 Enthalpy Ext. [kJ/mol] for box  2 =      8.3233      2.2727      0.7576
 
 chemical potential  itype   1 box   1 =      568.801    1120.403     373.468
 chemical potential  itype   1 box   2 =       -1.661     143.356      47.785
 mean sete length    itype   1 box   1 =       14.575       0.179       0.060
 mean sete length    itype   1 box   2 =       14.153       0.447       0.149
 number density      itype   1 box   1 =  0.47034E+01 0.88911E-01 0.29637E-01
 number density      itype   1 box   2 =  0.20170E+00 0.17564E-01 0.58548E-02
 mole fraction       itype   1 box   1 =    1.0000000   0.0000000   0.0000000
 mole fraction       itype   1 box   2 =    1.0000000   0.0000000   0.0000000
Ostwald Coefficient  itype   1 between box  2 and  1         23.318462          2.077842
Free Enrgy of Transf itype   1 between box  2 and  1        -15.002760          0.424500 kJ/mol
 
 
 -----block averages ------
  ------------ box:    1
 block   energy    density   pressure   surf ten  mol fracs
   1  -0.586E+06   0.721E+00  -0.166E+04  -0.609E+01   0.100E+01
   2  -0.578E+06   0.728E+00  -0.203E+05   0.350E+02   0.100E+01
   3  -0.572E+06   0.715E+00   0.768E+03   0.144E+02   0.100E+01
   4  -0.584E+06   0.703E+00  -0.824E+04  -0.160E+02   0.100E+01
   5  -0.578E+06   0.700E+00  -0.187E+04  -0.157E+01   0.100E+01
   6  -0.573E+06   0.693E+00  -0.585E+04   0.108E+02   0.100E+01
   7  -0.597E+06   0.708E+00  -0.506E+04   0.159E+02   0.100E+01
   8  -0.528E+06   0.688E+00  -0.104E+04  -0.110E+02   0.100E+01
   9  -0.555E+06   0.694E+00  -0.626E+04  -0.301E+02   0.100E+01
  10  -0.554E+06   0.688E+00  -0.764E+04  -0.835E+01   0.100E+01
  ------------ box:    2
 block   energy    density   pressure   surf ten  mol fracs
   1   0.184E+05   0.297E-01   0.108E+04   0.579E+00   0.100E+01
   2   0.173E+05   0.254E-01   0.120E+04  -0.177E+00   0.100E+01
   3   0.168E+05   0.276E-01   0.715E+03   0.133E+01   0.100E+01
   4   0.129E+05   0.282E-01   0.908E+03  -0.171E+01   0.100E+01
   5   0.917E+04   0.297E-01   0.894E+03  -0.264E+01   0.100E+01
   6   0.150E+05   0.326E-01   0.807E+03   0.156E+01   0.100E+01
   7   0.112E+05   0.303E-01   0.319E+03  -0.176E+01   0.100E+01
   8   0.112E+05   0.353E-01   0.182E+04  -0.294E+01   0.100E+01
   9   0.126E+05   0.315E-01   0.117E+04   0.172E+01   0.100E+01
  10   0.222E+05   0.315E-01   0.146E+04  -0.296E+00   0.100E+01
 Program ended at 2012-12-20 16:13:09.704
