Program started at 2013-04-22 17:14:44.416
Number of processors: 1
Threads per processor: 1
 run_num: 1
 suffix: a
 L_movie_xyz:  F

***** PROGRAM  =  THE MAGIC BLACK BOX *****
NVT Gibbs ensemble
Using periodic boundaries in x y z
3-dimensional periodic box
Particle coordinates are folded into central box
Additional center-of-mass cutoff on computed rcmu
CBMC simultaneously grows all beads conected to the same bead
   with bond lengths/angles generated from Gaussian distribution
Program will call explct() for explicit-hydrogen models
Dual Cutoff Configurational-bias Monte Carlo
Coulombic interactions will be included in the Rosenbluth weights for CBMC growth
Coulombic inter- and intra-molecular interactions will be calculated
   using Ewald-sum techniques
Lennard-Jones potential for pair-wise dispersive interactions
   with additional tail corrections
Lorentz-Berthelot combining rules apply
*******************************************

NAMELIST MC_SHARED
------------------------------------------
Random number seed: 2
number of boxes in the system: 2
number of molecule types: 1
number of chains: 1000
number of cycles: 4000
 iratio: 500
minimum cutoff (rmin):   1.000 [Ang]
 softcut:   100.000000    
Write checkpoint file every 1800 seconds, and keep the last 1 copies
 linit:  F
 lreadq:  F

NAMELIST ANALYSIS
------------------------------------------
 iprint: 400
 imv: 400
 iblock: 400
 iratp: 5
 idiele: 10000
 iheatcapacity: 5000
 ianalyze: 100000
 nbin: 250
 lrdf:  F
 lintra:  F
 lstretch:  F
 lgvst:  F
 lbend:  F
 lete:  F
 lrhoz:  F
 bin_width:  0.200000000E-01

SECTION SIMULATION_BOX
------------------------------------------
Box 1:   34.000 x   34.000 x   34.000
   rcut: 14.000 [Ang], kalp:  0.250
   neighbor list cutoff (rcutnn):  0.000
   number of dimensions that are isotropic: 0
   lsolid:  F, lrect:  F, lideal:  F, ltwice:  F
   temperature:  450.000 [K]
   external pressure:  0.100000000     [MPa]
   Ghost particles: 0
   initial number of chains of each type:   950
   initial number of chains in x, y and z directions: 10 x 10 x 10
   initial rotational displacement: 0, inimix: 0, zshift:  0.0, dshift:  2.000
Box 2:   96.000 x   96.000 x   96.000
   rcut: 32.000 [Ang], kalp:  0.109
   neighbor list cutoff (rcutnn):  0.000
   number of dimensions that are isotropic: 0
   lsolid:  F, lrect:  F, lideal:  F, ltwice:  F
   temperature:  450.000 [K]
   external pressure:  0.100000000     [MPa]
   Ghost particles: 0
   initial number of chains of each type:   50
   initial number of chains in x, y and z directions: 4 x 4 x 4
   initial rotational displacement: 0, inimix: 0, zshift:  0.0, dshift:  2.000

NUMBER OF MOLECULES OF EACH TYPE
 number of chains of each type:   1000

SECTION MOLECULE_TYPE
------------------------------------------
molecule type: 1
   number of units: 4
   number of units for CBMC growth: 4
   number of carbons for EH alkane: 4
   maximum number of units for CBMC: 4
   maximum number of interior segments for SAFE-CBMC regrowth: 4
   number of atoms in a ring (if lring=.true.): 4
   iurot: 0, isolute: 100000, lelect:  T, lring:  F, lrigid:  T, lbranch:  T, lrplc:  F, lsetup:  F, lq14scale:  F, qscale: 0.0
   energy offset for box 1:     0.0 [K]
   energy offset for box 2:     0.0 [K]

   bead 1: bead type 114 [O], charge leader 1
      bonded to bead 2, type 18, bond length:  0.95720, k/2:   0.00000000    
      bonded to bead 3, type 18, bond length:  0.95720, k/2:   0.00000000    

   bead 2: bead type 115 [H], charge leader 2
      bonded to bead 1, type 18, bond length:  0.95720, k/2:   0.00000000    

   bead 3: bead type 115 [H], charge leader 2
      bonded to bead 1, type 18, bond length:  0.95720, k/2:   0.00000000    

   bead 4: bead type 116 [M], charge leader 2

MOLECULAR MASS:      18.01480

NAMELIST TRANSFER
------------------------------------------
lopt_bias:  F
freq_opt_bias: 500

NAMELIST MC_VOLUME
------------------------------------------
target volume acceptance ratio (tavol): 0.40
frequency to adjust maximum volume displacement: 500
initial maximum volume displacement (rmvol):    0.001
pmvol:  0.250000000E-03
   pmvlmt for box 1:   1.00000000    
   pmvlmt for box 2:   1.00000000    
nvolb: 1
   box pair 1: between 1 and 2,   pmvolb =   1.00000000    

NAMELIST MC_SWATCH
------------------------------------------
pmswat:   0.00000000    
   number of swatch pairs (nswaty): 1
   probability of each swatch pair:   1.00000000    

   swatch molecule type pairs:    2    3
   nsampos: 1, ncut:  1  1
   molecule 1
   ncut 1: grom from 1, prev 1
   molecule 2
   ncut 1: grom from 1, prev 1
   splist:    1    1
   number of swatch box pairs: 1
   probability of the swatch box pair:   1.00000000    
   box pair:    1    2

NAMELIST MC_SWAP
------------------------------------------
pmswap:  0.560000000E-02
   swap probability for molecule type 1 (pmswmt):   1.0000
   number of swap box pairs for molecule type 1: 1
   pmswapb:   1.00000000    
   box pair:    1    2

NAMELIST MC_CBMC
------------------------------------------
CBMC inner cutoff (rcutin):  5.000 [Ang]
AVBMC outer cutoff (rbsmax):  3.500 [Ang], inner cutoff (rbsmin):  2.500 [Ang]
lpresim:  F
iupdatefix: 100
pmcb:   0.00000000    

molecule type: nchoi1  nchoi nchoir nchoih nchtor nchbna nchbnb icbdir icbsta
            1:     15      8     10      1    100   1000   1000      0      0

molecule type:    pmcbmt         pmall  avbmc_version    pmbias        pmbsmt       pmbias2         pmfix   lrig
            1:   1.00000       0.00000              0   0.00000       0.00000       0.00000       0.00000      F

NAMELIST MC_FLUCQ
------------------------------------------
target fluctuating charge acceptance ratio (taflcq): 0.95
fluctuating charge temperature:    5.000 [K]
initial maximum displacement for fluctuating charge moves:  0.100000000    
pmflcq:   0.00000000    
   nchoiq for each box:   1  1

molecule type:  lflucq lqtrans   pmfqmt    fqegp
            1:       F       F   1.0000   0.0000

NAMELIST MC_EE
------------------------------------------
pmexpc:   0.00000000    
   expanded ens. prob. for molecule type 1 (pmeemt):   1.0000, lexpand:  F
pmexpc1:   0.00000000    

NAMELIST MC_SIMPLE
------------------------------------------
initial maximum displacement for atom translation:  0.100000000E-01
target translation acceptance ratio: 0.50
initial maximum displacement for molecule translation:  0.300000000    
pmtra:  0.502800000    
   translation probability for molecule type 1 (pmtrmt):   1.0000
target rotation acceptance ratio: 0.50
initial maximum displacement for molecule rotation:  0.400000000    
pmrot:   1.00000000    
   rotational probability for molecule type 1 (pmromt):   1.0000

percentage move probabilities:
 volume move       :    0.03 %
 swatch move       :    0.00 %
 swap move         :    0.53 %
 CBMC move         :    0.00 %
 fluct. charge move:    0.00 %
 expanded ens. move:    0.00 %
 new EE move       :    0.00 %
 atom trans. move  :    0.00 %
 translation move  :   49.72 %
 rotation move     :   49.72 %

SPECIAL INTERACTION RULES
------------------------------------------
  Total: 0 exclusion rules for intermolecular interactions

  Total: 0 inclusion rules for intramolecular interactions

  Total: 0 special rules for intramolecular 1-5 OH interactions

Molecule type: 1

LJ INCLUSION TABLE
       1   2   3   4
   1   F   F   F   F
   2   F   F   F   F
   3   F   F   F   F
   4   F   F   F   F

CHARGE INCLUSION TABLE
       1   2   3   4
   1   F   F   F   F
   2   F   F   F   F
   3   F   F   F   F
   4   F   F   F   F

1-4 LJ SCALING FACTORS
             1      2      3      4
      1  1.000  1.000  1.000  1.000
      2  1.000  1.000  1.000  1.000
      3  1.000  1.000  1.000  1.000
      4  1.000  1.000  1.000  1.000

1-4 CHARGE SCALING FACTORS
             1      2      3      4
      1  1.000  1.000  1.000  1.000
      2  1.000  1.000  1.000  1.000
      3  1.000  1.000  1.000  1.000
      4  1.000  1.000  1.000  1.000

READING CONFIGURATION FROM RESTART FILE
------------------------------------------
new maximum displacements read from restart-file
   max atom trans. displacement:     0.010000    0.010000    0.010000
   max volume displacement:        0.2186E-01  0.1000E-02

box      #1
   molecule type 1
      max trans. displacement:     0.523075   0.521417   0.522615
      max rot. displacement:       0.632093   0.635149   0.635606
      max fluc. q displacement:    0.100000

box      #2
   molecule type 1
      max trans. displacement:    64.000000  64.000000  64.000000
      max rot. displacement:       3.141500   3.141500   3.141500
      max fluc. q displacement:    0.100000

new box size read from restart-file
 dimension box 1: a =    31.393971  b =    31.393971  c =    31.393971
 dimension box 2: a =    80.095027  b =    80.095027  c =    80.095027

Finished writing simulation box related info

****Ewald Parameters*****
ibox:      calp  kmaxl  kmaxm  kmaxn         rcut
   1:     0.229      8      8      8      14.0000
   2:     0.100      9      9      9      32.0000

molecule type 1
      i      j type_i type_j   bond length           k/2
      1      2    114    115        0.9572           0.0
      1      3    114    115        0.9572           0.0
      2      1    115    114        0.9572           0.0
      3      1    115    114        0.9572           0.0

      i      j      k type_i type_j type_k        angle        k/2

      i      j      k      l type_i type_j type_k type_l torsion type

PAIRWISE LJ AND COULOMB INTERACTIONS
    i    j     sig2ij      epsij         q0(i)         q0(j)
  114  114    3.15400   78.00000      0.000000      0.000000
  114  115    0.00000    0.00000      0.000000      0.520000
  114  116    0.00000    0.00000      0.000000     -1.040000
  115  114    0.00000    0.00000      0.520000      0.000000
  115  115    0.00000    0.00000      0.520000      0.520000
  115  116    0.00000    0.00000      0.520000     -1.040000
  116  114    0.00000    0.00000     -1.040000      0.000000
  116  115    0.00000    0.00000     -1.040000      0.520000
  116  116    0.00000    0.00000     -1.040000     -1.040000
 
 sumup control
 number of chains         867
 number of chains of type           1         867
 inter lj energy    453757.117240683     
 intra lj energy   0.000000000000000E+000
 Tail correction   -5694.81670937465     
 bond vibration    0.000000000000000E+000
 bond bending      0.000000000000000E+000
 torsional         0.000000000000000E+000
 external          0.000000000000000E+000
 coulombic energy  -3851610.35225436     
 fluc Q energy     0.000000000000000E+000
 well energy       0.000000000000000E+000
 total energy      -3397853.23501368     
 
 box             1  initial v   =   -3397853.23501368     
 surf. tension :   box 1 =     -32.72632
 pressure check:   box 1 =     -25937.29
 
 sumup control
 number of chains         133
 number of chains of type           1         133
 inter lj energy    6966.23339409258     
 intra lj energy   0.000000000000000E+000
 Tail correction  -0.675802664689419     
 bond vibration    0.000000000000000E+000
 bond bending      0.000000000000000E+000
 torsional         0.000000000000000E+000
 external          0.000000000000000E+000
 coulombic energy  -53035.1459157475     
 fluc Q energy     0.000000000000000E+000
 well energy       0.000000000000000E+000
 total energy      -46068.9125216549     
 
 box             2  initial v   =   -46068.9125216549     
 surf. tension :   box 2 =       1.12905
 pressure check:   box 2 =       1193.99
 
 +++++ start of markov chain +++++
 
 Cycle   Total   Energy    Boxlength   Pressure  Molecules
   400  150400 -0.3392E+07    31.418     31283.8  865
               -0.5544E+05    80.091      1524.2  135
 Box            1
 Type  1 bn  71660.  71367.  72121.  71618.  71392.  71439.
         bs  35563.  35257.  35793.  35864.  35445.  35450.
 max.displ.     0.5192    0.5152    0.5187    0.6331    0.6307    0.6308
 Box            2
 Type  1 bn  11226.  11371.  11285.  11375.  11221.  11209.
         bs   6934.   7033.   6994.   8424.   8350.   8295.
 max.displ.    64.0000   64.0000   64.0000    3.1415    3.1415    3.1415
 volume change:  bn =   116.0   bs =    31.0   max.displ. = 0.14607E-01
 volume change:  bn =     0.0   bs =     0.0   max.displ. = 0.10000E-02
   800  150800 -0.3327E+07    31.376    -45187.6  860
               -0.3715E+05    80.098      1380.1  140
 Box            1
 Type  1 bn  71541.  71064.  71237.  71034.  71300.  71402.
         bs  35643.  35888.  35679.  35533.  35627.  35845.
 max.displ.     0.5173    0.5203    0.5196    0.6333    0.6303    0.6334
 Box            2
 Type  1 bn  11586.  11447.  11804.  11563.  11664.  11565.
         bs   7285.   7201.   7410.   8704.   8699.   8654.
 max.displ.    64.0000   64.0000   64.0000    3.1415    3.1415    3.1415
 volume change:  bn =   136.0   bs =    70.0   max.displ. = 0.18795E-01
 volume change:  bn =     0.0   bs =     0.0   max.displ. = 0.10000E-02
  1200  151200 -0.3350E+07    31.282      -559.1  853
               -0.5929E+05    80.112      1615.0  147
 Box            1
 Type  1 bn  71517.  71497.  70675.  70526.  71258.  70840.
         bs  35577.  35717.  35222.  35184.  35764.  35278.
 max.displ.     0.5147    0.5199    0.5179    0.6319    0.6327    0.6308
 Box            2
 Type  1 bn  11713.  11894.  11821.  11860.  11816.  11830.
         bs   7233.   7283.   7287.   8770.   8756.   8753.
 max.displ.    64.0000   64.0000   64.0000    3.1415    3.1415    3.1415
 volume change:  bn =   136.0   bs =    70.0   max.displ. = 0.24185E-01
 volume change:  bn =     0.0   bs =     0.0   max.displ. = 0.10000E-02
  1600  151600 -0.3385E+07    31.330     49617.0  863
               -0.4895E+05    80.105      1238.1  137
 Box            1
 Type  1 bn  71343.  71512.  71598.  71749.  70902.  71752.
         bs  36001.  35997.  35782.  35916.  35323.  36131.
 max.displ.     0.5195    0.5234    0.5177    0.6327    0.6304    0.6353
 Box            2
 Type  1 bn  11384.  11415.  11327.  11386.  11400.  11446.
         bs   7166.   7157.   7095.   8575.   8586.   8565.
 max.displ.    64.0000   64.0000   64.0000    3.1415    3.1415    3.1415
 volume change:  bn =   117.0   bs =    38.0   max.displ. = 0.19638E-01
 volume change:  bn =     0.0   bs =     0.0   max.displ. = 0.10000E-02
  2000  152000 -0.3338E+07    31.398     31802.0  862
               -0.4124E+05    80.094      1530.8  138
  2400  152400 -0.3385E+07    31.434    -43497.5  868
               -0.4224E+05    80.089      1822.0  132
 Box            1
 Type  1 bn  71360.  71579.  71704.  71410.  71447.  71448.
         bs  35583.  35701.  35866.  35930.  35853.  35356.
 max.displ.     0.5180    0.5221    0.5179    0.6366    0.6327    0.6288
 Box            2
 Type  1 bn  11384.  11425.  11431.  11356.  11249.  11406.
         bs   7131.   7202.   7222.   8569.   8541.   8625.
 max.displ.    64.0000   64.0000   64.0000    3.1415    3.1415    3.1415
 volume change:  bn =   132.0   bs =    66.0   max.displ. = 0.24547E-01
 volume change:  bn =     0.0   bs =     0.0   max.displ. = 0.10000E-02
  2800  152800 -0.3349E+07    31.810    -41642.2  874
               -0.3225E+05    80.030      1247.8  126
 Box            1
 Type  1 bn  72373.  72398.  72216.  72621.  72246.  72480.
         bs  36104.  36426.  36489.  36213.  36175.  36615.
 max.displ.     0.5169    0.5254    0.5233    0.6349    0.6336    0.6353
 Box            2
 Type  1 bn  10375.  10495.  10628.  10422.  10599.  10357.
         bs   6758.   6958.   6924.   7910.   8094.   7987.
 max.displ.    64.0000   64.0000   64.0000    3.1415    3.1415    3.1415
 volume change:  bn =   141.0   bs =    45.0   max.displ. = 0.19585E-01
 volume change:  bn =     0.0   bs =     0.0   max.displ. = 0.10000E-02
  3200  153200 -0.3387E+07    31.833    -17203.6  875
               -0.4324E+05    80.027      1578.7  125
 Box            1
 Type  1 bn  72627.  72436.  72360.  72278.  72510.  72651.
         bs  36127.  35936.  35933.  36019.  36070.  36128.
 max.displ.     0.5142    0.5213    0.5198    0.6328    0.6303    0.6318
 Box            2
 Type  1 bn  10197.  10430.  10359.  10433.  10422.  10447.
         bs   6538.   6582.   6628.   7704.   7737.   7881.
 max.displ.    64.0000   64.0000   64.0000    3.1415    3.1415    3.1415
 volume change:  bn =   137.0   bs =    58.0   max.displ. = 0.20729E-01
 volume change:  bn =     0.0   bs =     0.0   max.displ. = 0.10000E-02
  3600  153600 -0.3441E+07    31.706    -64117.1  871
               -0.4195E+05    80.047      1213.2  129
 Box            1
 Type  1 bn  72294.  72439.  72180.  72232.  72181.  72324.
         bs  35875.  35772.  35815.  35848.  36050.  35950.
 max.displ.     0.5103    0.5148    0.5158    0.6281    0.6296    0.6281
 Box            2
 Type  1 bn  10569.  10699.  10809.  10443.  10496.  10606.
         bs   6884.   6873.   6926.   8063.   7989.   8143.
 max.displ.    64.0000   64.0000   64.0000    3.1415    3.1415    3.1415
 volume change:  bn =   122.0   bs =    54.0   max.displ. = 0.22938E-01
 volume change:  bn =     0.0   bs =     0.0   max.displ. = 0.10000E-02
  4000  154000 -0.3424E+07    31.611     -2790.4  873
               -0.2700E+05    80.061      1040.3  127
 
 +++++ end of markov chain +++++
 
 ### Translations ###
 
 molecule typ =           1  in box           1
 x-dir: attempts =  574715.0   ratio = 0.498   max.displ. = 0.5103E+00
 y-dir: attempts =  574292.0   ratio = 0.499   max.displ. = 0.5148E+00
 z-dir: attempts =  574091.0   ratio = 0.499   max.displ. = 0.5158E+00
 
 molecule typ =           1  in box           2
 x-dir: attempts =   88434.0   ratio = 0.632   max.displ. = 0.6400E+02
 y-dir: attempts =   89176.0   ratio = 0.631   max.displ. = 0.6400E+02
 z-dir: attempts =   89464.0   ratio = 0.631   max.displ. = 0.6400E+02
 
 ### Rotations ###
 
 molecule typ =           1  in box           1
 x-dir: attempts =  573468.0   ratio = 0.500   max.displ. = 0.6281E+00
 y-dir: attempts =  573236.0   ratio = 0.499   max.displ. = 0.6296E+00
 z-dir: attempts =  574336.0   ratio = 0.499   max.displ. = 0.6281E+00
 
 molecule typ =           1  in box           2
 x-dir: attempts =   88838.0   ratio = 0.751   max.displ. = 0.3142E+01
 y-dir: attempts =   88867.0   ratio = 0.751   max.displ. = 0.3142E+01
 z-dir: attempts =   88866.0   ratio = 0.753   max.displ. = 0.3142E+01
 
 
 ### Volume change       ###
 attempts =  1037.0   ratio = 0.417   max.displ. = 0.2294E-01
 attempts =     0.0   ratio = 0.000   max.displ. = 0.1000E-02
 
 ### Molecule swap       ###
 
 molecule typ =           1
between box 1 and 2 into box 1   uattempts = 10550 attempts = 10550   accepted = 193
 suc.growth % = 99.071   accepted % =  1.829
between box 1 and 2 into box 2   uattempts = 10630 attempts = 10630   accepted = 187
 suc.growth % =100.000   accepted % =  1.759
number of times move in: 0  accepted = 0
number of times move out: 0  accepted = 0
 
 ### Molecule swatch     ###
 
 pair typ =           1
 moltyps =            2  and           3
between box  1 and  2   uattempts =         0.0  attempts =      0.0  accepted =     0.0
 
 ### Charge Fluctuation  ###
 
 
 ### Expanded Ensemble Move  ###
 

New Biasing Potential

molecule  1:   0.00000000      0.00000000     
 
 sumup control
 number of chains         873
 number of chains of type           1         873
 inter lj energy    484942.183802532     
 intra lj energy   0.000000000000000E+000
 Tail correction   -5655.77184288166     
 bond vibration    0.000000000000000E+000
 bond bending      0.000000000000000E+000
 torsional         0.000000000000000E+000
 external          0.000000000000000E+000
 coulombic energy  -3908589.75819539     
 fluc Q energy     0.000000000000000E+000
 well energy       0.000000000000000E+000
 total energy      -3423647.57439285     
 
 sumup control
 number of chains         127
 number of chains of type           1         127
 inter lj energy    1138.27069961128     
 intra lj energy   0.000000000000000E+000
 Tail correction  -0.616979412160706     
 bond vibration    0.000000000000000E+000
 bond bending      0.000000000000000E+000
 torsional         0.000000000000000E+000
 external          0.000000000000000E+000
 coulombic energy  -28138.1770373748     
 fluc Q energy     0.000000000000000E+000
 well energy       0.000000000000000E+000
 total energy      -26999.9063377635     
 
 vstart       =     -3397853.2350136773       -46068.9125216549
 vend         =     -3423647.5743928542       -26999.9063377635
 vbox         =     -3423647.5743930545       -26999.9063377655
 
 Averages and fluctuations                            Box 1       Box 2
 
 pressure                               [kPa] =      -57.53     1342.25
 pressure                  [simulation units] =   -0.004167    0.097219
 surface tension                       [mN/m] =     -4.3441     -0.3737
 chem. potential of type       1          [K] =   -5467.723   -5966.644
 
 boxlength                                [A] =      31.522      80.075
 boxlength                                [A] =      31.522      80.075
 boxlength                                [A] =      31.522      80.075
 no. of chains of type         1              =     865.866     134.134
 molar volume                      [cm^3/mol] =      21.783    2305.267
 specific density                    [g/cm^3] =    0.827027    0.007815
 number density of type        1 [chain/nm^3] =    27.64656     0.26123
 molfraction of type           1              =   1.0000000   1.0000000
 mean sete length of type      1        [A^2] =       0.023       0.022
 
 Total energy  [K per system and kJ/mol per chain] =   -3368327.92   -41219.14        -32.34       -2.55
 Inter LJ      [K per system and kJ/mol per chain] =     476057.80     6789.34          4.57        0.42
 Tail  LJ      [K per system and kJ/mol per chain] =      -5611.21       -0.69         -0.05        0.00
 Intra LJ      [K per system and kJ/mol per chain] =          0.00        0.00          0.00        0.00
 Stretch       [K per system and kJ/mol per chain] =          0.00        0.00          0.00        0.00
 Bond bending  [K per system and kJ/mol per chain] =          0.00        0.00          0.00        0.00
 Torsion       [K per system and kJ/mol per chain] =          0.00        0.00          0.00        0.00
 Coulomb       [K per system and kJ/mol per chain] =   -3844385.72   -48008.49        -36.92       -2.97
 External pot  [K per system and kJ/mol per chain] =          0.00        0.00          0.00        0.00
 3-body Garo   [K per system and kJ/mol per chain] =          0.00        0.00          0.00        0.00
 Fluc Q        [K per system and kJ/mol per chain] =          0.00        0.00          0.00        0.00
 
 fluctuation in <vtot>                          =    35344.20     8964.24
 
 type  box     vinter      vintra      vtor        vbend       vtail
    1    1     0.00000     0.00000     0.00000     0.00000     0.00000
    1    2     0.00000     0.00000     0.00000     0.00000     0.00000
 H_vap      [kJ/mol] btwn box      1 and   2 =        32.8614         0.3511         0.1170
 H_vap LJ  [kJ/mol] btwn box      1 and   2 =        -1.0313         0.2084         0.0695
 H_vap Coul [kJ/mol] btwn box     1 and   2 =        37.0147         0.3677         0.1226
 pdV        [kJ/mol] btwn box      1 and   2 =         3.0681         0.1854         0.0618
 CED [cal/cc]   btwn box           1 and   2 =       331.5023         3.0462         1.0154
 CED_LJ[cal/cc] btwn box           1 and   2 =        45.6232         0.7574         0.2525
 CED_Coul[cal/cc] btwn box         1 and   2 =       377.7247         3.5020         1.1673
 HSP [(cal/cc)^1/2]  btwn box      1 and   2 =        18.2059         0.0837         0.0279
 HSP_LJ[(cal/cc)^1/2] btwn box     1 and   2 =         6.7498         0.0563         0.0188
 HSP_Cou[(cal/cc)^1/2] btwn box    1 and   2 =        19.4335         0.0901         0.0300
 specific density    box   1 =  0.82703E+00 0.52986E-02 0.17662E-02
 specific density    box   2 =  0.78146E-02 0.36242E-03 0.12081E-03
 system volume       box   1 =  0.31324E+05 0.40802E+03 0.13601E+03
 system volume       box   2 =  0.51344E+06 0.40802E+03 0.13601E+03
 pressure            box   1 =  -57.527      6028.2      2009.4    
 pressure            box   2 =   1342.2      85.425      28.475    
 surface tension     box   1 =     -4.34413    25.32855     8.44285
 surface tension     box   2 =     -0.37369     0.83343     0.27781
 
 Total energy   box   1 =   -0.33683E+07   0.27000E+05   0.90001E+04
 Inter LJ       box   1 =    0.47606E+06   0.10192E+05   0.33974E+04
 Tail  LJ       box   1 =   -0.56112E+04   0.24822E+02   0.82740E+01
 Intra LJ       box   1 =    0.00000E+00   0.00000E+00   0.00000E+00
 Stretch        box   1 =    0.00000E+00   0.00000E+00   0.00000E+00
 Bond bending   box   1 =    0.00000E+00   0.00000E+00   0.00000E+00
 Torsion        box   1 =    0.00000E+00   0.00000E+00   0.00000E+00
 Coulomb        box   1 =   -0.38444E+07   0.35945E+05   0.11982E+05
 External pot   box   1 =    0.00000E+00   0.00000E+00   0.00000E+00
 3-body Garo    box   1 =    0.00000E+00   0.00000E+00   0.00000E+00
 Fluc Q         box   1 =    0.00000E+00   0.00000E+00   0.00000E+00
 Total energy   box   2 =   -0.41219E+05   0.43764E+04   0.14588E+04
 Inter LJ       box   2 =    0.67893E+04   0.10863E+04   0.36212E+03
 Tail  LJ       box   2 =   -0.68954E+00   0.63882E-01   0.21294E-01
 Intra LJ       box   2 =    0.00000E+00   0.00000E+00   0.00000E+00
 Stretch        box   2 =    0.00000E+00   0.00000E+00   0.00000E+00
 Bond bending   box   2 =    0.00000E+00   0.00000E+00   0.00000E+00
 Torsion        box   2 =    0.00000E+00   0.00000E+00   0.00000E+00
 Coulomb        box   2 =   -0.48008E+05   0.49078E+04   0.16359E+04
 External pot   box   2 =    0.00000E+00   0.00000E+00   0.00000E+00
 3-body Garo    box   2 =    0.00000E+00   0.00000E+00   0.00000E+00
 Fluc Q         box   2 =    0.00000E+00   0.00000E+00   0.00000E+00
 
 Enthalpy Inst.[kJ/mol] for box  1 =    -32.3491      0.1781      0.0594
 Enthalpy Ext. [kJ/mol] for box  1 =    -32.3415      0.1404      0.0468
 Enthalpy Inst.[kJ/mol] for box  2 =      0.5469      0.3510      0.1170
 Enthalpy Ext. [kJ/mol] for box  2 =     -2.3195      0.2287      0.0762
 
 chemical potential  itype   1 box   1 =    -5164.067     483.212     161.071
 chemical potential  itype   1 box   2 =    -5963.901      46.621      15.540
 mean sete length    itype   1 box   1 =        0.023       0.000       0.000
 mean sete length    itype   1 box   2 =        0.022       0.000       0.000
 number density      itype   1 box   1 =  0.27647E+02 0.17713E+00 0.59042E-01
 number density      itype   1 box   2 =  0.26123E+00 0.12115E-01 0.40384E-02
 mole fraction       itype   1 box   1 =    1.0000000   0.0000000   0.0000000
 mole fraction       itype   1 box   2 =    1.0000000   0.0000000   0.0000000
Ostwald Coefficient  itype   1 between box  2 and  1        105.830621          4.954695
Free Enrgy of Transf itype   1 between box  2 and  1        -17.442311          0.175167 kJ/mol
 
 
 -----block averages ------
  ------------ box:    1
 block   energy    density   pressure   surf ten  mol fracs
   1  -0.337E+07   0.824E+00   0.339E+04   0.426E+02   0.100E+01
   2  -0.337E+07   0.835E+00  -0.451E+03   0.318E+02   0.100E+01
   3  -0.333E+07   0.831E+00  -0.637E+04  -0.404E+02   0.100E+01
   4  -0.336E+07   0.831E+00   0.810E+04  -0.180E+02   0.100E+01
   5  -0.335E+07   0.828E+00  -0.207E+04  -0.221E+02   0.100E+01
   6  -0.334E+07   0.830E+00  -0.716E+04  -0.196E+02   0.100E+01
   7  -0.336E+07   0.831E+00   0.582E+04  -0.277E+02   0.100E+01
   8  -0.339E+07   0.822E+00  -0.458E+04  -0.608E+01   0.100E+01
   9  -0.341E+07   0.817E+00   0.947E+04   0.113E+02   0.100E+01
  10  -0.341E+07   0.821E+00  -0.673E+04   0.479E+01   0.100E+01
  ------------ box:    2
 block   energy    density   pressure   surf ten  mol fracs
   1  -0.443E+05   0.787E-02   0.140E+04   0.459E+00   0.100E+01
   2  -0.491E+05   0.812E-02   0.128E+04   0.753E+00   0.100E+01
   3  -0.441E+05   0.835E-02   0.125E+04  -0.258E+00   0.100E+01
   4  -0.412E+05   0.815E-02   0.151E+04   0.289E-02   0.100E+01
   5  -0.411E+05   0.794E-02   0.141E+04  -0.881E-01   0.100E+01
   6  -0.408E+05   0.806E-02   0.140E+04  -0.306E-01   0.100E+01
   7  -0.381E+05   0.762E-02   0.133E+04  -0.205E+01   0.100E+01
   8  -0.347E+05   0.720E-02   0.123E+04  -0.153E+01   0.100E+01
   9  -0.445E+05   0.735E-02   0.125E+04  -0.250E-01   0.100E+01
  10  -0.342E+05   0.747E-02   0.137E+04  -0.967E+00   0.100E+01
 Program ended at 2013-04-22 18:18:34.019
