 L_Coul_CBMC: T
 Number of unit cells in a dir =    5.00000000000000     
 Number of unit cells in b dir =    5.00000000000000     
 Number of unit cells in c dir =    6.00000000000000     
 number of cycles:        4000
 lstep: F
 lpresim: F
 iupdatefix:         100
 L_tor_table: F
 L_spline: F
 L_linear: F
 L_vib_table: F
 L_bend_table: F
 L_vdW_table: F
 L_elect_table: F
 number of boxes in the system:           2
 temperature:   450.000000000000       K
 external pressure:  0.100000000000000       0.100000000000000       MPa
 Ghost particles:            0           0
 fluctuating charge temperature:  0.000000000000000E+000  K
 Electric field in z direction:  0.000000000000000E+000  0.000000000000000E+000 
  V/A
 ianalyze:      100000
 nbin           1
 lrdf: F
 lintra: F
 lstretch: F
 lgvst: F
 lbend: F
 lete: F
 lrhoz: F
 bin_width:  2.000000000000000E-002
 iprint:         400
 imv:         400
 iratio:         500
 iblock:         400
 idiele:       10000
 L_movie_xyz F
 box:           1
    boxlx:   34.0000000000000       A
    boxly:   34.0000000000000       A
    boxlz:   34.0000000000000       A
    lsolid: F
    lrect: F
 neighbor list cutoff (rcutnn):  0.000000000000000E+000 A
    rcut:   14.0000000000000      A
 box:           2
    boxlx:   96.0000000000000       A
    boxly:   96.0000000000000       A
    boxlz:   96.0000000000000       A
    lsolid: F
    lrect: F
 neighbor list cutoff (rcutnn):  0.000000000000000E+000 A
    rcut:   32.0000000000000      A
 number of chains:        1000
 number of molecule types:           1
 number of chains of molecule type           1 :        1000
 Lorentz-Berthelot combining rules apply
    lmixlb: T  lmixjo: F
 number of special combining parameters:           0
 minimum cutoff (rmin):   1.00000000000000       A
 softcut:   100.000000000000     
 CBMC inner cutoff (rcutin):   5.00000000000000       A
 AVBMC outer cutoff (rbsmax):   3.50000000000000       A
 AVBMC inner cutoff (rbsmin):   2.50000000000000       A
 molecule type:           1
    number of units:           4
    number of units for CBMC growth:           4
    number of carbons for EH alkane:           4
    maximum number of units for CBMC:           4
    iurot:           0
    lelect: T
    lflucq: F
    lqtrans: F
    lexpand: F
    lavbmc1: F
    lavbmc2: F
    lavbmc3: F
    fqegp:  0.000000000000000E+000
    lsetup: F
    lq14scale: F
    qscale:  0.000000000000000E+000
    energy offset for box           1 :  0.000000000000000E+000  K
    energy offset for box           2 :  0.000000000000000E+000  K
    bead            1  beadtype          114  charge leader            1
       bead           1  bonded to bead           2
          bond type: 18 bond length:    0.957 k/2:      0.0
       bead           1  bonded to bead           3
          bond type: 18 bond length:    0.957 k/2:      0.0
           0
    bead            2  beadtype          115  charge leader            2
       bead           2  bonded to bead           1
          bond type: 18 bond length:    0.957 k/2:      0.0
           0
    bead            3  beadtype          115  charge leader            2
       bead           3  bonded to bead           1
          bond type: 18 bond length:    0.957 k/2:      0.0
           0
    bead            4  beadtype          116  charge leader            2
           0
 licell: F
 rintramax:  0.000000000000000E+000  A
 boxlink:           1
 initial maximum displacements for atoms:  0.0100  0.0100  0.0100
 initial maximum x, y and z displacement:  0.3000  0.3000  0.3000
 initial maximum x, y and z rotation:      0.4000  0.4000  0.4000
 target translational acceptance ratio:  0.500000000000000     
 target rotational acceptance ratio:  0.500000000000000     
 linit: F
 lnewtab: F
 lreadq: F
 lbranch for molecule type           1 : T
 box:           1
    initial number of chains of type           1 :         950
    initial number of chains in x, y and z directions:   10   10   10
    initial rotational displacement:           0
    inimix:           0
    zshift:  0.000000000000000E+000
    dshift:   2.00000000000000     
    nchoiq:           1
 box:           2
    initial number of chains of type           1 :          50
    initial number of chains in x, y and z directions:    4    4    4
    initial rotational displacement:           0
    inimix:           0
    zshift:  0.000000000000000E+000
    dshift:   2.00000000000000     
    nchoiq:           1
 initial maximum volume displacement (rmvol) in box           1 :
  1.000000000000000E-003
 initial maximum volume displacement (rmvol) in box           2 :
  1.000000000000000E-003
 target volume acceptance ratio (tavol):  0.400000000000000     
 iratv:         500
 iratp:           5
 initial maximum fluct. charge displ. for chain type           1  box
           1 :  0.100000000000000     
 initial maximum fluct. charge displ. for chain type           1  box
           2 :  0.100000000000000     
 target fluctuating charge acceptance ratio (taflcq):  0.950000000000000     
 pmvol:  2.500000000000000E-004
    pmvlmt for box           1 :   1.00000000000000     
    pmvlmt for box           2 :   1.00000000000000     
 nvolb:           1
    pmvolb:   1.00000000000000     
    box pair for volume move number           1 :           1           2
 pmswat:  0.000000000000000E+000
    number of swatch pairs (nswaty):           1
    swatch molecule type pairs:           2           3
    probability of each swatch pair:   1.00000000000000     
    nsampos:           1
    ncut:           1           1
    splist:           1           1
    box pair:           1           2
 pmswap:  5.600000000000000E-003
       swap probability for molecule type         1 (pmswmt):  1.0000
    number of swap moves for molecule type           1 :           1
       pmswapb:   1.00000000000000     
       box pair:           1           2
 pmcb:  0.000000000000000E+000
       CBMC probability for molecule type         1 (pmcbmt):  1.0000
    pmall for molecule type           1 :  0.000000000000000E+000
            probability for SAFE-CBMC for molec   1  (pmfix):  0.0000
 pmflcq:  0.000000000000000E+000
       flcq probability for molecule type         1 (pmfqmt):  1.0000
 pmexpc:  0.000000000000000E+000
         expanded ens. prob. for molecule type    1 (pmeemt):  1.0000
 pmtra:  0.502800000000000     
      translation probability for molecule   ty   1 (pmtrmt):  1.0000
 pmrot:   1.00000000000000     
       rotational probability for molecule    t   1 (pmromt):  1.0000
 
 percentage move probabilities:
 volume move       :    0.03 %
 swatch move       :    0.00 %
 swap move         :    0.53 %
 CBMC move         :    0.00 %
 fluct charge move :    0.00 %
 expanded ens move :    0.00 %
 translation move  :   49.72 %
 rotation move     :   49.72 %
 
 
 Fraction of atom translations move  0.000000000000000E+000
 molecule type :           1   
      nchoi1   :          15  
      nchoi    :           8  
      nchoir   :          10  
      nchoih   :           1  
      nchtor   :         100
 nchbna and nchbnb for molecule type           1 :        1000        1000
 icbdir for molecule type           1 :           0
 icbsta for molecule type           1 :           0
 nexclu:           0
 inclnum:           0
 ainclnum:           0
 
 INCLUSION TABLE
           1 F F F F
           2 F F F F
           3 F F F F
           4 F F F F
 
 
 CHARGE INCLUSION TABLE
           1 F F F F
           2 F F F F
           3 F F F F
           4 F F F F
 
 1-4 LJ SCALING FACTORS
           1   1.00000000000000        1.00000000000000     
   1.00000000000000        1.00000000000000     
           2   1.00000000000000        1.00000000000000     
   1.00000000000000        1.00000000000000     
           3   1.00000000000000        1.00000000000000     
   1.00000000000000        1.00000000000000     
           4   1.00000000000000        1.00000000000000     
   1.00000000000000        1.00000000000000     
 
 1-4 CHARGE SCALING FACTORS
           1   1.00000000000000        1.00000000000000     
   1.00000000000000        1.00000000000000     
           2   1.00000000000000        1.00000000000000     
   1.00000000000000        1.00000000000000     
           3   1.00000000000000        1.00000000000000     
   1.00000000000000        1.00000000000000     
           4   1.00000000000000        1.00000000000000     
   1.00000000000000        1.00000000000000     
 lucall: F
    ucheck for molecule type           1 :           0
 nvirial:           0
 starvir:  0.000000000000000E+000
 stepvir:  0.000000000000000E+000
 lideal:  F F
 ltwice:  F F
 lrplc:  F
 
 ***** program   =  THE MAGIC BLACK BOX
 NVT Gibbs ensemble
 using periodic boundaries
 in x-direction
 in y-direction
 in z-direction
           3 -dimensional periodic box
 particle coordinates are folded into central box
 additional (COM) cutoff on computed rcmu
 Dual Cutoff Configurational-bias Monte Carlo
 CBMC simultaneously grows all beads conected to the same bead
 with bond angles generated from Gaussian distribution
 Program will call Explct.f if needed
 Lennard-Jones potential for bead-bead
 with additional tail corrections
 Coulombic inter- and intramolecular interactions
 Ewald-sum will be used to calculate Coulombic interactions
 
 MOLECULAR MASS:   18.0148000000000     
 new maximum displacements read from restart-file
 box      #           1
 molecule type           1
 max trans. displacement:          0.523075  0.521417  0.522615
 max rot. displacement:            0.632093  0.635149  0.635606
 box      #           2
 molecule type           1
 max trans. displacement:         64.000000 64.000000 64.000000
 max rot. displacement:            3.141500  3.141500  3.141500
 maximum fluc q displacements: Box #           1
  0.100000000000000     
 maximum fluc q displacements: Box #           2
  0.100000000000000     
 max volume displacement:          0.2186E-01  0.1000E-02
 
 
 
 new box size read from restart-file
 
 
 
 dimension box 1  :  a:      31.393971   b:      31.393971   c   :     31.393971
 
 
 dimension box 2  :  a:      80.095027   b:      80.095027   c   :     80.095027
 
 Finished writing simulation box related info
 
 ****Ewald Parameters*****
 ibox   calp(ibox)  kmaxl(ibox)   kmaxm(ibox)   kmaxn(ibox)   rcut(ibox)
   1         0.228571           8           8           8                 14.0000
   2         0.100000           9           9           9                 32.0000
 
 molecule type           1
    i   j   type_i type_j   bond length        k/2
    1   2    114    115       0.9572           0.0
    1   3    114    115       0.9572           0.0
    2   1    115    114       0.9572           0.0
    3   1    115    114       0.9572           0.0
 
    i   j   k   type_i type_j type_k     angle      k/2
 
    i   j   k   l    type_i type_j type_k type_l     torsion type
 
      i   j    sig2ij     epsij         q0(i)          q0(j)
    114 114   3.15400  78.00000       0.000000       0.000000
    114 115   0.00000   0.00000       0.000000       0.520000
    114 116   0.00000   0.00000       0.000000      -1.040000
    115 114   0.00000   0.00000       0.520000       0.000000
    115 115   0.00000   0.00000       0.520000       0.520000
    115 116   0.00000   0.00000       0.520000      -1.040000
    116 114   0.00000   0.00000      -1.040000       0.000000
    116 115   0.00000   0.00000      -1.040000       0.520000
    116 116   0.00000   0.00000      -1.040000      -1.040000
 
 number of mc cycles:                    4000
 number of chains:                       1000
 
 temperature:                       450.000000000000     
 
 ex-pressure:                      7.242900000000000E-003
  7.242900000000000E-003
 
 
 sumup control
 number of chains         867
 number of chains of type           1         867
 inter lj energy    453757.117240683     
 intra lj energy   0.000000000000000E+000
 Tail correction   -5694.81670937465     
 bond vibration    0.000000000000000E+000
 bond bending      0.000000000000000E+000
 torsional         0.000000000000000E+000
 external          0.000000000000000E+000
 coulombic energy  -3849283.34217672     
 fluc Q energy     0.000000000000000E+000
 well energy       0.000000000000000E+000
 total energy      -3395526.22493604     
 
 box             1  initial v   =   -3395526.22493604     
 surf. tension :   box 1 =     -32.76560
 pressure check:   box 1 =     -22276.67
 
 sumup control
 number of chains         133
 number of chains of type           1         133
 inter lj energy    6966.23339409258     
 intra lj energy   0.000000000000000E+000
 Tail correction  -0.675802664689419     
 bond vibration    0.000000000000000E+000
 bond bending      0.000000000000000E+000
 torsional         0.000000000000000E+000
 external          0.000000000000000E+000
 coulombic energy  -53003.1039105268     
 fluc Q energy     0.000000000000000E+000
 well energy       0.000000000000000E+000
 total energy      -46036.8705164342     
 
 box             2  initial v   =   -46036.8705164342     
 surf. tension :   box 2 =       1.12800
 pressure check:   box 2 =       1195.04
 
 +++++ start of markov chain +++++
 
 Cycle   Total   Energy    Boxlength   Pressure  Molecules
   400  150400 -0.3376E+07    31.628         0.0 867
               -0.5390E+05    80.059         0.0 133
 Box            1
 Type 1 bn  72104.  72105.  71889.  72103.  71521.  72384.
 max.displ.   0.5216  0.5205  0.5164  0.6314  0.6362  0.6276
 Box            2
 Type 1 bn  10827.  10810.  10755.  10862.  10844.  10988.
 max.displ.  64.0000 64.0000 64.0000  3.1415  3.1415  3.1415
 volume change:  bn =   134.0   bs =    42.0   max.displ. = 0.17131E-01
 volume change:  bn =     0.0   bs =     0.0   max.displ. = 0.10000E-02
   800  150800 -0.3370E+07    31.583         0.0 870
               -0.4292E+05    80.066         0.0 130
 Box            1
 Type 1 bn  71847.  72406.  71894.  72040.  72139.  71875.
 max.displ.   0.5171  0.5193  0.5145  0.6292  0.6359  0.6285
 Box            2
 Type 1 bn  10847.  10725.  10794.  10956.  10777.  10895.
 max.displ.  64.0000 64.0000 64.0000  3.1415  3.1415  3.1415
 volume change:  bn =   119.0   bs =    65.0   max.displ. = 0.23394E-01
 volume change:  bn =     0.0   bs =     0.0   max.displ. = 0.10000E-02
  1200  151200 -0.3334E+07    31.633         0.0 864
               -0.4472E+05    80.058         0.0 136
 Box            1
 Type 1 bn  72109.  72257.  71709.  71618.  72010.  71742.
 max.displ.   0.5209  0.5181  0.5153  0.6334  0.6350  0.6296
 Box            2
 Type 1 bn  10752.  10894.  11046.  10996.  11040.  10933.
 max.displ.  64.0000 64.0000 64.0000  3.1415  3.1415  3.1415
 volume change:  bn =   134.0   bs =    50.0   max.displ. = 0.21822E-01
 volume change:  bn =     0.0   bs =     0.0   max.displ. = 0.10000E-02
  1600  151600 -0.3433E+07    31.269         0.0 869
               -0.3803E+05    80.114         0.0 131
 Box            1
 Type 1 bn  71920.  71522.  71596.  72135.  71808.  72559.
 max.displ.   0.5149  0.5149  0.5185  0.6349  0.6353  0.6364
 Box            2
 Type 1 bn  11026.  10906.  10933.  10977.  10990.  10952.
 max.displ.  64.0000 64.0000 64.0000  3.1415  3.1415  3.1415
 volume change:  bn =   120.0   bs =    43.0   max.displ. = 0.19549E-01
 volume change:  bn =     0.0   bs =     0.0   max.displ. = 0.10000E-02
  2000  152000 -0.3387E+07    31.441         0.0 870
               -0.2911E+05    80.088         0.0 130
  2400  152400 -0.3466E+07    31.439         0.0 877
               -0.2068E+05    80.088         0.0 123
 Box            1
 Type 1 bn  72417.  73616.  72363.  72331.  72247.  72507.
 max.displ.   0.5136  0.5148  0.5098  0.6292  0.6252  0.6298
 Box            2
 Type 1 bn  10247.  10458.  10182.  10255.  10228.  10333.
 max.displ.  64.0000 64.0000 64.0000  3.1415  3.1415  3.1415
 volume change:  bn =   125.0   bs =    53.0   max.displ. = 0.20722E-01
 volume change:  bn =     0.0   bs =     0.0   max.displ. = 0.10000E-02
  2800  152800 -0.3434E+07    31.294         0.0 879
               -0.4702E+05    80.110         0.0 121
 Box            1
 Type 1 bn  72461.  72323.  72581.  72457.  73013.  72833.
 max.displ.   0.5123  0.5222  0.5127  0.6360  0.6287  0.6353
 Box            2
 Type 1 bn  10195.  10143.  10249.  10268.  10224.  10428.
 max.displ.  64.0000 64.0000 64.0000  3.1415  3.1415  3.1415
 volume change:  bn =   128.0   bs =    50.0   max.displ. = 0.20237E-01
 volume change:  bn =     0.0   bs =     0.0   max.displ. = 0.10000E-02
  3200  153200 -0.3400E+07    31.258         0.0 870
               -0.3805E+05    80.116         0.0 130
 Box            1
 Type 1 bn  72133.  72613.  72749.  72350.  72377.  72320.
 max.displ.   0.5165  0.5223  0.5150  0.6373  0.6313  0.6360
 Box            2
 Type 1 bn  10363.  10661.  10395.  10348.  10489.  10448.
 max.displ.  64.0000 64.0000 64.0000  3.1415  3.1415  3.1415
 volume change:  bn =   130.0   bs =    60.0   max.displ. = 0.23350E-01
 volume change:  bn =     0.0   bs =     0.0   max.displ. = 0.10000E-02
  3600  153600 -0.3425E+07    31.348         0.0 878
               -0.4863E+05    80.102         0.0 122
 Box            1
 Type 1 bn  72631.  72482.  72320.  72914.  72012.  71972.
 max.displ.   0.5139  0.5183  0.5171  0.6363  0.6312  0.6336
 Box            2
 Type 1 bn  10533.  10387.  10583.  10451.  10496.  10426.
 max.displ.  64.0000 64.0000 64.0000  3.1415  3.1415  3.1415
 volume change:  bn =   134.0   bs =    55.0   max.displ. = 0.23960E-01
 volume change:  bn =     0.0   bs =     0.0   max.displ. = 0.10000E-02
  4000  154000 -0.3425E+07    31.239         0.0 871
               -0.5358E+05    80.119         0.0 129
 
 +++++ end of markov chain +++++
 
 ### Translations ###
 
 molecule typ =           1  in box           1
 x-dir: attempts =  577622.0   ratio = 0.499   max.displ. =0.5139E+00
 y-dir: attempts =  579324.0   ratio = 0.500   max.displ. =0.5183E+00
 z-dir: attempts =  577101.0   ratio = 0.499   max.displ. =0.5171E+00
 
 molecule typ =           1  in box           2
 x-dir: attempts =   84790.0   ratio = 0.635   max.displ. =0.6400E+02
 y-dir: attempts =   84984.0   ratio = 0.632   max.displ. =0.6400E+02
 z-dir: attempts =   84937.0   ratio = 0.631   max.displ. =0.6400E+02
 
 ### Rotations ###
 
 molecule typ =           1  in box           1
 x-dir: attempts =  577948.0   ratio = 0.500   max.displ. =0.6363E+00
 y-dir: attempts =  577127.0   ratio = 0.500   max.displ. =0.6312E+00
 z-dir: attempts =  578192.0   ratio = 0.500   max.displ. =0.6336E+00
 
 molecule typ =           1  in box           2
 x-dir: attempts =   85113.0   ratio = 0.750   max.displ. =0.3142E+01
 y-dir: attempts =   85088.0   ratio = 0.749   max.displ. =0.3142E+01
 z-dir: attempts =   85403.0   ratio = 0.752   max.displ. =0.3142E+01
 
 
 ### Volume change       ###
 attempts =  1024.0   ratio = 0.408   max.displ. =0.2396E-01
 attempts =     0.0   ratio = 0.000   max.displ. =0.1000E-02
 
 ### Molecule swap       ###
 
 molecule typ =           1
between box  1 and  2 into box 1   uattempts =     10646.0 attempts =  10646.0   accepted =   176.0
 suc.growth % = 98.957   accepted % =  1.653
between box  1 and  2 into box 2   uattempts =     10701.0 attempts =  10701.0   accepted =   172.0
 suc.growth % =100.000   accepted % =  1.607
number of times move in:          0.0  accepted=     0.0
number of times move out:          0.0  accepted=     0.0
 
 ### Molecule swatch     ###
 
 pair typ =           1
 moltyps =            2  and           3
between box  1 and  2   uattempts =         0.0  attempts =      0.0  accepted =     0.0
 
 ### Charge Fluctuation  ###
 
 
 ### Expanded Ensemble Move  ###
 
 
 sumup control
 number of chains         871
 number of chains of type           1         871
 inter lj energy    499654.344779354     
 intra lj energy   0.000000000000000E+000
 Tail correction   -5833.71562440014     
 bond vibration    0.000000000000000E+000
 bond bending      0.000000000000000E+000
 torsional         0.000000000000000E+000
 external          0.000000000000000E+000
 coulombic energy  -3925040.16155037     
 fluc Q energy     0.000000000000000E+000
 well energy       0.000000000000000E+000
 total energy      -3425385.81677102     
 
 sumup control
 number of chains         129
 number of chains of type           1         129
 inter lj energy    11902.1950861572     
 intra lj energy   0.000000000000000E+000
 Tail correction  -0.635198767101778     
 bond vibration    0.000000000000000E+000
 bond bending      0.000000000000000E+000
 torsional         0.000000000000000E+000
 external          0.000000000000000E+000
 coulombic energy  -65485.5446151313     
 fluc Q energy     0.000000000000000E+000
 well energy       0.000000000000000E+000
 total energy      -53583.3495289741     
 
 vstart       =     -3395526.2249360369       -46036.8705164342
 vend         =     -3425385.8167710155       -53583.3495289741
 vbox         =     -3425385.8167706472       -53583.3495289754
 
 Averages and fluctuations                            Box 1       Box 2
 
 pressure                               [kPa] =     1870.43     1266.33
 pressure                  [simulation units] =    0.135474    0.091719
 surface tension                       [mN/m] =     12.5926     -0.0135
 chem. potential of type       1          [K] =   -5186.416   -6004.963
 
 boxlength                                [A] =      31.413      80.092
 boxlength                                [A] =      31.413      80.092
 boxlength                                [A] =      31.413      80.092
 no. of chains of type         1              =     871.551     128.449
 molar volume                      [cm^3/mol] =      21.416    2408.691
 specific density                    [g/cm^3] =    0.841183    0.007479
 number density of type        1 [chain/nm^3] =    28.11934     0.25001
 molfraction of type           1              =   1.0000000   1.0000000
 mean sete length of type      1        [A^2] =       0.023       0.023
 
 Total energy  [K per system and kJ/mol per chain] =   -3399183.76   -42397.39        -32.43       -2.74
 Inter LJ      [K per system and kJ/mol per chain] =     472096.33     7121.72          4.50        0.46
 Bond bending  [K per system and kJ/mol per chain] =          0.00        0.00          0.00        0.00
 Torsion       [K per system and kJ/mol per chain] =          0.00        0.00          0.00        0.00
 Intra LJ      [K per system and kJ/mol per chain] =          0.00        0.00          0.00        0.00
 External pot  [K per system and kJ/mol per chain] =          0.00        0.00          0.00        0.00
 Stretch       [K per system and kJ/mol per chain] =          0.00        0.00          0.00        0.00
 Coulomb       [K per system and kJ/mol per chain] =   -3871280.09   -49519.11        -36.93       -3.20
 Tail  LJ      [K per system and kJ/mol per chain] =      -5744.96       -0.63         -0.05        0.00
 Fluc Q        [K per system and kJ/mol per chain] =          0.00        0.00          0.00        0.00
 
 fluctuation in <vtot>                          =    39546.64     9882.90
 
 type  box     vinter      vintra      vtor        vbend       vtail
    1    1     0.00000     0.00000     0.00000     0.00000     0.00000
    1    2     0.00000     0.00000     0.00000     0.00000     0.00000
 H_vap      [kJ/mol] btwn box      1 and   2 =        32.7101         0.5341         0.1780
 H_vap LJ  [kJ/mol] btwn box      1 and   2 =        -0.9578         0.3275         0.1092
 H_vap Coul [kJ/mol] btwn box     1 and   2 =        36.7502         0.5932         0.1977
 pdV        [kJ/mol] btwn box      1 and   2 =         3.0276         0.2185         0.0728
 CED [cal/cc]   btwn box           1 and   2 =       335.6902         6.5287         2.1762
 CED_LJ[cal/cc] btwn box           1 and   2 =        45.0748         1.6624         0.5541
 CED_Coul[cal/cc] btwn box         1 and   2 =       381.3844         7.4851         2.4950
 HSP [(cal/cc)^1/2]  btwn box      1 and   2 =        18.3193         0.1782         0.0594
 HSP_LJ[(cal/cc)^1/2] btwn box     1 and   2 =         6.7076         0.1249         0.0416
 HSP_Cou[(cal/cc)^1/2] btwn box    1 and   2 =        19.5260         0.1915         0.0638
 specific density    box   1 =  0.84118E+00 0.77815E-02 0.25938E-02
 specific density    box   2 =  0.74791E-02 0.19757E-03 0.65857E-04
 system volume       box   1 =  0.31000E+05 0.26465E+03 0.88215E+02
 system volume       box   2 =  0.51377E+06 0.26465E+03 0.88215E+02
 pressure            box   1 =      1870.43     6759.73     2253.24
 pressure            box   2 =      1266.33       71.22       23.74
 surface tension     box   1 =     12.59259    21.04351     7.01450
 surface tension     box   2 =     -0.01352     0.60179     0.20060
 
 Total energy   box   1 =   -0.33992E+07   0.23434E+05   0.78113E+04
 Inter LJ       box   1 =    0.47210E+06   0.89674E+04   0.29891E+04
 Bond bending   box   1 =    0.00000E+00   0.00000E+00   0.00000E+00
 Torsion        box   1 =    0.00000E+00   0.00000E+00   0.00000E+00
 Intra LJ       box   1 =    0.00000E+00   0.00000E+00   0.00000E+00
 External pot   box   1 =    0.00000E+00   0.00000E+00   0.00000E+00
 Stretch        box   1 =    0.00000E+00   0.00000E+00   0.00000E+00
 Coulomb        box   1 =   -0.38713E+07   0.28580E+05   0.95266E+04
 Tail  LJ       box   1 =   -0.57450E+04   0.65400E+02   0.21800E+02
 Fluc Q         box   1 =    0.00000E+00   0.00000E+00   0.00000E+00
 Total energy   box   2 =   -0.42397E+05   0.63568E+04   0.21189E+04
 Inter LJ       box   2 =    0.71217E+04   0.16238E+04   0.54127E+03
 Bond bending   box   2 =    0.00000E+00   0.00000E+00   0.00000E+00
 Torsion        box   2 =    0.00000E+00   0.00000E+00   0.00000E+00
 Intra LJ       box   2 =    0.00000E+00   0.00000E+00   0.00000E+00
 External pot   box   2 =    0.00000E+00   0.00000E+00   0.00000E+00
 Stretch        box   2 =    0.00000E+00   0.00000E+00   0.00000E+00
 Coulomb        box   2 =   -0.49519E+05   0.76073E+04   0.25358E+04
 Tail  LJ       box   2 =   -0.63105E+00   0.33132E-01   0.11044E-01
 Fluc Q         box   2 =    0.00000E+00   0.00000E+00   0.00000E+00
 
 Enthalpy Inst.[kJ/mol] for box  1 =    -31.7579      2.3438      0.7813
 Enthalpy Ext. [kJ/mol] for box  1 =    -32.3925      0.1490      0.0497
 Enthalpy Inst.[kJ/mol] for box  2 =      0.3092      0.4890      0.1630
 Enthalpy Ext. [kJ/mol] for box  2 =     -2.5044      0.3849      0.1283
 
 chemical potential  itype   1 box   1 =    -6222.579     485.234     161.745
 chemical potential  itype   1 box   2 =    -7041.126      61.561      20.520
 mean sete length    itype   1 box   1 =        0.023       0.000       0.000
 mean sete length    itype   1 box   2 =        0.023       0.000       0.000
 number density      itype   1 box   1 =  0.28119E+02 0.26012E+00 0.86707E-01
 number density      itype   1 box   2 =  0.25001E+00 0.66044E-02 0.22015E-02
 mole fraction       itype   1 box   1 =    1.0000000   0.0000000   0.0000000
 mole fraction       itype   1 box   2 =    1.0000000   0.0000000   0.0000000
Ostwald Coefficient  itype   1 between box  2 and  1        112.471454          3.147987
Free Enrgy of Transf itype   1 between box  2 and  1        -17.669036          0.104716 kJ/mol
 
 
 -----block averages ------
  ------------ box:    1
 block   energy    density   pressure   surf ten  mol fracs
   1  -.338E+07  0.833E+00  0.647E+04  0.430E+02  0.100E+01
   2  -.339E+07  0.825E+00  0.111E+05  0.724E+01  0.100E+01
   3  -.338E+07  0.839E+00  -.265E+04  0.212E+02  0.100E+01
   4  -.338E+07  0.839E+00  0.460E+04  -.211E+02  0.100E+01
   5  -.338E+07  0.848E+00  -.149E+04  -.212E+02  0.100E+01
   6  -.346E+07  0.855E+00  0.616E+04  0.161E+02  0.100E+01
   7  -.342E+07  0.843E+00  0.160E+04  0.350E+02  0.100E+01
   8  -.340E+07  0.842E+00  0.282E+03  -.446E+01  0.100E+01
   9  -.340E+07  0.840E+00  -.144E+05  0.247E+02  0.100E+01
  10  -.340E+07  0.848E+00  0.700E+04  0.256E+02  0.100E+01
  ------------ box:    2
 block   energy    density   pressure   surf ten  mol fracs
   1  -.505E+05  0.763E-02  0.121E+04  0.505E-01  0.100E+01
   2  -.402E+05  0.763E-02  0.121E+04  -.836E-01  0.100E+01
   3  -.467E+05  0.764E-02  0.126E+04  0.467E+00  0.100E+01
   4  -.424E+05  0.768E-02  0.125E+04  0.263E+00  0.100E+01
   5  -.387E+05  0.772E-02  0.126E+04  -.170E-01  0.100E+01
   6  -.376E+05  0.727E-02  0.126E+04  0.730E+00  0.100E+01
   7  -.313E+05  0.716E-02  0.136E+04  -.123E+00  0.100E+01
   8  -.409E+05  0.728E-02  0.115E+04  -.858E+00  0.100E+01
   9  -.409E+05  0.729E-02  0.142E+04  -.125E+01  0.100E+01
  10  -.547E+05  0.748E-02  0.129E+04  0.689E+00  0.100E+01
