 Program started at 2013-04-01 02:38:57.763
 Number of processors:            1
           0  threads per processor
 Random number seed:            0
 L_Coul_CBMC: T
 Number of unit cells in a dir =    5.00000000000000     
 Number of unit cells in b dir =    5.00000000000000     
 Number of unit cells in c dir =    6.00000000000000     
 number of cycles:        6000
 lstep: F
 lpresim: F
 iupdatefix:         100
 L_tor_table: F
 L_spline: F
 L_linear: F
 L_vib_table: F
 L_bend_table: F
 L_vdW_table: F
 L_elect_table: T
 number of boxes in the system:           1
 temperature:   300.000000000000       K
 external pressure:  0.100000000000000       MPa
 Ghost particles:            0
 fluctuating charge temperature:   5.00000000000000       K
 Electric field in z direction:  0.000000000000000E+000  V/A
 ianalyze:    50000000
 nbin         250
 lrdf: T
 lintra: F
 lstretch: F
 lgvst: F
 lbend: F
 lete: F
 lrhoz: F
 bin_width:  0.200000000000000     
 iprint:         600
 imv:         600
 iratio:         500
 iblock:         600
 idiele:           1
 L_movie_xyz F
 box:           1
    boxlx:   32.0000000000000       A
    boxly:   32.0000000000000       A
    boxlz:   32.0000000000000       A
    lsolid: F
    lrect: F
 neighbor list cutoff (rcutnn):  0.000000000000000E+000 A
    rcut:   10.0000000000000      A
    kalp:  0.350000000000000     
 lopt_bias:  F
 freq_opt_bias:          500
 number of chains:        1000
 number of molecule types:           1
 number of chains of molecule type           1 :        1000
 Lorentz-Berthelot combining rules apply
    lmixlb: T  lmixjo: F
 number of special combining parameters:           0
 minimum cutoff (rmin):   1.20000000000000       A
 softcut:   100.000000000000     
 CBMC inner cutoff (rcutin):   5.00000000000000       A
 AVBMC outer cutoff (rbsmax):   3.50000000000000       A
 AVBMC inner cutoff (rbsmin):   2.50000000000000       A
 using linear interpolation for electrostatic interactions
 molecule type:           1
    number of units:           3
    number of units for CBMC growth:           3
    number of carbons for EH alkane:           3
    maximum number of units for CBMC:           3
    iurot:           0
    lelect: T
    lflucq: F
    lqtrans: F
    lexpand: F
    lavbmc1: F
    lavbmc2: F
    lavbmc3: F
    fqegp:  0.000000000000000E+000
    lsetup: F
    lq14scale: F
    qscale:  0.500000000000000     
    energy offset for box           1 :  0.000000000000000E+000  K
    bead            1  beadtype          107 O    charge leader            1
       bead           1  bonded to bead           2
          bond type: 25 bond length:    1.000 k/2:      0.0
       bead           1  bonded to bead           3
          bond type: 25 bond length:    1.000 k/2:      0.0
    bead            2  beadtype          108 H    charge leader            2
       bead           2  bonded to bead           1
          bond type: 25 bond length:    1.000 k/2:      0.0
    bead            3  beadtype          108 H    charge leader            3
       bead           3  bonded to bead           1
          bond type: 25 bond length:    1.000 k/2:      0.0
 licell: F
 rintramax:  0.000000000000000E+000  A
 boxlink:           4
 initial maximum displacements for atoms:  0.0100  0.0100  0.0100
 initial maximum x, y and z displacement:  0.3000  0.3000  0.3000
 initial maximum x, y and z rotation:      0.4000  0.4000  0.4000
 target translational acceptance ratio:  0.500000000000000     
 target rotational acceptance ratio:  0.500000000000000     
 linit: F
 lreadq: F
 lbranch for molecule type           1 : T
 box:           1
    initial number of chains of type           1 :        1000
    initial number of chains in x, y and z directions:   10   10   10
    initial rotational displacement:           0
    inimix:           1
    zshift:  0.000000000000000E+000
    dshift:   1.60000000000000     
    nchoiq:           1
 initial maximum volume displacement (rmvol) in box           1 :
   1000.00000000000     
 target volume acceptance ratio (tavol):  0.400000000000000     
 iratv:         500
 iratp:           5
 initial maximum fluct. charge displ. for chain type           1  box
           1 :  0.100000000000000     
 target fluctuating charge acceptance ratio (taflcq):  0.950000000000000     
 pmvol:  2.600000000000000E-004
    pmvlmt for box           1 :   1.00000000000000     
 nvolb:           1
    pmvolb:   1.00000000000000     
    box pair for volume move number           1 :           1           2
 pmswat:  0.000000000000000E+000
    number of swatch pairs (nswaty):           1
    swatch molecule type pairs:           2           3
    probability of each swatch pair:   1.00000000000000     
    nsampos:           1
    ncut:           1           1
    splist:           1           1
    box pair:           1           2
 pmswap:  0.000000000000000E+000
       swap probability for molecule type         1 (pmswmt):  1.0000
    number of swap moves for molecule type           1 :           1
       pmswapb:   1.00000000000000     
       box pair:           1           2
 pmcb:  0.000000000000000E+000
       CBMC probability for molecule type         1 (pmcbmt):  1.0000
    pmall for molecule type           1 :  0.000000000000000E+000
            probability for SAFE-CBMC for molec   1  (pmfix):  0.0000
 pmflcq:  0.000000000000000E+000
       flcq probability for molecule type         1 (pmfqmt):  1.0000
 pmexpc:  0.000000000000000E+000
         expanded ens. prob. for molecule type    1 (pmeemt):  1.0000
 pmtra:  0.500130000000000     
      translation probability for molecule   ty   1 (pmtrmt):  1.0000
 pmrot:   1.00000000000000     
       rotational probability for molecule    t   1 (pmromt):  1.0000
 
 percentage move probabilities:
 volume move       :    0.03 %
 swatch move       :    0.00 %
 swap move         :    0.00 %
 CBMC move         :    0.00 %
 fluct charge move :    0.00 %
 expanded ens move :    0.00 %
 translation move  :   49.99 %
 rotation move     :   49.99 %
 
 Fraction of atom translations move  0.000000000000000E+000
 
 molecule type :           1   
      nchoi1   :          10  
      nchoi    :           8  
      nchoir   :          10  
      nchoih   :           1  
      nchtor   :         100
 nchbna and nchbnb for molecule type           1 :        1000        1000
 icbdir for molecule type           1 :           0
 icbsta for molecule type           1 :           0
 nexclu:           0
 inclnum:           0
 ainclnum:           0
 
 INCLUSION TABLE
           1 F F F
           2 F F F
           3 F F F
 
 
 CHARGE INCLUSION TABLE
           1 F F F
           2 F F F
           3 F F F
 
 1-4 LJ SCALING FACTORS
           1   1.00000000000000        1.00000000000000     
   1.00000000000000     
           2   1.00000000000000        1.00000000000000     
   1.00000000000000     
           3   1.00000000000000        1.00000000000000     
   1.00000000000000     
 
 1-4 CHARGE SCALING FACTORS
           1   1.00000000000000        1.00000000000000     
   1.00000000000000     
           2   1.00000000000000        1.00000000000000     
   1.00000000000000     
           3   1.00000000000000        1.00000000000000     
   1.00000000000000     
 lucall: F
    ucheck for molecule type           1 :           0
 nvirial:           0
 starvir:  0.000000000000000E+000
 stepvir:  0.000000000000000E+000
 lideal:  F
 ltwice:  F
 lrplc:  F
 
 ***** program   =  THE MAGIC BLACK BOX
 Isobaric-isothermal ensemble
 using periodic boundaries
 in x-direction
 in y-direction
 in z-direction
           3 -dimensional periodic box
 particle coordinates are folded into central box
 additional (COM) cutoff on computed rcmu
 Dual Cutoff Configurational-bias Monte Carlo
 CBMC simultaneously grows all beads conected to the same bead
 with bond angles generated from Gaussian distribution
 Program will call Explct.f if needed
 Lennard-Jones potential for bead-bead
 with additional tail corrections
 Coulombic inter- and intramolecular interactions
 
 MOLECULAR MASS:   18.0158000000000     
 new maximum displacements read from restart-file
 box      #           1
 molecule type           1
 max trans. displacement:          0.321700  0.321700  0.321700
 max rot. displacement:            0.406400  0.406400  0.406400
 maximum fluc q displacements: Box #           1
  0.100000000000000     
 max volume displacement:          0.3647E+03
 
 
 
 new box size read from restart-file
 
 
 
 dimension box 1  :  a:      30.980098   b:      30.980098   c   :     30.980098
 
 Finished writing simulation box related info
 molecule type           1
    i   j   type_i type_j   bond length        k/2
    1   2    107    108       1.0000           0.0
    1   3    107    108       1.0000           0.0
    2   1    108    107       1.0000           0.0
    3   1    108    107       1.0000           0.0
 
    i   j   k   type_i type_j type_k     angle      k/2
 
      i   j    sig2ij     epsij         q0(i)          q0(j)
    107 107   3.16550  78.19580      -0.847600      -0.847600
    107 108   0.00000   0.00000      -0.847600       0.423800
    108 107   0.00000   0.00000       0.423800      -0.847600
    108 108   0.00000   0.00000       0.423800       0.423800
 
 number of mc cycles:                    6000
 number of chains:                       1000
 
 temperature:                       300.000000000000     
 
 ex-pressure:                      7.242971565252510E-003
 
 
 sumup control
 number of chains        1000
 number of chains of type           1        1000
 inter lj energy    1004756.02056258     
 intra lj energy   0.000000000000000E+000
 Tail correction   -22159.5983844262     
 bond vibration    0.000000000000000E+000
 bond bending      0.000000000000000E+000
 torsional         0.000000000000000E+000
 external          0.000000000000000E+000
 coulombic energy  -6667731.94074045     
 fluc Q energy     0.000000000000000E+000
 well energy       0.000000000000000E+000
 total energy      -5662975.92017787     
 
 box             1  initial v   =   -5662975.92017787     
 surf. tension :   box 1 =     -20.92838
 pressure check:   box 1 =    -182649.86
 
 +++++ start of markov chain +++++
 
 Cycle   Total   Energy    Boxlength   Pressure  Molecules
 Box            1
 Type  1 bn  83526.  83179.  83362.  83039.  83287.  83494.
 max.displ.     0.3246    0.3213    0.3225    0.4056    0.4073    0.4086
 volume change:  bn =   113.0   bs =    48.0   max.displ. = 0.38731E+03
   600  450600 -0.5643E+07    31.055         0.01000
 Box            1
 Type  1 bn  83193.  83160.  83126.  83241.  83339.  83807.
 max.displ.     0.3220    0.3187    0.3200    0.4047    0.4065    0.4078
 volume change:  bn =   134.0   bs =    57.0   max.displ. = 0.41187E+03
  1200  451200 -0.5648E+07    31.030         0.01000
 Box            1
 Type  1 bn  83531.  83672.  83330.  83572.  82579.  83189.
 max.displ.     0.3217    0.3207    0.3208    0.4032    0.4054    0.4087
 volume change:  bn =   127.0   bs =    46.0   max.displ. = 0.37296E+03
  1800  451800 -0.5700E+07    31.045         0.01000
 Box            1
 Type  1 bn  83232.  82722.  82899.  83727.  83535.  83758.
 max.displ.     0.3236    0.3203    0.3197    0.4050    0.4083    0.4055
 volume change:  bn =   127.0   bs =    56.0   max.displ. = 0.41113E+03
  2400  452400 -0.5672E+07    30.994         0.01000
 Box            1
 Type  1 bn  83262.  82622.  83484.  83324.  83635.  83546.
 max.displ.     0.3227    0.3216    0.3179    0.4036    0.4066    0.4031
 volume change:  bn =   127.0   bs =    42.0   max.displ. = 0.33991E+03
 Box            1
 Type  1 bn  82878.  83093.  83590.  83774.  83417.  83115.
 max.displ.     0.3247    0.3193    0.3180    0.4037    0.4065    0.4062
 volume change:  bn =   133.0   bs =    65.0   max.displ. = 0.41531E+03
  3000  453000 -0.5713E+07    31.030         0.01000
 Box            1
 Type  1 bn  83181.  83892.  83164.  83087.  83219.  83341.
 max.displ.     0.3212    0.3190    0.3187    0.4025    0.4048    0.4065
 volume change:  bn =   116.0   bs =    36.0   max.displ. = 0.32222E+03
  3600  453600 -0.5649E+07    31.067         0.01000
 Box            1
 Type  1 bn  82647.  83352.  83389.  83655.  83557.  83266.
 max.displ.     0.3210    0.3199    0.3197    0.4062    0.4056    0.4065
 volume change:  bn =   134.0   bs =    73.0   max.displ. = 0.43885E+03
  4200  454200 -0.5680E+07    31.063         0.01000
 Box            1
 Type  1 bn  83166.  83644.  83221.  83498.  83535.  82817.
 max.displ.     0.3193    0.3194    0.3201    0.4060    0.4070    0.4054
 volume change:  bn =   119.0   bs =    45.0   max.displ. = 0.41487E+03
  4800  454800 -0.5716E+07    30.969         0.01000
 Box            1
 Type  1 bn  83202.  83639.  82967.  83703.  83206.  83127.
 max.displ.     0.3198    0.3193    0.3196    0.4030    0.4052    0.4036
 volume change:  bn =   156.0   bs =    56.0   max.displ. = 0.37232E+03
  5400  455400 -0.5646E+07    31.028         0.01000
 Box            1
 Type  1 bn  83832.  83306.  83241.  83384.  83026.  83082.
 max.displ.     0.3195    0.3217    0.3202    0.4035    0.4082    0.4051
 volume change:  bn =   129.0   bs =    58.0   max.displ. = 0.41850E+03
 Box            1
 Type  1 bn  83563.  83404.  83689.  83356.  83041.  82821.
 max.displ.     0.3200    0.3204    0.3203    0.4005    0.4042    0.4034
 volume change:  bn =   126.0   bs =    46.0   max.displ. = 0.38197E+03
  6000  456000 -0.5651E+07    31.125         0.01000
 
 +++++ end of markov chain +++++
 
 ### Translations ###
 
 molecule typ =           1  in box           1
 x-dir: attempts =  999213.0   ratio = 0.500   max.displ. = 0.3200E+00
 y-dir: attempts =  999685.0   ratio = 0.500   max.displ. = 0.3204E+00
 z-dir: attempts =  999462.0   ratio = 0.500   max.displ. = 0.3203E+00
 
 ### Rotations ###
 
 molecule typ =           1  in box           1
 x-dir: attempts = 1001360.0   ratio = 0.499   max.displ. = 0.4005E+00
 y-dir: attempts =  999376.0   ratio = 0.500   max.displ. = 0.4042E+00
 z-dir: attempts =  999363.0   ratio = 0.500   max.displ. = 0.4034E+00
 
 
 ### Volume change       ###
 attempts =  1541.0   ratio = 0.408   max.displ. = 0.3820E+03
 
 ### Molecule swap       ###
 
 molecule typ =           1
between box 1 and 2 into box 1   uattempts = 0 attempts = 0   accepted = 0
between box 1 and 2 into box 2   uattempts = 0 attempts = 0   accepted = 0
number of times move in: 0  accepted = 0
number of times move out: 0  accepted = 0
 
 ### Molecule swatch     ###
 
 pair typ =           1
 moltyps =            2  and           3
between box  1 and  2   uattempts =         0.0  attempts =      0.0  accepted =     0.0
 
 ### Charge Fluctuation  ###
 
 
 ### Expanded Ensemble Move  ###
 

New Biasing Potential

molecule  1:   0.00000000     
 
 sumup control
 number of chains        1000
 number of chains of type           1        1000
 inter lj energy    963774.496351766     
 intra lj energy   0.000000000000000E+000
 Tail correction   -21852.4732538472     
 bond vibration    0.000000000000000E+000
 bond bending      0.000000000000000E+000
 torsional         0.000000000000000E+000
 external          0.000000000000000E+000
 coulombic energy  -6615186.45291851     
 fluc Q energy     0.000000000000000E+000
 well energy       0.000000000000000E+000
 total energy      -5651411.95656674     
 
 vstart       =     -5662975.9201778714
 vend         =     -5651411.9565667445
 vbox         =     -5651411.9565662360
 
 Averages and fluctuations                            Box 1
 
 pressure                               [kPa] =    11368.93
 pressure                  [simulation units] =    0.823440
 surface tension                       [mN/m] =    -89.7122
 chem. potential of type       1          [K] =       0.000
 
 boxlength                                [A] =      31.032
 boxlength                                [A] =      31.032
 boxlength                                [A] =      31.032
 no. of chains of type         1              =    1000.000
 molar volume                      [cm^3/mol] =      17.996
 specific density                    [g/cm^3] =    1.001118
 number density of type        1 [chain/nm^3] =    33.46385
 molfraction of type           1              =   1.0000000
 mean sete length of type      1        [A^2] =       1.000
 
 Total energy  [K per system and kJ/mol per chain] =   -5678236.08      -47.21
 Inter LJ      [K per system and kJ/mol per chain] =     990748.32        8.24
 Bond bending  [K per system and kJ/mol per chain] =          0.00        0.00
 Torsion       [K per system and kJ/mol per chain] =          0.00        0.00
 Intra LJ      [K per system and kJ/mol per chain] =          0.00        0.00
 External pot  [K per system and kJ/mol per chain] =          0.00        0.00
 Stretch       [K per system and kJ/mol per chain] =          0.00        0.00
 Coulomb       [K per system and kJ/mol per chain] =   -6668984.40      -55.45
 Tail  LJ      [K per system and kJ/mol per chain] =     -22048.86       -0.18
 Fluc Q        [K per system and kJ/mol per chain] =          0.00        0.00
 
 fluctuation in <vtot>                          =    23243.22
 
 type  box     vinter      vintra      vtor        vbend       vtail
    1    1     0.00000     0.00000     0.00000     0.00000     0.00000
 specific density    box   1 =  0.10011E+01 0.38695E-02 0.12898E-02
 system volume       box   1 =  0.29884E+05 0.11546E+03 0.38488E+02
 pressure            box   1 =   11369.      47784.      15928.    
 surface tension     box   1 =    -89.71217   182.71813    60.90604
 
 Total energy   box   1 =   -0.56782E+07   0.13478E+05   0.44926E+04
 Inter LJ       box   1 =    0.99075E+06   0.60900E+04   0.20300E+04
 Bond bending   box   1 =    0.00000E+00   0.00000E+00   0.00000E+00
 Torsion        box   1 =    0.00000E+00   0.00000E+00   0.00000E+00
 Intra LJ       box   1 =    0.00000E+00   0.00000E+00   0.00000E+00
 External pot   box   1 =    0.00000E+00   0.00000E+00   0.00000E+00
 Stretch        box   1 =    0.00000E+00   0.00000E+00   0.00000E+00
 Coulomb        box   1 =   -0.66690E+07   0.17906E+05   0.59687E+04
 Tail  LJ       box   1 =   -0.22049E+05   0.85223E+02   0.28408E+02
 Fluc Q         box   1 =    0.00000E+00   0.00000E+00   0.00000E+00
 
 Enthalpy Inst.[kJ/mol] for box  1 =    -47.0088      0.8489      0.2830
 Enthalpy Ext. [kJ/mol] for box  1 =    -47.2095      0.1112      0.0371
 
 Cp residual(J/Kmol) =   49.9117715895539     
  H2=   32240447229218.2     
  H=  -5678019.63278801     
 chemical potential  itype   1 box   1 =        0.000       0.000       0.000
 mean sete length    itype   1 box   1 =        1.000       0.000       0.000
 number density      itype   1 box   1 =  0.33464E+02 0.12934E+00 0.43115E-01
 mole fraction       itype   1 box   1 =    1.0000000   0.0000000   0.0000000
 
 
 -----block averages ------
  ------------ box:    1
 block   energy    density   pressure   surf ten  mol fracs
   1  -0.565E+07   0.996E+00   0.134E+05  -0.176E+03   0.100E+01
   2  -0.567E+07   0.100E+01  -0.339E+05   0.781E+02   0.100E+01
   3  -0.568E+07   0.100E+01  -0.370E+05  -0.154E+03   0.100E+01
   4  -0.569E+07   0.101E+01   0.891E+04  -0.221E+02   0.100E+01
   5  -0.569E+07   0.101E+01   0.996E+05  -0.389E+03   0.100E+01
   6  -0.570E+07   0.100E+01  -0.597E+04  -0.219E+03   0.100E+01
   7  -0.566E+07   0.998E+00  -0.163E+05  -0.332E+03   0.100E+01
   8  -0.568E+07   0.999E+00   0.870E+05   0.146E+03   0.100E+01
   9  -0.569E+07   0.100E+01  -0.432E+05   0.214E+02   0.100E+01
  10  -0.567E+07   0.995E+00   0.410E+05   0.149E+03   0.100E+01
 Program ended at 2013-04-01 03:40:02.829
