 Number of processors:            8
 L_Coul_CBMC: T
 Number of unit cells in a dir =    5.00000000000000     
 Number of unit cells in b dir =    5.00000000000000     
 Number of unit cells in c dir =    6.00000000000000     
 number of cycles:       10000
 lstep: F
 lpresim: F
 iupdatefix:         100
 L_tor_table: F
 L_spline: F
 L_linear: F
 L_vib_table: F
 L_bend_table: F
 L_vdW_table: F
 L_elect_table: T
 number of boxes      in the system:           1
 temperature:   300.000000000000       K
 external pressure:  0.100000000000000       MPa
 Ghost particles:            0
 fluctuating charge temperature:   5.00000000000000       K
 Electric field in z direction:  0.000000000000000E+000  V/A
 ianalyze:    50000000
 nbin           1
 lrdf: T
 lintra: F
 lstretch: F
 lgvst: F
 lbend: F
 lete: F
 lrhoz: F
 bin_width:  0.200000000000000     
 iprint:        1000
 imv:        1000
 iratio:         500
 iblock:        1000
 idiele:           1
 L_movie_xyz F
 box:           1
    boxlx:   32.0000000000000       A
    boxly:   32.0000000000000       A
    boxlz:   32.0000000000000       A
    lsolid: F
    lrect: F
 neighbor list cutoff (rcutnn):  0.000000000000000E+000 A
    rcut:   10.0000000000000      A
    kalp:  0.350000000000000     
 number of chains:        1000
 number of molecule types:           1
 number of chains of molecule type           1 :        1000
 Lorentz-Berthelot combining rules apply
    lmixlb: T  lmixjo: F
 number of special combining parameters:           0
 minimum cutoff (rmin):   1.20000000000000       A
 softcut:   100.000000000000     
 CBMC inner cutoff (rcutin):   5.00000000000000       A
 AVBMC outer cutoff (rbsmax):   3.50000000000000       A
 AVBMC inner cutoff (rbsmin):   2.50000000000000       A
 molecule type:           1
    number of units:           3
    number of units for CBMC growth:           3
    number of carbons for EH alkane:           3
    maximum number of units for CBMC:           3
    iurot:           0
    lelect: T
    lflucq: F
    lqtrans: F
    lexpand: F
    lavbmc1: F
    lavbmc2: F
    lavbmc3: F
    fqegp:  0.000000000000000E+000
    lsetup: F
    lq14scale: F
    qscale:  0.500000000000000     
    energy offset for box           1 :  0.000000000000000E+000  K
    bead            1  beadtype          107  charge leader            1
       bead           1  bonded to bead           2
          bond type: 25 bond length:    1.000 k/2:      0.0
       bead           1  bonded to bead           3
          bond type: 25 bond length:    1.000 k/2:      0.0
    bead            2  beadtype          108  charge leader            2
       bead           2  bonded to bead           1
          bond type: 25 bond length:    1.000 k/2:      0.0
    bead            3  beadtype          108  charge leader            3
       bead           3  bonded to bead           1
          bond type: 25 bond length:    1.000 k/2:      0.0
 
 using linear interpolation for            electrostatic interactions
 using linear interpolation for            electrostatic interactions
 using linear interpolation for            electrostatic interactions
 using linear interpolation for            electrostatic interactions
 licell: F
 rintramax:  0.000000000000000E+000  A
 boxlink:           4
 initial maximum displacements for atoms:  0.0100  0.0100  0.0100
 initial maximum x, y and z displacement:  0.3000  0.3000  0.3000
 initial maximum x, y and z rotation:      0.4000  0.4000  0.4000
 target translational acceptance ratio:  0.500000000000000     
 target rotational acceptance ratio:  0.500000000000000     
 linit: F
 lnewtab: F
 lreadq: F
 lbranch for molecule type           1 : T
 box:           1
    initial number of chains of type           1 :        1000
    initial number of chains in x, y and z directions:   10   10   10
    initial rotational displacement:           0
    inimix:           1
    zshift:  0.000000000000000E+000
    dshift:   1.60000000000000     
    nchoiq:           1
 initial maximum volume displacement (rmvol) in box           1 :
   1000.00000000000     
 target volume acceptance ratio (tavol):  0.400000000000000     
 iratv:         500
 iratp:           5
 initial maximum fluct. charge displ. for chain type           1  box
           1 :  0.100000000000000     
 target fluctuating charge acceptance ratio (taflcq):  0.950000000000000     
 pmvol:  2.600000000000000E-004
    pmvlmt for box           1 :   1.00000000000000     
 nvolb:           1
    pmvolb:   1.00000000000000     
    box pair for volume move number           1 :           1           2
 pmswat:  0.000000000000000E+000
    number of swatch pairs (nswaty):           1
    swatch molecule type pairs:           2           3
    probability of each swatch pair:   1.00000000000000     
    nsampos:           1
    ncut:           1           1
    splist:           1           1
    box pair:           1           2
 pmswap:  0.000000000000000E+000
       swap probability for molecule type         1 (pmswmt):  1.0000
    number of swap moves for molecule type           1 :           1
       pmswapb:   1.00000000000000     
       box pair:           1           2
 pmcb:  0.000000000000000E+000
       CBMC probability for molecule type         1 (pmcbmt):  1.0000
    pmall for molecule type           1 :  0.000000000000000E+000
            probability for SAFE-CBMC for molec   1  (pmfix):  0.0000
 pmflcq:  0.000000000000000E+000
       flcq probability for molecule type         1 (pmfqmt):  1.0000
 pmexpc:  0.000000000000000E+000
         expanded ens. prob. for molecule type    1 (pmeemt):  1.0000
 pmtra:  0.500130000000000     
      translation probability for molecule   ty   1 (pmtrmt):  1.0000
 pmrot:   1.00000000000000     
       rotational probability for molecule    t   1 (pmromt):  1.0000
 
 percentage move probabilities:
 volume move       :    0.03 %
 swatch move       :    0.00 %
 swap move         :    0.00 %
 CBMC move         :    0.00 %
 fluct charge move :    0.00 %
 expanded ens move :    0.00 %
 translation move  :   49.99 %
 rotation move     :   49.99 %
 
 Fraction of atom translations move  0.000000000000000E+000
 
 molecule type :           1   
      nchoi1   :          10  
      nchoi    :           8  
      nchoir   :          10  
      nchoih   :           1  
      nchtor   :         100
 nchbna and nchbnb for molecule type           1 :        1000        1000
 icbdir for molecule type           1 :           0
 icbsta for molecule type           1 :           0
 nexclu:           0
 inclnum:           0
 ainclnum:           0
 
 INCLUSION TABLE
           1 F F F
           2 F F F
           3 F F F
 
 
 CHARGE INCLUSION TABLE
           1 F F F
           2 F F F
           3 F F F
 
 1-4 LJ SCALING FACTORS
           1   1.00000000000000        1.00000000000000     
   1.00000000000000     
           2   1.00000000000000        1.00000000000000     
   1.00000000000000     
           3   1.00000000000000        1.00000000000000     
   1.00000000000000     
 
 1-4 CHARGE SCALING FACTORS
           1   1.00000000000000        1.00000000000000     
   1.00000000000000     
           2   1.00000000000000        1.00000000000000     
   1.00000000000000     
           3   1.00000000000000        1.00000000000000     
   1.00000000000000     
 lucall: F
    ucheck for molecule type           1 :           0
 nvirial:           0
 starvir:  0.000000000000000E+000
 stepvir:  0.000000000000000E+000
 lideal:  F
 ltwice:  F
 lrplc:  F
 
 ***** program   =  THE MAGIC BLACK BOX
 Isobaric-isothermal ensemble
 using periodic boundaries
 in x-direction
 in y-direction
 in z-direction
           3 -dimensional periodic box
 particle coordinates are folded            into central box
 additional (COM) cutoff on computed rcmu
 Dual Cutoff Configurational-bias Monte Carlo
 CBMC simultaneously grows all beads conected to the         same bead
 with bond angles generated from Gaussian distribution
 Program will call Explct.f if needed
 Lennard-Jones potential for bead-bead
 with additional tail corrections
 Coulombic inter- and intramolecular interactions
 
 MOLECULAR MASS:   18.0158000000000     
 new maximum displacements read from restart-file
 box      #           1
 molecule type           1
 max trans. displacement:          0.321700  0.321700  0.321700
 max rot. displacement:            0.406400  0.406400  0.406400
 maximum fluc q displacements: Box #           1
  0.100000000000000     
 max volume displacement:          0.3647E+03
 
 
 
 new box size read from restart-file
 
 
 
 dimension box 1  :  a:      30.980098   b:      30.980098   c   :     30.980098
 
 Finished writing simulation box related info
 molecule type           1
    i   j   type_i type_j   bond length        k/2
    1   2    107    108       1.0000           0.0
    1   3    107    108       1.0000           0.0
    2   1    108    107       1.0000           0.0
    3   1    108    107       1.0000           0.0
 
    i   j   k   type_i type_j type_k     angle      k/2
 
      i   j    sig2ij     epsij         q0(i)          q0(j)
    107 107   3.16550  78.19580      -0.847600      -0.847600
    107 108   0.00000   0.00000      -0.847600       0.423800
    108 107   0.00000   0.00000       0.423800      -0.847600
    108 108   0.00000   0.00000       0.423800       0.423800
 
 number of mc cycles:                   10000
 number of chains:                       1000
 
 temperature:                       300.000000000000     
 
 ex-pressure:                      7.242900000000000E-003
 
 
 sumup control
 number of chains        1000
 number of chains of type           1        1000
 inter lj energy    1004756.02056257     
 intra lj energy   0.000000000000000E+000
 Tail correction   -22159.5983844262     
 bond vibration    0.000000000000000E+000
 bond bending      0.000000000000000E+000
 torsional         0.000000000000000E+000
 external          0.000000000000000E+000
 coulombic energy  -6667731.94074067     
 fluc Q energy     0.000000000000000E+000
 well energy       0.000000000000000E+000
 total energy      -5662975.92017810     
 
 box             1  initial v   =   -5662975.92017810     
 surf. tension :   box 1 =     -20.93386
 pressure check:   box 1 =    -169992.82
 
 +++++ start of markov chain +++++
 
 Cycle   Total   Energy    Boxlength   Pressure  Molecules
 Box            1
 Type 1 bn  83474.  83533.  83418.  82928.  83461.  83048.
 max.displ.   0.3212  0.3189  0.3193  0.4070  0.4091  0.4077
 volume change:  bn =   138.0   bs =    49.0   max.displ. = 0.32375E+03
 Box            1
 Type 1 bn  83441.  82989.  83379.  83365.  83065.  83661.
 max.displ.   0.3219  0.3199  0.3216  0.4063  0.4067  0.4093
 volume change:  bn =   100.0   bs =    42.0   max.displ. = 0.33994E+03
  1000  451000 -0.5626E+07    30.982         0.01000
 Box            1
 Type 1 bn  83354.  83574.  82751.  82851.  83505.  83823.
 max.displ.   0.3219  0.3198  0.3224  0.4060  0.4042  0.4066
 volume change:  bn =   142.0   bs =    59.0   max.displ. = 0.35310E+03
 Box            1
 Type 1 bn  83439.  83163.  83753.  83306.  83167.  83033.
 max.displ.   0.3195  0.3218  0.3215  0.4070  0.4039  0.4061
 volume change:  bn =   139.0   bs =    58.0   max.displ. = 0.36834E+03
  2000  452000 -0.5668E+07    30.926         0.01000
 Box            1
 Type 1 bn  83257.  83460.  83002.  83199.  83582.  83371.
 max.displ.   0.3207  0.3230  0.3183  0.4058  0.4046  0.4086
 volume change:  bn =   129.0   bs =    54.0   max.displ. = 0.38548E+03
 Box            1
 Type 1 bn  82965.  83346.  83115.  83343.  83687.  83417.
 max.displ.   0.3222  0.3220  0.3199  0.4030  0.4059  0.4064
 volume change:  bn =   127.0   bs =    44.0   max.displ. = 0.33388E+03
  3000  453000 -0.5696E+07    30.971         0.01000
 Box            1
 Type 1 bn  83232.  83938.  82976.  83627.  82962.  83170.
 max.displ.   0.3195  0.3199  0.3188  0.4034  0.4055  0.4062
 volume change:  bn =    95.0   bs =    36.0   max.displ. = 0.31630E+03
 Box            1
 Type 1 bn  83081.  83225.  83298.  83447.  83644.  83169.
 max.displ.   0.3235  0.3170  0.3187  0.4002  0.4074  0.4057
 volume change:  bn =   136.0   bs =    57.0   max.displ. = 0.33142E+03
  4000  454000 -0.5665E+07    31.041         0.01000
 Box            1
 Type 1 bn  83056.  82919.  83323.  83634.  83195.  83734.
 max.displ.   0.3236  0.3184  0.3195  0.4014  0.4089  0.4057
 volume change:  bn =   139.0   bs =    62.0   max.displ. = 0.36957E+03
 Box            1
 Type 1 bn  83804.  82991.  83191.  83061.  83042.  83792.
 max.displ.   0.3211  0.3160  0.3207  0.4013  0.4078  0.4048
 volume change:  bn =   119.0   bs =    47.0   max.displ. = 0.36491E+03
  5000  455000 -0.5662E+07    31.001         0.01000
 Box            1
 Type 1 bn  83140.  82635.  83663.  83693.  83265.  83478.
 max.displ.   0.3228  0.3187  0.3199  0.4050  0.4086  0.4050
 volume change:  bn =   126.0   bs =    53.0   max.displ. = 0.38374E+03
 Box            1
 Type 1 bn  83423.  83727.  83122.  83104.  83468.  83013.
 max.displ.   0.3209  0.3195  0.3188  0.4063  0.4051  0.4076
 volume change:  bn =   143.0   bs =    54.0   max.displ. = 0.36227E+03
  6000  456000 -0.5665E+07    31.095         0.01000
 Box            1
 Type 1 bn  83568.  82929.  83594.  83773.  82940.  83060.
 max.displ.   0.3236  0.3199  0.3187  0.4047  0.4071  0.4089
 volume change:  bn =   136.0   bs =    47.0   max.displ. = 0.31299E+03
 Box            1
 Type 1 bn  83399.  83591.  82957.  83345.  83377.  83214.
 max.displ.   0.3238  0.3205  0.3171  0.4038  0.4039  0.4067
 volume change:  bn =   117.0   bs =    52.0   max.displ. = 0.34777E+03
  7000  457000 -0.5644E+07    31.218         0.01000
 Box            1
 Type 1 bn  83341.  83572.  83386.  83325.  83028.  83227.
 max.displ.   0.3226  0.3198  0.3179  0.4048  0.4032  0.4052
 volume change:  bn =   121.0   bs =    48.0   max.displ. = 0.34489E+03
 Box            1
 Type 1 bn  83117.  83866.  83012.  83553.  83322.  82981.
 max.displ.   0.3245  0.3190  0.3162  0.4018  0.4046  0.4053
 volume change:  bn =   149.0   bs =    56.0   max.displ. = 0.32406E+03
  8000  458000 -0.5714E+07    31.207         0.01000
 Box            1
 Type 1 bn  83610.  83599.  83270.  83868.  82660.  82875.
 max.displ.   0.3219  0.3187  0.3192  0.3998  0.4040  0.4044
 volume change:  bn =   118.0   bs =    58.0   max.displ. = 0.39821E+03
 Box            1
 Type 1 bn  83459.  83505.  83325.  83168.  83185.  83215.
 max.displ.   0.3196  0.3211  0.3234  0.4071  0.4041  0.4048
 volume change:  bn =   143.0   bs =    54.0   max.displ. = 0.37593E+03
  9000  459000 -0.5627E+07    31.332         0.01000
 Box            1
 Type 1 bn  83284.  83633.  83078.  82833.  83363.  83685.
 max.displ.   0.3207  0.3208  0.3240  0.4082  0.4045  0.4015
 volume change:  bn =   124.0   bs =    49.0   max.displ. = 0.37139E+03
 Box            1
 Type 1 bn  83302.  83307.  83470.  83496.  83502.  82792.
 max.displ.   0.3185  0.3182  0.3200  0.4074  0.4037  0.4016
 volume change:  bn =   131.0   bs =    47.0   max.displ. = 0.33311E+03
 10000  460000 -0.5668E+07    31.065         0.01000
 
 +++++ end of markov chain +++++
 
 ### Translations ###
 
 molecule typ =           1  in box           1
 x-dir: attempts = 1666746.0   ratio = 0.500   max.displ. =0.3185E+00
 y-dir: attempts = 1667502.0   ratio = 0.500   max.displ. =0.3182E+00
 z-dir: attempts = 1665083.0   ratio = 0.500   max.displ. =0.3200E+00
 
 ### Rotations ###
 
 molecule typ =           1  in box           1
 x-dir: attempts = 1666919.0   ratio = 0.500   max.displ. =0.4074E+00
 y-dir: attempts = 1665420.0   ratio = 0.500   max.displ. =0.4037E+00
 z-dir: attempts = 1665758.0   ratio = 0.500   max.displ. =0.4016E+00
 
 
 ### Volume change       ###
 attempts =  2572.0   ratio = 0.399   max.displ. =0.3331E+03
 
 ### Molecule swap       ###
 
 molecule typ =           1
between box  1 and  2 into box 1   uattempts =         0.0 attempts =      0.0   accepted =     0.0
between box  1 and  2 into box 2   uattempts =         0.0 attempts =      0.0   accepted =     0.0
number of times move in:          0.0  accepted=     0.0
number of times move out:          0.0  accepted=     0.0
 
 ### Molecule swatch     ###
 
 pair typ =           1
 moltyps =            2  and           3
between box  1 and  2   uattempts =         0.0  attempts =      0.0  accepted =     0.0
 
 ### Charge Fluctuation  ###
 
 
 ### Expanded Ensemble Move  ###
 
 
 sumup control
 number of chains        1000
 number of chains of type           1        1000
 inter lj energy    1060256.67927015     
 intra lj energy   0.000000000000000E+000
 Tail correction   -21978.8028863607     
 bond vibration    0.000000000000000E+000
 bond bending      0.000000000000000E+000
 torsional         0.000000000000000E+000
 external          0.000000000000000E+000
 coulombic energy  -6728180.40898792     
 fluc Q energy     0.000000000000000E+000
 well energy       0.000000000000000E+000
 total energy      -5667923.72971778     
 
 vstart       =     -5662975.9201780967
 vend         =     -5667923.7297177790
 vbox         =     -5667923.7297174949
 
 Averages and fluctuations                            Box 1
 
 pressure                               [kPa] =    69697.55
 pressure                  [simulation units] =    5.048124
 surface tension                       [mN/m] =    -53.3194
 chem. potential of type       1          [K] =       0.000
 
 boxlength                                [A] =      31.071
 boxlength                                [A] =      31.071
 boxlength                                [A] =      31.071
 no. of chains of type         1              =    1000.000
 molar volume                      [cm^3/mol] =      18.063
 specific density                    [g/cm^3] =    0.997395
 number density of type        1 [chain/nm^3] =    33.33939
 molfraction of type           1              =   1.0000000
 mean sete length of type      1        [A^2] =       1.000
 
 Total energy  [K per system and kJ/mol per chain] =   -5669346.21      -47.14
 Inter LJ      [K per system and kJ/mol per chain] =     991166.98        8.24
 Bond bending  [K per system and kJ/mol per chain] =          0.00        0.00
 Torsion       [K per system and kJ/mol per chain] =          0.00        0.00
 Intra LJ      [K per system and kJ/mol per chain] =          0.00        0.00
 External pot  [K per system and kJ/mol per chain] =          0.00        0.00
 Stretch       [K per system and kJ/mol per chain] =          0.00        0.00
 Coulomb       [K per system and kJ/mol per chain] =   -6660513.19      -55.38
 Tail  LJ      [K per system and kJ/mol per chain] =     -21966.85       -0.18
 Fluc Q        [K per system and kJ/mol per chain] =          0.00        0.00
 
 fluctuation in <vtot>                          =    24470.20
 
 type  box     vinter      vintra      vtor        vbend       vtail
    1    1-20896.56740     0.00000     0.00000     0.00000-13456.36082
 specific density    box   1 =  0.99739E+00 0.90148E-02 0.30049E-02
 system volume       box   1 =  0.29998E+05 0.27211E+03 0.90705E+02
 pressure            box   1 =     69697.55    45009.80    15003.27
 surface tension     box   1 =    -53.31942    91.86044    30.62015
 
 Total energy   box   1 =   -0.56693E+07   0.13628E+05   0.45427E+04
 Inter LJ       box   1 =    0.99117E+06   0.13202E+05   0.44007E+04
 Bond bending   box   1 =    0.00000E+00   0.00000E+00   0.00000E+00
 Torsion        box   1 =    0.00000E+00   0.00000E+00   0.00000E+00
 Intra LJ       box   1 =    0.00000E+00   0.00000E+00   0.00000E+00
 External pot   box   1 =    0.00000E+00   0.00000E+00   0.00000E+00
 Stretch        box   1 =    0.00000E+00   0.00000E+00   0.00000E+00
 Coulomb        box   1 =   -0.66605E+07   0.24755E+05   0.82518E+04
 Tail  LJ       box   1 =   -0.21967E+05   0.19854E+03   0.66181E+02
 Fluc Q         box   1 =    0.00000E+00   0.00000E+00   0.00000E+00
 
 Enthalpy Inst.[kJ/mol] for box  1 =    -45.8790      0.8269      0.2756
 Enthalpy Ext. [kJ/mol] for box  1 =    -47.1349      0.1132      0.0377
 
 Cp residual(J/Kmol) =   55.3154866139619     
  H2=   32139621757141.3     
  H=  -5669128.94409451     
 chemical potential  itype   1 box   1 =        0.000       0.000       0.000
 mean sete length    itype   1 box   1 =        1.000       0.000       0.000
 number density      itype   1 box   1 =  0.33339E+02 0.30133E+00 0.10044E+00
 mole fraction       itype   1 box   1 =    1.0000000   0.0000000   0.0000000
 
 
 -----block averages ------
  ------------ box:    1
 block   energy    density   pressure   surf ten  mol fracs
   1  -.565E+07  0.101E+01  0.207E+05  -.543E+01  0.100E+01
   2  -.565E+07  0.100E+01  0.966E+05  -.665E+02  0.100E+01
   3  -.567E+07  0.101E+01  0.144E+06  0.168E+03  0.100E+01
   4  -.569E+07  0.101E+01  0.425E+05  -.105E+03  0.100E+01
   5  -.566E+07  0.100E+01  0.980E+05  -.600E+02  0.100E+01
   6  -.567E+07  0.100E+01  -.248E+04  -.131E+03  0.100E+01
   7  -.567E+07  0.989E+00  0.941E+05  -.114E+03  0.100E+01
   8  -.568E+07  0.988E+00  0.113E+06  -.873E+02  0.100E+01
   9  -.568E+07  0.984E+00  0.210E+05  -.164E+03  0.100E+01
  10  -.569E+07  0.986E+00  0.693E+05  0.313E+02  0.100E+01
