Program started at 2015-05-26 11:45:38.043
Number of processors: 2
Threads per processor: 1
 run_num: 1    
 suffix: a
 L_movie_xyz:  F

***** PROGRAM  =  THE MAGIC BLACK BOX *****
NVT Gibbs ensemble
Using periodic boundaries in x y z
3-dimensional periodic box
Particle coordinates are folded into central box
Additional center-of-mass cutoff on computed rcmu
CBMC simultaneously grows all beads conected to the same bead
   with bond lengths/angles generated from Gaussian distribution
Program will call explct() for explicit-hydrogen models
Dual Cutoff Configurational-bias Monte Carlo
Coulombic interactions will be included in the Rosenbluth weights for CBMC growth
Coulombic inter- and intra-molecular interactions will be calculated
   using (neutral-)group-based cutoff
   with additional tail corrections
Lorentz-Berthelot combining rules apply
 L_spline:  F
 L_linear:  F
*******************************************

NAMELIST MC_SHARED
------------------------------------------
Random number seed: 1
number of boxes in the system: 2
number of molecule types: 1
number of chains: 200
number of cycles: 12000
 iratio: 500
minimum cutoff (rmin):   1.200 [Ang]
 softcut:  100.0000000    
Write checkpoint file every 1800 seconds, and keep the last 1 copies
 linit:  T
 lreadq:  F

NAMELIST ANALYSIS
------------------------------------------
 iprint: 1200
 imv: 1200
 iblock: 1200
 iratp: 5
 idiele: 100000
 iheatcapacity: 1000000
 ianalyze: 100000
 nbin: 250
 lrdf:  T
 lintra:  F
 lstretch:  F
 lgvst:  F
 lbend:  F
 lete:  F
 lrhoz:  F
 bin_width:  0.200000000E-01
 lucall:  F

SECTION SIMULATION_BOX
------------------------------------------
Box 1:   40.000 x   40.000 x   40.000
   rcut: 14.000 [Ang], kalp:  0.250
   neighbor list cutoff (rcutnn):  0.000
   number of dimensions that are isotropic: 0
   lsolid:  F, lrect:  F, lideal:  F, ltwice:  F
   temperature: 3440.000 [K]
   external pressure:  0.100000000E+00 [MPa]
   initial number of chains of each type:   180
   Ghost particles: 0
   initial number of chains in x, y and z directions: 10 x 10 x 2
   initial rotational displacement: 10, inimix: 0, zshift:  10.0, dshift:   2.000
Box 2:   90.000 x   90.000 x   90.000
   rcut: 14.000 [Ang], kalp:  0.250
   neighbor list cutoff (rcutnn):  0.000
   number of dimensions that are isotropic: 0
   lsolid:  F, lrect:  F, lideal:  F, ltwice:  F
   temperature: 3440.000 [K]
   external pressure:  0.100000000E+00 [MPa]
   initial number of chains of each type:   20
   Ghost particles: 0
   initial number of chains in x, y and z directions: 4 x 4 x 2
   initial rotational displacement: 10, inimix: 0, zshift:  20.0, dshift:  11.250

NUMBER OF MOLECULES OF EACH TYPE
 number of chains of each type:   200

SECTION MOLECULE_TYPE
------------------------------------------
molecule type: 1
   number of units: 8
   number of units for CBMC growth: 8
   number of carbons for EH alkane: 8
   maximum number of units for CBMC: 8
   maximum number of interior segments for SAFE-CBMC regrowth: 8
   number of atoms in a ring (if lring=.true.): 8
   iurot: 0, isolute: 1000000, lelect:  F, lring:  F, lrigid:  F, lbranch:  F, lsetup:  F, lq14scale:  T, qscale: 0.5

   bead 1: bead type 4 [C], charge leader 1
      bonded to bead 2, type 1, bond length:  1.54000, k/2:   0.00000000    
      bending interaction through 2 with bead 3, bending type: 1, bending angle:  114.000, k/2:   31250.0000    
      torsional interaction through 2 and 3 with bead 4, torsional type: 1

   bead 2: bead type 5 [C], charge leader 2
      bonded to bead 1, type 1, bond length:  1.54000, k/2:   0.00000000    
      bonded to bead 3, type 1, bond length:  1.54000, k/2:   0.00000000    
      bending interaction through 3 with bead 4, bending type: 1, bending angle:  114.000, k/2:   31250.0000    
      torsional interaction through 3 and 4 with bead 5, torsional type: 1

   bead 3: bead type 5 [C], charge leader 3
      bonded to bead 2, type 1, bond length:  1.54000, k/2:   0.00000000    
      bonded to bead 4, type 1, bond length:  1.54000, k/2:   0.00000000    
      bending interaction through 2 with bead 1, bending type: 1, bending angle:  114.000, k/2:   31250.0000    
      bending interaction through 4 with bead 5, bending type: 1, bending angle:  114.000, k/2:   31250.0000    
      torsional interaction through 4 and 5 with bead 6, torsional type: 1

   bead 4: bead type 5 [C], charge leader 4
      bonded to bead 3, type 1, bond length:  1.54000, k/2:   0.00000000    
      bonded to bead 5, type 1, bond length:  1.54000, k/2:   0.00000000    
      bending interaction through 3 with bead 2, bending type: 1, bending angle:  114.000, k/2:   31250.0000    
      bending interaction through 5 with bead 6, bending type: 1, bending angle:  114.000, k/2:   31250.0000    
      torsional interaction through 3 and 2 with bead 1, torsional type: 1
      torsional interaction through 5 and 6 with bead 7, torsional type: 1

   bead 5: bead type 5 [C], charge leader 5
      bonded to bead 4, type 1, bond length:  1.54000, k/2:   0.00000000    
      bonded to bead 6, type 1, bond length:  1.54000, k/2:   0.00000000    
      bending interaction through 4 with bead 3, bending type: 1, bending angle:  114.000, k/2:   31250.0000    
      bending interaction through 6 with bead 7, bending type: 1, bending angle:  114.000, k/2:   31250.0000    
      torsional interaction through 4 and 3 with bead 2, torsional type: 1
      torsional interaction through 6 and 7 with bead 8, torsional type: 1

   bead 6: bead type 5 [C], charge leader 6
      bonded to bead 5, type 1, bond length:  1.54000, k/2:   0.00000000    
      bonded to bead 7, type 1, bond length:  1.54000, k/2:   0.00000000    
      bending interaction through 5 with bead 4, bending type: 1, bending angle:  114.000, k/2:   31250.0000    
      bending interaction through 7 with bead 8, bending type: 1, bending angle:  114.000, k/2:   31250.0000    
      torsional interaction through 5 and 4 with bead 3, torsional type: 1

   bead 7: bead type 5 [C], charge leader 7
      bonded to bead 6, type 1, bond length:  1.54000, k/2:   0.00000000    
      bonded to bead 8, type 1, bond length:  1.54000, k/2:   0.00000000    
      bending interaction through 6 with bead 5, bending type: 1, bending angle:  114.000, k/2:   31250.0000    
      torsional interaction through 6 and 5 with bead 4, torsional type: 1

   bead 8: bead type 4 [C], charge leader 8
      bonded to bead 7, type 1, bond length:  1.54000, k/2:   0.00000000    
      bending interaction through 7 with bead 6, bending type: 1, bending angle:  114.000, k/2:   31250.0000    
      torsional interaction through 7 and 6 with bead 5, torsional type: 1

MOLECULAR MASS:     114.23020

SPECIAL INTERACTION RULES
------------------------------------------
  Total: 0 exclusion rules for intermolecular interactions

  Total: 0 inclusion rules for intramolecular interactions

  Total: 0 special rules for intramolecular 1-5 OH interactions

SECTION UNIFORM_BIASING_POTENTIALS
------------------------------------------
Molecule type, biasing potential 1 through nbox [K]: 
     0.000     0.000

SECTION SPECIFIC_ATOM_TRANSL
------------------------------------------

Molecule type: 1

LJ INCLUSION TABLE
       1   2   3   4   5   6   7   8
   1   F   F   F   F   T   T   T   T
   2   F   F   F   F   F   T   T   T
   3   F   F   F   F   F   F   T   T
   4   F   F   F   F   F   F   F   T
   5   T   F   F   F   F   F   F   F
   6   T   T   F   F   F   F   F   F
   7   T   T   T   F   F   F   F   F
   8   T   T   T   T   F   F   F   F

CHARGE INCLUSION TABLE
       1   2   3   4   5   6   7   8
   1   F   F   F   F   F   F   F   F
   2   F   F   F   F   F   F   F   F
   3   F   F   F   F   F   F   F   F
   4   F   F   F   F   F   F   F   F
   5   F   F   F   F   F   F   F   F
   6   F   F   F   F   F   F   F   F
   7   F   F   F   F   F   F   F   F
   8   F   F   F   F   F   F   F   F

1-4 LJ SCALING FACTORS
             1      2      3      4      5      6      7      8
      1  1.000  1.000  1.000  1.000  1.000  1.000  1.000  1.000
      2  1.000  1.000  1.000  1.000  1.000  1.000  1.000  1.000
      3  1.000  1.000  1.000  1.000  1.000  1.000  1.000  1.000
      4  1.000  1.000  1.000  1.000  1.000  1.000  1.000  1.000
      5  1.000  1.000  1.000  1.000  1.000  1.000  1.000  1.000
      6  1.000  1.000  1.000  1.000  1.000  1.000  1.000  1.000
      7  1.000  1.000  1.000  1.000  1.000  1.000  1.000  1.000
      8  1.000  1.000  1.000  1.000  1.000  1.000  1.000  1.000

1-4 CHARGE SCALING FACTORS
             1      2      3      4      5      6      7      8
      1  1.000  1.000  1.000  0.500  1.000  1.000  1.000  1.000
      2  1.000  1.000  1.000  1.000  0.500  1.000  1.000  1.000
      3  1.000  1.000  1.000  1.000  1.000  0.500  1.000  1.000
      4  0.500  1.000  1.000  1.000  1.000  1.000  0.500  1.000
      5  1.000  0.500  1.000  1.000  1.000  1.000  1.000  0.500
      6  1.000  1.000  0.500  1.000  1.000  1.000  1.000  1.000
      7  1.000  1.000  1.000  0.500  1.000  1.000  1.000  1.000
      8  1.000  1.000  1.000  1.000  0.500  1.000  1.000  1.000

PAIRWISE LJ AND COULOMB INTERACTIONS
    i    j         q0(i)         q0(j)     vvdW_1     vvdW_2 ...
    4    4      0.000000      0.000000   392.00       3.7500    
    4    5      0.000000      0.000000   268.57       3.8500    
    5    4      0.000000      0.000000   268.57       3.8500    
    5    5      0.000000      0.000000   184.00       3.9500    

NAMELIST TRANSFER
------------------------------------------
lopt_bias:  F
freq_opt_bias: 500

NAMELIST MC_VOLUME
------------------------------------------
target volume acceptance ratio (tavol): 0.40
frequency to adjust maximum volume displacement: 500
initial maximum volume displacement (rmvol):    0.001
pmvol:   0.00000000    
   pmvlmt for box 1:  1.000000000    
   pmvlmt for box 2:  1.000000000    
nvolb: 1
   box pair 1: between 1 and 2,   pmvolb =  1.000000000    

NAMELIST MC_SWATCH
------------------------------------------
pmswat:   0.00000000    
   number of swatch pairs (nswaty): 1
   probability of each swatch pair:  1.000000000    

   swatch molecule type pairs:    1    2
   nsampos: 1, ncut:  1  1
   molecule 1
   ncut 1: grom from 1, prev 0
   molecule 2
   ncut 1: grom from 1, prev 0
   splist:    1    1
   number of swatch box pairs: 1
   probability of the swatch box pair:  1.000000000    
   box pair:    1    2

NAMELIST MC_SWAP
------------------------------------------
pmswap:   0.00000000    
   swap probability for molecule type 1 (pmswmt):   1.0000
   number of swap box pairs for molecule type 1: 1
   pmswapb:  1.000000000    
   box pair:    1    2

NAMELIST MC_CBMC
------------------------------------------
CBMC inner cutoff (rcutin):  5.000 [Ang]
AVBMC outer cutoff (rbsmax):  3.500 [Ang], inner cutoff (rbsmin):  2.500 [Ang]
lpresim:  F
iupdatefix: 10
pmcb:  0.340000000    

molecule type: nchoi1  nchoi nchoir nchoih nchtor nchbna nchbnb icbdir icbsta
            1:     10      8     10      1    100   1000   1000      0      0

molecule type:    pmcbmt         pmall  avbmc_version    pmbias        pmbsmt       pmbias2         pmfix   lrig
            1:  1.000000       0.00000              0   0.00000       0.00000       0.00000       0.00000      F

NAMELIST MC_FLUCQ
------------------------------------------
target fluctuating charge acceptance ratio (taflcq): 0.95
fluctuating charge temperature:    5.000 [K]
initial maximum displacement for fluctuating charge moves:  0.100000000E+00
pmflcq:   0.00000000    
   nchoiq for each box:   1  1
nswapq: 0

molecule type:  lflucq lqtrans   pmfqmt            fqegp
            1:       F       F   1.0000           0.0000

NAMELIST MC_EE
------------------------------------------
pmexpc:   0.00000000    
   expanded ens. prob. for molecule type 1 (pmeemt):   1.0000, lexpand:  F
pmexpc1:   0.00000000    

NAMELIST MC_SIMPLE
------------------------------------------
pm_atom_tra:   0.00000000    
initial maximum displacement for atom translation:  0.100000000E-01
target translation acceptance ratio: 0.50
initial maximum displacement for molecule translation:  0.300000000    
pmtra:  0.670000000    
   translation probability for molecule type 1 (pmtrmt):   1.0000
target rotation acceptance ratio: 0.50
initial maximum displacement for molecule rotation:  0.400000000    
pmrot:  1.000000000    
   rotational probability for molecule type 1 (pmromt):   1.0000

percentage move probabilities:
 volume move       :    0.00 %
 swatch move       :    0.00 %
 swap move         :    0.00 %
 CBMC move         :   34.00 %
 fluct. charge move:    0.00 %
 expanded ens. move:    0.00 %
 new EE move       :    0.00 %
 atom trans. move  :    0.00 %
 translation move  :   33.00 %
 rotation move     :   33.00 %

NAMELIST EXTERNAL_FIELD
------------------------------------------
Steele 10-4-3 slit pore
On both sides of the simulation box (z = 0 & z = boxlz)
Surface material bead type: 190
Surface atom density:  0.11400 [Ang^-3]
Surface layer spacing:  3.40000 [Ang]
a1:  2.46000 [Ang]
Electric field in z direction:     0.00000000         0.00000000     [V/A]

Generating Initial Structures
------------------------------------------
Box 1: 10X10X2
Dimension:   40.0000000    X  40.0000000    X  40.0000000    
Spacing:   4.00000000    X  4.00000000    X  20.0000000    
Box 2: 4X4X2
Dimension:   90.0000000    X  90.0000000    X  90.0000000    
Spacing:   22.5000000    X  22.5000000    X  45.0000000    
 
 sumup control
 number of chains         180
 number of chains of type           1         180
 inter lj energy   -336290.910449429     
 intra lj energy   -31614.3874638728     
 Tail correction   -19514.4537596172     
 bond vibration    0.000000000000000E+000
 bond bending      6.480215002478620E-023
 torsional        -1.361968315904960E-010
 external          0.000000000000000E+000
 coulombic energy  0.000000000000000E+000
 fluc Q energy     0.000000000000000E+000
 well energy       0.000000000000000E+000
 total energy      -367905.297913302     
 
 box             1  initial v   =   -367905.297913302     
 surf. tension :   box 1 =   -2347.44334
 pressure check:   box 1 =     907640.62
 
 sumup control
 number of chains          20
 number of chains of type           1          20
 inter lj energy   -21.1506552289709     
 intra lj energy   -3512.70971820810     
 Tail correction   -21.1506552289709     
 bond vibration    0.000000000000000E+000
 bond bending      3.125553188147157E-023
 torsional        -1.477928890381008E-011
 external          0.000000000000000E+000
 coulombic energy  0.000000000000000E+000
 fluc Q energy     0.000000000000000E+000
 well energy       0.000000000000000E+000
 total energy      -3533.86037343709     
 
 box             2  initial v   =   -3533.86037343709     
 surf. tension :   box 2 =       0.00000
 pressure check:   box 2 =       1302.20
 
 +++++ start of markov chain +++++
 
 Cycle   Total   Energy    Boxlength   Pressure  Molecules
 Box            1
 Type  1 bn   9689.  10059.   9887.   9901.   9943.   9821.
         bs   8443.   8817.   8721.   6813.   6728.   6838.
 max.displ.     0.5228    0.5259    0.5292    0.5505    0.5413    0.5570
 Box            2
 Type  1 bn   1105.   1067.   1134.   1097.   1097.   1128.
         bs   1102.   1067.   1133.   1096.   1094.   1127.
 max.displ.     0.5984    0.6000    0.5995    0.7993    0.7978    0.7993
 Box            1
 Type  1 bn   9880.   9825.   9944.   9792.   9816.   9893.
         bs   7864.   7830.   7879.   5995.   6129.   5973.
 max.displ.     0.8323    0.8383    0.8387    0.6741    0.6760    0.6726
 Box            2
 Type  1 bn   1117.   1159.   1046.   1106.   1134.   1123.
         bs   1117.   1158.   1045.   1098.   1129.   1117.
 max.displ.     1.1967    1.1990    1.1978    1.5870    1.5886    1.5900
  1200    1200  0.2556E+07    40.000    681897.2  180
                0.2766E+06    90.000      1264.6   20
 Box            1
 Type  1 bn   9852.  10018.   9866.   9968.   9805.   9907.
         bs   6787.   6882.   6728.   5556.   5429.   5517.
 max.displ.     1.1468    1.1517    1.1438    0.7514    0.7486    0.7491
 Box            2
 Type  1 bn   1135.   1101.   1053.   1120.   1119.   1143.
         bs   1121.   1084.   1045.   1098.   1098.   1116.
 max.displ.     2.3640    2.3609    2.3774    3.1116    3.1176    3.1050
 Box            1
 Type  1 bn   9736.   9917.   9791.  10003.   9977.   9803.
         bs   5863.   5873.   5984.   5199.   5211.   5123.
 max.displ.     1.3811    1.3641    1.3982    0.7811    0.7820    0.7830
 Box            2
 Type  1 bn   1078.   1086.   1124.   1060.   1095.   1055.
         bs   1068.   1077.   1112.   1045.   1080.   1039.
 max.displ.     4.6841    4.6827    4.7040    3.1415    3.1415    3.1415
  2400    2400  0.2285E+07    40.000    524644.9  180
                0.2536E+06    90.000      2073.7   20
 Box            1
 Type  1 bn   9894.   9787.  10021.   9830.  10022.   9772.
         bs   5479.   5341.   5394.   5156.   5242.   5107.
 max.displ.     1.5297    1.4889    1.5052    0.8194    0.8180    0.8184
 Box            2
 Type  1 bn   1056.   1055.   1113.   1097.   1118.   1091.
         bs   1047.   1042.   1105.   1088.   1105.   1078.
 max.displ.     9.2883    9.2500    9.3404    3.1415    3.1415    3.1415
 Box            1
 Type  1 bn   9943.   9917.   9879.   9968.   9928.   9943.
         bs   5108.   5180.   5070.   5055.   4950.   4998.
 max.displ.     1.5717    1.5554    1.5450    0.8311    0.8157    0.8227
 Box            2
 Type  1 bn   1070.   1037.   1095.   1087.   1060.   1119.
         bs   1046.   1022.   1084.   1080.   1054.   1114.
 max.displ.    18.1599   18.2323   18.4932    3.1415    3.1415    3.1415
 Box            1
 Type  1 bn   9762.  10007.   9908.  10023.   9923.   9893.
         bs   4910.   5078.   5016.   4993.   5028.   4920.
 max.displ.     1.5810    1.5785    1.5643    0.8280    0.8267    0.8183
 Box            2
 Type  1 bn   1123.   1116.   1077.   1095.   1087.   1046.
         bs   1098.   1079.   1053.   1083.   1078.   1034.
 max.displ.    28.0000   28.0000   28.0000    3.1415    3.1415    3.1415
  3600    3600  0.2311E+07    40.000    653054.2  180
                0.2612E+06    90.000      1301.0   20
 Box            1
 Type  1 bn  10005.   9994.   9834.   9881.   9910.   9993.
         bs   5052.   4860.   4987.   4942.   4935.   5112.
 max.displ.     1.5967    1.5352    1.5866    0.8282    0.8233    0.8373
 Box            2
 Type  1 bn   1072.   1125.   1106.   1119.   1093.   1067.
         bs   1042.   1081.   1076.   1112.   1088.   1056.
 max.displ.    28.0000   28.0000   28.0000    3.1415    3.1415    3.1415
 Box            1
 Type  1 bn   9988.   9849.   9850.   9999.   9729.   9966.
         bs   5049.   5023.   4835.   5015.   4906.   5047.
 max.displ.     1.6142    1.5660    1.5576    0.8308    0.8303    0.8480
 Box            2
 Type  1 bn   1114.   1086.   1086.   1087.   1157.   1104.
         bs   1080.   1041.   1045.   1080.   1146.   1092.
 max.displ.    28.0000   28.0000   28.0000    3.1415    3.1415    3.1415
  4800    4800  0.2323E+07    40.000    624205.9  180
                0.2621E+06    90.000      1295.6   20
 Box            1
 Type  1 bn   9804.   9898.   9985.   9963.   9910.  10011.
         bs   4873.   5034.   5119.   4913.   4876.   5002.
 max.displ.     1.6047    1.5928    1.5970    0.8194    0.8171    0.8474
 Box            2
 Type  1 bn   1089.   1124.   1117.   1091.   1066.   1086.
         bs   1056.   1091.   1089.   1080.   1057.   1080.
 max.displ.    28.0000   28.0000   28.0000    3.1415    3.1415    3.1415
 Box            1
 Type  1 bn   9908.  10130.   9732.   9775.   9942.   9922.
         bs   4858.   5031.   4887.   4992.   5052.   4909.
 max.displ.     1.5736    1.5822    1.6039    0.8369    0.8304    0.8385
 Box            2
 Type  1 bn   1066.   1088.   1145.   1112.   1021.   1066.
         bs   1033.   1045.   1100.   1107.   1015.   1053.
 max.displ.    28.0000   28.0000   28.0000    3.1415    3.1415    3.1415
 Box            1
 Type  1 bn   9950.  10065.   9814.   9912.   9899.   9707.
         bs   5075.   5057.   4988.   4851.   4930.   4652.
 max.displ.     1.6052    1.5899    1.6304    0.8192    0.8271    0.8037
 Box            2
 Type  1 bn   1130.   1122.   1045.   1116.   1114.   1128.
         bs   1092.   1080.   1016.   1107.   1102.   1124.
 max.displ.    28.0000   28.0000   28.0000    3.1415    3.1415    3.1415
  6000    6000  0.2421E+07    40.000    623665.0  180
                0.2457E+06    90.000      1270.5   20
 Box            1
 Type  1 bn   9825.   9830.  10021.  10006.   9830.   9703.
         bs   4918.   4898.   4896.   5028.   4820.   4866.
 max.displ.     1.6070    1.5844    1.5931    0.8233    0.8112    0.8061
 Box            2
 Type  1 bn   1059.   1125.   1094.   1099.   1062.   1129.
         bs   1027.   1088.   1063.   1090.   1049.   1116.
 max.displ.    28.0000   28.0000   28.0000    3.1415    3.1415    3.1415
 Box            1
 Type  1 bn   9853.   9941.   9855.   9918.   9887.   9994.
         bs   4948.   4956.   4852.   4963.   4965.   5021.
 max.displ.     1.6140    1.5797    1.5687    0.8239    0.8147    0.8100
 Box            2
 Type  1 bn   1092.   1088.   1128.   1082.   1148.   1086.
         bs   1058.   1047.   1109.   1078.   1130.   1077.
 max.displ.    28.0000   28.0000   28.0000    3.1415    3.1415    3.1415
  7200    7200  0.2361E+07    40.000    586807.8  180
                0.2547E+06    90.000      1296.6   20
 Box            1
 Type  1 bn   9869.   9852.   9983.   9782.   9898.   9798.
         bs   4821.   5039.   5073.   4874.   5005.   4969.
 max.displ.     1.5769    1.6160    1.5944    0.8211    0.8239    0.8216
 Box            2
 Type  1 bn   1088.   1132.   1108.   1121.   1057.   1072.
         bs   1053.   1088.   1071.   1110.   1049.   1067.
 max.displ.    28.0000   28.0000   28.0000    3.1415    3.1415    3.1415
 Box            1
 Type  1 bn   9925.   9867.   9786.   9956.   9921.   9768.
         bs   4864.   4838.   4879.   5002.   4925.   4856.
 max.displ.     1.5456    1.5847    1.5898    0.8250    0.8180    0.8169
 Box            2
 Type  1 bn   1132.   1124.   1128.   1095.   1134.   1079.
         bs   1099.   1083.   1092.   1085.   1121.   1069.
 max.displ.    28.0000   28.0000   28.0000    3.1415    3.1415    3.1415
  8400    8400  0.2245E+07    40.000    626008.5  180
                0.2696E+06    90.000      1758.3   20
 Box            1
 Type  1 bn   9945.   9857.   9860.   9892.  10071.   9871.
         bs   4951.   4865.   4903.   4870.   5062.   4873.
 max.displ.     1.5389    1.5643    1.5811    0.8124    0.8223    0.8065
 Box            2
 Type  1 bn   1177.   1188.   1106.   1124.   1130.   1134.
         bs   1150.   1153.   1063.   1113.   1120.   1131.
 max.displ.    28.0000   28.0000   28.0000    3.1415    3.1415    3.1415
 Box            1
 Type  1 bn  10155.   9814.   9844.   9920.   9957.   9832.
         bs   5170.   4988.   4988.   4964.   5019.   5000.
 max.displ.     1.5670    1.5901    1.6023    0.8130    0.8290    0.8203
 Box            2
 Type  1 bn   1044.   1058.   1174.   1136.   1093.   1081.
         bs   1006.   1025.   1150.   1127.   1082.   1068.
 max.displ.    28.0000   28.0000   28.0000    3.1415    3.1415    3.1415
 Box            1
 Type  1 bn   9812.   9697.  10107.   9980.   9923.  10087.
         bs   4881.   4823.   5105.   5122.   4989.   5108.
 max.displ.     1.5590    1.5817    1.6186    0.8345    0.8336    0.8308
 Box            2
 Type  1 bn   1126.   1130.   1096.   1065.   1083.   1134.
         bs   1088.   1091.   1065.   1059.   1075.   1121.
 max.displ.    28.0000   28.0000   28.0000    3.1415    3.1415    3.1415
  9600    9600  0.2174E+07    40.000    616209.4  180
                0.2901E+06    90.000      1280.7   20
 Box            1
 Type  1 bn   9833.   9930.   9913.   9919.   9852.   9972.
         bs   4977.   5015.   4874.   4934.   4848.   5012.
 max.displ.     1.5782    1.5977    1.5917    0.8302    0.8204    0.8351
 Box            2
 Type  1 bn   1097.   1063.   1121.   1121.   1110.   1051.
         bs   1063.   1026.   1072.   1108.   1101.   1043.
 max.displ.    28.0000   28.0000   28.0000    3.1415    3.1415    3.1415
 Box            1
 Type  1 bn   9829.   9970.   9950.   9911.  10088.   9954.
         bs   4951.   4907.   5004.   4929.   5015.   4968.
 max.displ.     1.5899    1.5727    1.6009    0.8258    0.8157    0.8336
 Box            2
 Type  1 bn   1053.   1070.   1119.   1120.   1070.   1096.
         bs   1010.   1039.   1090.   1116.   1057.   1091.
 max.displ.    28.0000   28.0000   28.0000    3.1415    3.1415    3.1415
 10800   10800  0.2375E+07    40.000    665521.6  180
                0.2590E+06    90.000      1300.5   20
 Box            1
 Type  1 bn   9740.   9833.   9853.   9966.  10002.   9698.
         bs   4924.   4835.   4906.   5038.   4955.   4849.
 max.displ.     1.6075    1.5466    1.5943    0.8349    0.8082    0.8336
 Box            2
 Type  1 bn   1082.   1121.   1068.   1067.   1127.   1147.
         bs   1043.   1094.   1017.   1058.   1120.   1140.
 max.displ.    28.0000   28.0000   28.0000    3.1415    3.1415    3.1415
 Box            1
 Type  1 bn   9917.  10086.   9938.  10003.   9694.   9949.
         bs   4876.   5100.   4898.   4905.   4844.   4930.
 max.displ.     1.5808    1.5641    1.5715    0.8188    0.8077    0.8261
 Box            2
 Type  1 bn   1070.   1072.   1100.   1099.   1077.   1091.
         bs   1033.   1036.   1074.   1094.   1067.   1081.
 max.displ.    28.0000   28.0000   28.0000    3.1415    3.1415    3.1415
 Box            1
 Type  1 bn   9811.   9950.  10062.   9785.  10039.   9834.
         bs   4957.   4938.   5048.   4831.   5007.   4907.
 max.displ.     1.5974    1.5524    1.5768    0.8085    0.8057    0.8245
 Box            2
 Type  1 bn   1113.   1072.   1098.   1098.   1084.   1116.
         bs   1066.   1044.   1068.   1085.   1072.   1104.
 max.displ.    28.0000   28.0000   28.0000    3.1415    3.1415    3.1415
 12000   12000  0.2607E+07    40.000    545564.7  180
                0.2334E+06    90.000      1301.9   20
 
 +++++ end of markov chain +++++
 
 ### Translations ###
 
molecule typ = 1   CCCCCCCC  in box           1
 x-dir: attempts =  236925.0   ratio = 0.543   max.displ. = 0.1597E+01
 y-dir: attempts =  238093.0   ratio = 0.543   max.displ. = 0.1552E+01
 z-dir: attempts =  237683.0   ratio = 0.543   max.displ. = 0.1577E+01
 
molecule typ = 1   CCCCCCCC  in box           2
 x-dir: attempts =   26288.0   ratio = 0.974   max.displ. = 0.2800E+02
 y-dir: attempts =   26409.0   ratio = 0.972   max.displ. = 0.2800E+02
 z-dir: attempts =   26481.0   ratio = 0.976   max.displ. = 0.2800E+02
 
 ### Rotations ###
 
molecule typ = 1    CCCCCCCC  in box           1
 x-dir: attempts =  238053.0   ratio = 0.516   max.displ. = 0.8085E+00
 y-dir: attempts =  237966.0   ratio = 0.516   max.displ. = 0.8057E+00
 z-dir: attempts =  237091.0   ratio = 0.517   max.displ. = 0.8245E+00
 
molecule typ = 1    CCCCCCCC  in box           2
 x-dir: attempts =   26414.0   ratio = 0.992   max.displ. = 0.3142E+01
 y-dir: attempts =   26336.0   ratio = 0.991   max.displ. = 0.3142E+01
 z-dir: attempts =   26372.0   ratio = 0.991   max.displ. = 0.3142E+01
 
 
 ### Configurational-bias ###
 
molecule typ = 1    CCCCCCCC
     length  attempts  succ.growth  accepted   %su.gr.    %accep.
        1  102379.0  102379.0   84876.0    100.00     82.90
        2  102332.0  102327.0   67808.0    100.00     66.26
        3  101416.0  101397.0   54461.0     99.98     53.70
        4  101440.0  101344.0   43262.0     99.91     42.65
        5  102272.0  102084.0   35495.0     99.82     34.71
        6  102001.0  101602.0   28952.0     99.61     28.38
        7  204049.0  202892.0   46944.0     99.43     23.01
 
 
 ### Volume change       ###
 attempts =     0.0   ratio = 0.000   max.displ. = 0.1000E-02
 attempts =     0.0   ratio = 0.000   max.displ. = 0.1000E-02

### Molecule swap       ###

molecule typ = 1    CCCCCCCC
between box 1 and 2 into box 1   uattempts = 0 attempts = 0   accepted = 0
between box 1 and 2 into box 2   uattempts = 0 attempts = 0   accepted = 0
number of times move in: 0  accepted = 0
number of times move out: 0  accepted = 0
 
 ### Charge Fluctuation  ###
 
 
 ### Expanded Ensemble Move  ###
 

New Biasing Potential

molecule  1:   0.00000000      0.00000000     
 
 sumup control
 number of chains         180
 number of chains of type           1         180
 inter lj energy   -246089.350620232     
 intra lj energy    116334.932352292     
 Tail correction   -19514.4537596172     
 bond vibration    0.000000000000000E+000
 bond bending       1908862.41002891     
 torsional          827805.313478886     
 external          0.000000000000000E+000
 coulombic energy  0.000000000000000E+000
 fluc Q energy     0.000000000000000E+000
 well energy       0.000000000000000E+000
 total energy       2606913.30523986     
 
 sumup control
 number of chains          20
 number of chains of type           1          20
 inter lj energy   -28.8700220843654     
 intra lj energy    5509.77029382529     
 Tail correction   -21.1506552289709     
 bond vibration    0.000000000000000E+000
 bond bending       137568.649902657     
 torsional          90378.2056634185     
 external          0.000000000000000E+000
 coulombic energy  0.000000000000000E+000
 fluc Q energy     0.000000000000000E+000
 well energy       0.000000000000000E+000
 total energy       233427.755837816     
 
 vstart       =      -367905.2979133019        -3533.8603734371
 vend         =      2606913.3052398581       233427.7558378162
 vbox         =      2606913.3052377137       233427.7558382277
 
 Averages and fluctuations                        Box  1       Box  2
 
 pressure                           [kPa] =    597104.90      1317.56
 pressure              [simulation units] =    43.248138     0.095430
 surface tension                   [mN/m] =      -5.2280      -0.0167
 chem. potential of type   1          [K] =        0.000        0.000
 boxlength                            [A] =       40.000       90.000
 boxlength                            [A] =       40.000       90.000
 boxlength                            [A] =       40.000       90.000
 no. of chains of type     1              =      180.000       20.000
 molar volume                  [cm^3/mol] =      214.121    21950.705
 specific density                [g/cm^3] =     0.533485     0.005204
 number density of type    1 [chain/nm^3] =      2.81250      0.02743
 molfraction of type       1              =    1.0000000    1.0000000
 mean sete length of type  1        [A^2] =       44.835       45.986
 
 Total energy [K per system and kJ/mol per chain] =    2348215.84     283397.35     108.47     117.81
 Inter LJ     [K per system and kJ/mol per chain] =    -234374.17       -285.88     -10.83      -0.12
 Tail  LJ     [K per system and kJ/mol per chain] =     -19514.45        -21.15      -0.90      -0.01
 Intra LJ     [K per system and kJ/mol per chain] =      49818.62       3792.18       2.30       1.58
 Stretch      [K per system and kJ/mol per chain] =          0.00          0.00       0.00       0.00
 Bond bending [K per system and kJ/mol per chain] =    1705087.24     187849.89      78.76      78.09
 Torsion      [K per system and kJ/mol per chain] =     827684.16      92041.16      38.23      38.26
 Coulomb      [K per system and kJ/mol per chain] =          0.00          0.00       0.00       0.00
 External pot [K per system and kJ/mol per chain] =          0.00          0.00       0.00       0.00
 3-body Garo  [K per system and kJ/mol per chain] =          0.00          0.00       0.00       0.00
 Fluc Q       [K per system and kJ/mol per chain] =          0.00          0.00       0.00       0.00
 
 fluctuation in <vtot> =   105944.97    25334.73
 
 type  box       vinter       vintra         vtor        vbend        vtail
    1    1      0.00000      0.00000      0.00000      0.00000      0.00000
    1    2      0.00000      0.00000      0.00000      0.00000      0.00000
 
 H_vap      [kJ/mol] btwn box    1 and  2 =        38.0113         0.9378         0.3126
 H_vap LJ  [kJ/mol] btwn box     1 and  2 =        39.4944         0.2292         0.0764
 H_vap Coul [kJ/mol] btwn box    1 and  2 =        28.6386         0.1338         0.0446
 pdV        [kJ/mol] btwn box    1 and  2 =        28.6386         0.1338         0.0446
 CED [cal/cc]   btwn box         1 and  2 =        12.9268         0.8771         0.2924
 CED_LJ[cal/cc] btwn box         1 and  2 =        12.1178         0.1974         0.0658
 CED_Coul[cal/cc] btwn box       1 and  2 =         0.0000         0.0000         0.0000
 HSP [(cal/cc)^1/2]  btwn box    1 and  2 =         3.3017         0.1166         0.0389
 HSP_LJ[(cal/cc)^1/2] btwn box   1 and  2 =         3.4523         0.0289         0.0096
 HSP_Cou[(cal/cc)^1/2] btwn box  1 and  2 =         0.0000         0.0000         0.0000
 
 specific density box  1 =  0.53349E+00  0.66277E-11  0.22092E-11
 specific density box  2 =  0.52039E-02  0.27122E-12  0.90407E-13
 system volume    box  1 =  0.64000E+05  0.00000E+00  0.00000E+00
 system volume    box  2 =  0.72900E+06  0.00000E+00  0.00000E+00
 pressure         box  1 =  0.59710E+06   5234.1       1744.7    
 pressure         box  2 =   1317.6       6.1535       2.0512    
 surface tension  box  1 =     -5.22799     16.87585      5.62528
 surface tension  box  2 =     -0.01667      0.05146      0.01715
 
 Total energy     box  1 =  0.23482E+07  0.14019E+05  0.46730E+04
 Inter LJ         box  1 = -0.23437E+06  0.22734E+04  0.75781E+03
 Tail  LJ         box  1 = -0.19514E+05  0.60083E-06  0.20028E-06
 Intra LJ         box  1 =  0.49819E+05  0.22169E+04  0.73897E+03
 Stretch          box  1 =  0.00000E+00  0.00000E+00  0.00000E+00
 Bond bending     box  1 =  0.17051E+07  0.11013E+05  0.36711E+04
 Torsion          box  1 =  0.82768E+06  0.33301E+04  0.11100E+04
 Coulomb          box  1 =  0.00000E+00  0.00000E+00  0.00000E+00
 External pot     box  1 =  0.00000E+00  0.00000E+00  0.00000E+00
 3-body Garo      box  1 =  0.00000E+00  0.00000E+00  0.00000E+00
 Fluc Q           box  1 =  0.00000E+00  0.00000E+00  0.00000E+00
 Total energy     box  2 =  0.28340E+06  0.22268E+04  0.74228E+03
 Inter LJ         box  2 = -0.28588E+03  0.40562E+02  0.13521E+02
 Tail  LJ         box  2 = -0.21151E+02  0.15276E-08  0.50920E-09
 Intra LJ         box  2 =  0.37922E+04  0.34012E+03  0.11337E+03
 Stretch          box  2 =  0.00000E+00  0.00000E+00  0.00000E+00
 Bond bending     box  2 =  0.18785E+06  0.21016E+04  0.70054E+03
 Torsion          box  2 =  0.92041E+05  0.44454E+03  0.14818E+03
 Coulomb          box  2 =  0.00000E+00  0.00000E+00  0.00000E+00
 External pot     box  2 =  0.00000E+00  0.00000E+00  0.00000E+00
 3-body Garo      box  2 =  0.00000E+00  0.00000E+00  0.00000E+00
 Fluc Q           box  2 =  0.00000E+00  0.00000E+00  0.00000E+00
 
 Enthalpy Inst.[kJ/mol] for box  1 =     236.4012       1.1822       0.3941
 Enthalpy Ext. [kJ/mol] for box  1 =     108.5701       0.6011       0.2004
 Enthalpy Inst.[kJ/mol] for box  2 =     146.8427       0.9592       0.3197
 Enthalpy Ext. [kJ/mol] for box  2 =     120.1165       0.9079       0.3026
 
 
 chemical potential  itype  1 box  1 =         0.000        0.000        0.000
 chemical potential  itype  1 box  2 =         0.000        0.000        0.000
 mean sete length    itype  1 box  1 =        44.835        0.242        0.081
 mean sete length    itype  1 box  2 =        45.986        0.316        0.105
 number density      itype  1 box  1 =   0.28125E+01  0.34941E-10  0.11647E-10
 number density      itype  1 box  2 =   0.27435E-01  0.14299E-11  0.47662E-12
 mole fraction       itype  1 box  1 =     1.0000000    0.0000000    0.0000000
 mole fraction       itype  1 box  2 =     1.0000000    0.0000000    0.0000000
 Ostwald Coefficient itype  1 between box  2 and  1 =       102.515625        0.000000
 Free Enrgy of Trans itype  1 between box  2 and  1 [kJ/mol] =     -132.426536        0.000000
 
 
 -----block averages ------
  ------------ box:  1
 block    energy     density    pressure    surf ten   mol fracs
   1  0.2312E+07  0.5335E+00  0.5994E+06 -0.2969E+02  0.1000E+01
   2  0.2363E+07  0.5335E+00  0.5926E+06  0.9771E+01  0.1000E+01
   3  0.2362E+07  0.5335E+00  0.5971E+06  0.5632E+01  0.1000E+01
   4  0.2338E+07  0.5335E+00  0.5996E+06  0.1433E+01  0.1000E+01
   5  0.2344E+07  0.5335E+00  0.5968E+06 -0.2018E+02  0.1000E+01
   6  0.2350E+07  0.5335E+00  0.5985E+06  0.2361E+02  0.1000E+01
   7  0.2356E+07  0.5335E+00  0.6086E+06  0.6063E+01  0.1000E+01
   8  0.2355E+07  0.5335E+00  0.5910E+06 -0.2978E+02  0.1000E+01
   9  0.2350E+07  0.5335E+00  0.5888E+06 -0.1400E+02  0.1000E+01
  10  0.2353E+07  0.5335E+00  0.5988E+06 -0.5132E+01  0.1000E+01
  ------------ box:  2
 block    energy     density    pressure    surf ten   mol fracs
   1  0.2805E+06  0.5204E-02  0.1323E+04 -0.1072E+00  0.1000E+01
   2  0.2856E+06  0.5204E-02  0.1320E+04 -0.9923E-02  0.1000E+01
   3  0.2831E+06  0.5204E-02  0.1306E+04 -0.2212E-01  0.1000E+01
   4  0.2844E+06  0.5204E-02  0.1312E+04  0.3449E-01  0.1000E+01
   5  0.2802E+06  0.5204E-02  0.1314E+04  0.1814E-01  0.1000E+01
   6  0.2827E+06  0.5204E-02  0.1323E+04  0.2041E-01  0.1000E+01
   7  0.2849E+06  0.5204E-02  0.1314E+04 -0.7662E-01  0.1000E+01
   8  0.2806E+06  0.5204E-02  0.1316E+04 -0.1393E-01  0.1000E+01
   9  0.2859E+06  0.5204E-02  0.1319E+04  0.6259E-01  0.1000E+01
  10  0.2861E+06  0.5204E-02  0.1328E+04 -0.7252E-01  0.1000E+01
 Program ended at 2015-05-26 12:14:58.809
dim:   0
sete:                NaN
Uads:                NaN
