 Program started at 2011-01-08 06:37:23.053
 Number of processors:            1
 Random number seed:            2
 L_Coul_CBMC: T
 Number of unit cells in a dir =    5.00000000000000     
 Number of unit cells in b dir =    5.00000000000000     
 Number of unit cells in c dir =    6.00000000000000     
 number of cycles:          10
 lstep: F
 lpresim: F
 iupdatefix:         100
 L_tor_table: F
 L_spline: F
 L_linear: F
 L_vib_table: F
 L_bend_table: F
 L_vdW_table: F
 L_elect_table: F
 number of boxes in the system:           2
 temperature:   450.000000000000       K
 external pressure:  0.100000000000000       0.100000000000000       MPa
 Ghost particles:            0           0
 fluctuating charge temperature:  0.100000000000000       K
 Electric field in z direction:  0.000000000000000E+000  0.000000000000000E+000 
  V/A
 ianalyze:      100000
 nbin         250
 lrdf: F
 lintra: F
 lstretch: F
 lgvst: F
 lbend: F
 lete: F
 lrhoz: F
 bin_width:  2.000000000000000E-002
 iprint:         400
 imv:         400
 iratio:          10
 iblock:         400
 idiele:       10000
 L_movie_xyz F
 box:           1
    boxlx:   34.0000000000000       A
    boxly:   34.0000000000000       A
    boxlz:   34.0000000000000       A
    lsolid: F
    lrect: F
 neighbor list cutoff (rcutnn):  0.000000000000000E+000 A
    rcut:   14.0000000000000      A
 box:           2
    boxlx:   96.0000000000000       A
    boxly:   96.0000000000000       A
    boxlz:   96.0000000000000       A
    lsolid: F
    lrect: F
 neighbor list cutoff (rcutnn):  0.000000000000000E+000 A
    rcut:   32.0000000000000      A
 number of chains:        1000
 number of molecule types:           1
 number of chains of molecule type           1 :        1000
 Lorentz-Berthelot combining rules apply
    lmixlb: T  lmixjo: F  ltab: F
 number of special combining parameters:           0
 minimum cutoff (rmin):   1.00000000000000       A
 softcut:   100.000000000000     
 CBMC inner cutoff (rcutin):   5.00000000000000       A
 AVBMC outer cutoff (rbsmax):   3.50000000000000       A
 AVBMC inner cutoff (rbsmin):   2.50000000000000       A
 molecule type:           1
    number of units:           4
    number of units for CBMC growth:           4
    number of carbons for EH alkane:           4
    maximum number of units for CBMC:           4
    iurot:           0
    lelect: T
    lflucq: F
    lqtrans: F
    lexpand: F
    lavbmc1: F
    lavbmc2: F
    lavbmc3: F
    fqegp:  0.000000000000000E+000
    lsetup: F
    lq14scale: F
    qscale:  0.000000000000000E+000
    energy offset for box           1 :  0.000000000000000E+000  K
    energy offset for box           2 :  0.000000000000000E+000  K
    bead            1  beadtype          114  charge leader            1
       bead           1  bonded to bead           2
          bond type: 18 bond length:    0.957 k/2:      0.0
       bead           1  bonded to bead           3
          bond type: 18 bond length:    0.957 k/2:      0.0
    bead            2  beadtype          115  charge leader            2
       bead           2  bonded to bead           1
          bond type: 18 bond length:    0.957 k/2:      0.0
    bead            3  beadtype          115  charge leader            2
       bead           3  bonded to bead           1
          bond type: 18 bond length:    0.957 k/2:      0.0
    bead            4  beadtype          116  charge leader            2
 licell: F
 rintramax:  0.000000000000000E+000  A
 boxlink:           1
 initial maximum displacements for atoms:  0.0100  0.0100  0.0100
 initial maximum x, y and z displacement:  0.3000  0.3000  0.3000
 initial maximum x, y and z rotation:      0.4000  0.4000  0.4000
 target translational acceptance ratio:  0.500000000000000     
 target rotational acceptance ratio:  0.500000000000000     
 linit: F
 lreadq: F
 lbranch for molecule type           1 : T
 box:           1
    initial number of chains of type           1 :         950
    initial number of chains in x, y and z directions:   10   10   10
    initial rotational displacement:           0
    inimix:           0
    zshift:  0.000000000000000E+000
    dshift:   2.00000000000000     
    nchoiq:           1
 box:           2
    initial number of chains of type           1 :          50
    initial number of chains in x, y and z directions:    4    4    4
    initial rotational displacement:           0
    inimix:           0
    zshift:  0.000000000000000E+000
    dshift:   2.00000000000000     
    nchoiq:           1
 initial maximum volume displacement (rmvol) in box           1 :
  1.000000000000000E-003
 initial maximum volume displacement (rmvol) in box           2 :
  1.000000000000000E-003
 target volume acceptance ratio (tavol):  0.400000000000000     
 iratv:         500
 iratp:           5
 initial maximum fluct. charge displ. for chain type           1  box
           1 :  0.100000000000000     
 initial maximum fluct. charge displ. for chain type           1  box
           2 :  0.100000000000000     
 target fluctuating charge acceptance ratio (taflcq):  0.950000000000000     
 pmvol:  2.500000000000000E-004
    pmvlmt for box           1 :   1.00000000000000     
    pmvlmt for box           2 :   1.00000000000000     
 nvolb:           1
    pmvolb:   1.00000000000000     
    box pair for volume move number           1 :           1           2
 pmswat:  0.000000000000000E+000
    number of swatch pairs (nswaty):           1
    swatch molecule type pairs:           2           3
    probability of each swatch pair:   1.00000000000000     
    nsampos:           1
    ncut:           1           1
    splist:           1           1
    box pair:           1           2
 pmswap:  5.600000000000000E-003
       swap probability for molecule type         1 (pmswmt):  1.0000
    number of swap moves for molecule type           1 :           1
       pmswapb:   1.00000000000000     
       box pair:           1           2
 pmcb:  0.000000000000000E+000
       CBMC probability for molecule type         1 (pmcbmt):  1.0000
    pmall for molecule type           1 :  0.000000000000000E+000
            probability for SAFE-CBMC for molec   1  (pmfix):  0.0000
 pmflcq:  0.000000000000000E+000
       flcq probability for molecule type         1 (pmfqmt):  1.0000
 pmexpc:  0.000000000000000E+000
         expanded ens. prob. for molecule type    1 (pmeemt):  1.0000
 pmtra:  0.502800000000000     
      translation probability for molecule   ty   1 (pmtrmt):  1.0000
 pmrot:   1.00000000000000     
       rotational probability for molecule    t   1 (pmromt):  1.0000
 
 percentage move probabilities:
 volume move       :    0.03 %
 swatch move       :    0.00 %
 swap move         :    0.53 %
 CBMC move         :    0.00 %
 fluct charge move :    0.00 %
 expanded ens move :    0.00 %
 translation move  :   49.72 %
 rotation move     :   49.72 %
 
 Fraction of atom translations move  0.000000000000000E+000
 
 molecule type :           1   
      nchoi1   :          15  
      nchoi    :           8  
      nchoir   :          10  
      nchoih   :           1  
      nchtor   :         100
 nchbna and nchbnb for molecule type           1 :        1000        1000
 icbdir for molecule type           1 :           0
 icbsta for molecule type           1 :           0
 nexclu:           0
 inclnum:           0
 ainclnum:           0
 
 INCLUSION TABLE
           1 F F F F
           2 F F F F
           3 F F F F
           4 F F F F
 
 
 CHARGE INCLUSION TABLE
           1 F F F F
           2 F F F F
           3 F F F F
           4 F F F F
 
 1-4 LJ SCALING FACTORS
           1   1.00000000000000        1.00000000000000     
   1.00000000000000        1.00000000000000     
           2   1.00000000000000        1.00000000000000     
   1.00000000000000        1.00000000000000     
           3   1.00000000000000        1.00000000000000     
   1.00000000000000        1.00000000000000     
           4   1.00000000000000        1.00000000000000     
   1.00000000000000        1.00000000000000     
 
 1-4 CHARGE SCALING FACTORS
           1   1.00000000000000        1.00000000000000     
   1.00000000000000        1.00000000000000     
           2   1.00000000000000        1.00000000000000     
   1.00000000000000        1.00000000000000     
           3   1.00000000000000        1.00000000000000     
   1.00000000000000        1.00000000000000     
           4   1.00000000000000        1.00000000000000     
   1.00000000000000        1.00000000000000     
 lucall: F
    ucheck for molecule type           1 :           0
 nvirial:           0
 starvir:  0.000000000000000E+000
 stepvir:  0.000000000000000E+000
 lideal:  F F
 ltwice:  F F
 lrplc:  F
 
 ***** program   =  THE MAGIC BLACK BOX
 NVT Gibbs ensemble
 using periodic boundaries
 in x-direction
 in y-direction
 in z-direction
           3 -dimensional periodic box
 particle coordinates are folded into central box
 additional (COM) cutoff on computed rcmu
 Dual Cutoff Configurational-bias Monte Carlo
 CBMC simultaneously grows all beads conected to the same bead
 with bond angles generated from Gaussian distribution
 Program will call Explct.f if needed
 Lennard-Jones potential for bead-bead
 with additional tail corrections
 Coulombic inter- and intramolecular interactions
 Ewald-sum will be used to calculate Coulombic interactions
 
 MOLECULAR MASS:   18.0148000000000     
 new maximum displacements read from restart-file
 box      #           1
 molecule type           1
 max trans. displacement:          0.523075  0.521417  0.522615
 max rot. displacement:            0.632093  0.635149  0.635606
 box      #           2
 molecule type           1
 max trans. displacement:         64.000000 64.000000 64.000000
 max rot. displacement:            3.141500  3.141500  3.141500
 maximum fluc q displacements: Box #           1
  0.100000000000000     
 maximum fluc q displacements: Box #           2
  0.100000000000000     
 max volume displacement:          0.2186E-01  0.1000E-02
 
 
 
 new box size read from restart-file
 
 
 
 dimension box 1  :  a:      31.393971   b:      31.393971   c   :     31.393971
 
 
 dimension box 2  :  a:      80.095027   b:      80.095027   c   :     80.095027
 
 Finished writing simulation box related info
 
 ****Ewald Parameters*****
 ibox   calp(ibox)  kmaxl(ibox)   kmaxm(ibox)   kmaxn(ibox)   rcut(ibox)
   1         0.228571           8           8           8                 14.0000
   2         0.100000           9           9           9                 32.0000
 
 molecule type           1
    i   j   type_i type_j   bond length        k/2
    1   2    114    115       0.9572           0.0
    1   3    114    115       0.9572           0.0
    2   1    115    114       0.9572           0.0
    3   1    115    114       0.9572           0.0
 
    i   j   k   type_i type_j type_k     angle      k/2
 
    i   j   k   l    type_i type_j type_k type_l     torsion type
 
      i   j    sig2ij     epsij         q0(i)          q0(j)
    114 114   3.15400  78.00000       0.000000       0.000000
    114 115   0.00000   0.00000       0.000000       0.520000
    114 116   0.00000   0.00000       0.000000      -1.040000
    115 114   0.00000   0.00000       0.520000       0.000000
    115 115   0.00000   0.00000       0.520000       0.520000
    115 116   0.00000   0.00000       0.520000      -1.040000
    116 114   0.00000   0.00000      -1.040000       0.000000
    116 115   0.00000   0.00000      -1.040000       0.520000
    116 116   0.00000   0.00000      -1.040000      -1.040000
 
 number of mc cycles:                      10
 number of chains:                       1000
 
 temperature:                       450.000000000000     
 
 ex-pressure:                      7.242900000000000E-003
  7.242900000000000E-003
 
 
 sumup control
 number of chains         867
 number of chains of type           1         867
 inter lj energy    453757.117240683     
 intra lj energy   0.000000000000000E+000
 Tail correction   -5694.81670937465     
 bond vibration    0.000000000000000E+000
 bond bending      0.000000000000000E+000
 torsional         0.000000000000000E+000
 external          0.000000000000000E+000
 coulombic energy  -3852164.54228314     
 fluc Q energy     0.000000000000000E+000
 well energy       0.000000000000000E+000
 total energy      -3398407.42504246     
 
 box             1  initial v   =   -3398407.42504246     
 surf. tension :   box 1 =     -32.72911
 pressure check:   box 1 =     -23872.74
 
 sumup control
 number of chains         133
 number of chains of type           1         133
 inter lj energy    6966.23339409258     
 intra lj energy   0.000000000000000E+000
 Tail correction  -0.675802664689419     
 bond vibration    0.000000000000000E+000
 bond bending      0.000000000000000E+000
 torsional         0.000000000000000E+000
 external          0.000000000000000E+000
 coulombic energy  -53042.7768924955     
 fluc Q energy     0.000000000000000E+000
 well energy       0.000000000000000E+000
 total energy      -46076.5434984029     
 
 box             2  initial v   =   -46076.5434984029     
 surf. tension :   box 2 =       1.12914
 pressure check:   box 2 =       1193.73
 
 +++++ start of markov chain +++++
 
 Cycle   Total   Energy    Boxlength   Pressure  Molecules
 Box            1
 Type 1 bn   1477.   1387.   1459.   1409.   1425.   1468.
 max.displ.     0.5192    0.5534    0.5323    0.6191    0.6365    0.5949
 Box            2
 Type 1 bn    225.    227.    182.    228.    242.    205.
 max.displ.    64.0000   64.0000   64.0000    3.1415    3.1415    3.1415
 
 +++++ end of markov chain +++++
 
 ### Translations ###
 
 molecule typ =           1  in box           1
 x-dir: attempts =    1477.0   ratio = 0.496   max.displ. = 0.5192E+00
 y-dir: attempts =    1387.0   ratio = 0.531   max.displ. = 0.5534E+00
 z-dir: attempts =    1459.0   ratio = 0.509   max.displ. = 0.5323E+00
 
 molecule typ =           1  in box           2
 x-dir: attempts =     225.0   ratio = 0.582   max.displ. = 0.6400E+02
 y-dir: attempts =     227.0   ratio = 0.621   max.displ. = 0.6400E+02
 z-dir: attempts =     182.0   ratio = 0.621   max.displ. = 0.6400E+02
 
 ### Rotations ###
 
 molecule typ =           1  in box           1
 x-dir: attempts =    1409.0   ratio = 0.490   max.displ. = 0.6191E+00
 y-dir: attempts =    1425.0   ratio = 0.501   max.displ. = 0.6365E+00
 z-dir: attempts =    1468.0   ratio = 0.468   max.displ. = 0.5949E+00
 
 molecule typ =           1  in box           2
 x-dir: attempts =     228.0   ratio = 0.719   max.displ. = 0.3142E+01
 y-dir: attempts =     242.0   ratio = 0.711   max.displ. = 0.3142E+01
 z-dir: attempts =     205.0   ratio = 0.766   max.displ. = 0.3142E+01
 
 
 ### Volume change       ###
 attempts =     3.0   ratio = 0.333   max.displ. = 0.2186E-01
 attempts =     0.0   ratio = 0.000   max.displ. = 0.1000E-02
 
 ### Molecule swap       ###
 
 molecule typ =           1
between box  1 and  2 into box 1   uattempts =        30.0 attempts =     30.0   accepted =     0.0
 suc.growth % =100.000   accepted % =  0.000
between box  1 and  2 into box 2   uattempts =        33.0 attempts =     33.0   accepted =     0.0
 suc.growth % =100.000   accepted % =  0.000
number of times move in:          0.0  accepted=     0.0
number of times move out:          0.0  accepted=     0.0
 
 ### Molecule swatch     ###
 
 pair typ =           1
 moltyps =            2  and           3
between box  1 and  2   uattempts =         0.0  attempts =      0.0  accepted =     0.0
 
 ### Charge Fluctuation  ###
 
 
 ### Expanded Ensemble Move  ###
 
 
 sumup control
 number of chains         867
 number of chains of type           1         867
 inter lj energy    477791.826523323     
 intra lj energy   0.000000000000000E+000
 Tail correction   -5801.62332106061     
 bond vibration    0.000000000000000E+000
 bond bending      0.000000000000000E+000
 torsional         0.000000000000000E+000
 external          0.000000000000000E+000
 coulombic energy  -3909481.64599167     
 fluc Q energy     0.000000000000000E+000
 well energy       0.000000000000000E+000
 total energy      -3431689.81946835     
 
 sumup control
 number of chains         133
 number of chains of type           1         133
 inter lj energy    7528.55927452742     
 intra lj energy   0.000000000000000E+000
 Tail correction  -0.675054306667938     
 bond vibration    0.000000000000000E+000
 bond bending      0.000000000000000E+000
 torsional         0.000000000000000E+000
 external          0.000000000000000E+000
 coulombic energy  -48503.9909971670     
 fluc Q energy     0.000000000000000E+000
 well energy       0.000000000000000E+000
 total energy      -40975.4317226396     
 
 vstart       =     -3398407.4250424556       -46076.5434984029
 vend         =     -3431689.8194683515       -40975.4317226396
 vbox         =     -3431689.8194685429       -40975.4317226404
 
 Averages and fluctuations                            Box 1       Box 2
 
 pressure                               [kPa] =   -13464.83     1400.80
 pressure                  [simulation units] =   -0.975244    0.101458
 surface tension                       [mN/m] =   -159.2875     -0.5440
 chem. potential of type       1          [K] =   -3735.343   -5909.500
 
 boxlength                                [A] =      31.322      80.106
 boxlength                                [A] =      31.322      80.106
 boxlength                                [A] =      31.322      80.106
 no. of chains of type         1              =     867.000     133.000
 molar volume                      [cm^3/mol] =      21.342    2327.495
 specific density                    [g/cm^3] =    0.844112    0.007740
 number density of type        1 [chain/nm^3] =    28.21723     0.25873
 molfraction of type           1              =   1.0000000   1.0000000
 mean sete length of type      1        [A^2] =       0.023       0.022
 
 Total energy  [K per system and kJ/mol per chain] =   -3410888.24   -44746.88        -32.71       -2.80
 Inter LJ      [K per system and kJ/mol per chain] =     465570.31     7715.84          4.46        0.48
 Bond bending  [K per system and kJ/mol per chain] =          0.00        0.00          0.00        0.00
 Torsion       [K per system and kJ/mol per chain] =          0.00        0.00          0.00        0.00
 Intra LJ      [K per system and kJ/mol per chain] =          0.00        0.00          0.00        0.00
 External pot  [K per system and kJ/mol per chain] =          0.00        0.00          0.00        0.00
 Stretch       [K per system and kJ/mol per chain] =          0.00        0.00          0.00        0.00
 Coulomb       [K per system and kJ/mol per chain] =   -3876458.55   -52462.72        -37.18       -3.28
 Tail  LJ      [K per system and kJ/mol per chain] =      -5734.74       -0.68         -0.05        0.00
 Fluc Q        [K per system and kJ/mol per chain] =          0.00        0.00          0.00        0.00
 
 fluctuation in <vtot>                          =    14865.51     1846.51
 
 type  box     vinter      vintra      vtor        vbend       vtail
    1    1     0.00000     0.00000     0.00000     0.00000     0.00000
    1    2     0.00000     0.00000     0.00000     0.00000     0.00000
 Program ended at 2011-01-08 06:37:31.599
