 L_Coul_CBMC: T
 Number of unit cells in a dir =    5.00000000000000     
 Number of unit cells in b dir =    5.00000000000000     
 Number of unit cells in c dir =    6.00000000000000     
 number of cycles:           5
 lstep: F
 lpresim: F
 iupdatefix:         100
 L_tor_table: F
 L_spline: F
 L_linear: F
 L_vib_table: F
 L_bend_table: F
 L_vdW_table: F
 L_elect_table: F
 number of boxes in the system:           2
 temperature:   573.000000000000       K
 external pressure:  0.100000000000000       0.100000000000000       MPa
 Ghost particles:            0           0
 fluctuating charge temperature:   5.00000000000000       K
 Electric field in z direction:  0.000000000000000E+000  0.000000000000000E+000 
  V/A
 ianalyze:        1000
 nbin         250
 lrdf: F
 lintra: F
 lstretch: F
 lgvst: F
 lbend: F
 lete: F
 lrhoz: F
 bin_width:  0.200000000000000     
 iprint:           5
 imv:        1000
 iratio:         500
 iblock:           5
 idiele:           1
 L_movie_xyz F
 box:           1
    boxlx:   34.1000000000000       A
    boxly:   34.1000000000000       A
    boxlz:   34.1000000000000       A
    lsolid: F
    lrect: F
 neighbor list cutoff (rcutnn):  0.000000000000000E+000 A
    rcut:   14.0000000000000      A
 box:           2
    boxlx:   42.5000000000000       A
    boxly:   42.5000000000000       A
    boxlz:   42.5000000000000       A
    lsolid: F
    lrect: F
 neighbor list cutoff (rcutnn):  0.000000000000000E+000 A
    rcut:   14.0000000000000      A
 number of chains:         200
 number of molecule types:           1
 number of chains of molecule type           1 :         200
 Lorentz-Berthelot combining rules apply
    lmixlb: T  lmixjo: F
 number of special combining parameters:           0
 minimum cutoff (rmin):   1.00000000000000       A
 softcut:   100.000000000000     
 CBMC inner cutoff (rcutin):   5.00000000000000       A
 AVBMC outer cutoff (rbsmax):   3.50000000000000       A
 AVBMC inner cutoff (rbsmin):   2.50000000000000       A
 molecule type:           1
    number of units:           8
    number of units for CBMC growth:           8
    number of carbons for EH alkane:           8
    maximum number of units for CBMC:           8
    iurot:           0
    lelect: T
    lflucq: F
    lqtrans: F
    lexpand: F
    lavbmc1: F
    lavbmc2: F
    lavbmc3: F
    fqegp:  0.000000000000000E+000
    lsetup: F
    lq14scale: T
    qscale:  0.500000000000000     
    energy offset for box           1 :  0.000000000000000E+000  K
    energy offset for box           2 :  0.000000000000000E+000  K
    bead            1  beadtype            4  charge leader            1
       bead           1  bonded to bead           2
          bond type:  1 bond length:    1.540 k/2:      0.0
           1
       bead   1 bending interaction through   2 with bead   3
          bend type:  1 bend angle :  114.000 k/2:  31250.0
       bead  1            torsional interact  2 and  3 with bead  4 of torsional type:   2
       bead  1            torsional interact  2 and  3 with bead  7 of torsional type:   2
    bead            2  beadtype            5  charge leader            2
       bead           2  bonded to bead           1
          bond type:  1 bond length:    1.540 k/2:      0.0
       bead           2  bonded to bead           3
          bond type:  1 bond length:    1.540 k/2:      0.0
           2
       bead   2 bending interaction through   3 with bead   4
          bend type:  2 bend angle :  112.000 k/2:  31250.0
       bead   2 bending interaction through   3 with bead   7
          bend type: 36 bend angle :  109.470 k/2:  25200.0
       bead  2            torsional interact  3 and  4 with bead  5 of torsional type:   2
       bead  2            torsional interact  3 and  7 with bead  8 of torsional type:   7
    bead            3  beadtype           65  charge leader            3
       bead           3  bonded to bead           2
          bond type:  1 bond length:    1.540 k/2:      0.0
       bead           3  bonded to bead           4
          bond type:  1 bond length:    1.540 k/2:      0.0
       bead           3  bonded to bead           7
          bond type: 30 bond length:    1.430 k/2:      0.0
           3
       bead   3 bending interaction through   2 with bead   1
          bend type:  1 bend angle :  114.000 k/2:  31250.0
       bead   3 bending interaction through   4 with bead   5
          bend type: 36 bend angle :  109.470 k/2:  25200.0
       bead   3 bending interaction through   7 with bead   8
          bend type: 35 bend angle :  108.500 k/2:  27720.0
       bead  3            torsional interact  4 and  5 with bead  6 of torsional type:   5
    bead            4  beadtype           64  charge leader            4
       bead           4  bonded to bead           3
          bond type:  1 bond length:    1.540 k/2:      0.0
       bead           4  bonded to bead           5
          bond type: 30 bond length:    1.430 k/2:      0.0
           3
       bead   4 bending interaction through   3 with bead   2
          bend type:  2 bend angle :  112.000 k/2:  31250.0
       bead   4 bending interaction through   5 with bead   6
          bend type: 35 bend angle :  108.500 k/2:  27720.0
       bead   4 bending interaction through   3 with bead   7
          bend type: 36 bend angle :  109.470 k/2:  25200.0
       bead  4            torsional interact  3 and  2 with bead  1 of torsional type:   2
       bead  4            torsional interact  3 and  7 with bead  8 of torsional type:   7
    bead            5  beadtype           62  charge leader            5
       bead           5  bonded to bead           4
          bond type: 30 bond length:    1.430 k/2:      0.0
       bead           5  bonded to bead           6
          bond type: 29 bond length:    0.945 k/2:      0.0
           1
       bead   5 bending interaction through   4 with bead   3
          bend type: 36 bend angle :  109.470 k/2:  25200.0
       bead  5            torsional interact  4 and  3 with bead  2 of torsional type:   2
       bead  5            torsional interact  4 and  3 with bead  7 of torsional type:   2
    bead            6  beadtype           61  charge leader            5
       bead           6  bonded to bead           5
          bond type: 29 bond length:    0.945 k/2:      0.0
           1
       bead   6 bending interaction through   5 with bead   4
          bend type: 35 bend angle :  108.500 k/2:  27720.0
       bead  6            torsional interact  5 and  4 with bead  3 of torsional type:   5
    bead            7  beadtype           62  charge leader            5
       bead           7  bonded to bead           3
          bond type: 30 bond length:    1.430 k/2:      0.0
       bead           7  bonded to bead           8
          bond type: 29 bond length:    0.945 k/2:      0.0
           2
       bead   7 bending interaction through   3 with bead   2
          bend type: 36 bend angle :  109.470 k/2:  25200.0
       bead   7 bending interaction through   3 with bead   4
          bend type: 36 bend angle :  109.470 k/2:  25200.0
       bead  7            torsional interact  3 and  2 with bead  1 of torsional type:   2
       bead  7            torsional interact  3 and  4 with bead  5 of torsional type:   2
    bead            8  beadtype           61  charge leader            5
       bead           8  bonded to bead           7
          bond type: 29 bond length:    0.945 k/2:      0.0
           1
       bead   8 bending interaction through   7 with bead   3
          bend type: 35 bend angle :  108.500 k/2:  27720.0
       bead  8            torsional interact  7 and  3 with bead  2 of torsional type:   7
       bead  8            torsional interact  7 and  3 with bead  4 of torsional type:   7
 licell: F
 rintramax:  0.000000000000000E+000  A
 boxlink:           1
 initial maximum displacements for atoms:  0.0100  0.0100  0.0100
 initial maximum x, y and z displacement:  0.3000  0.3000  0.3000
 initial maximum x, y and z rotation:      0.4000  0.4000  0.4000
 target translational acceptance ratio:  0.500000000000000     
 target rotational acceptance ratio:  0.500000000000000     
 linit: F
 lnewtab: F
 lreadq: F
 lbranch for molecule type           1 : F
 box:           1
    initial number of chains of type           1 :         180
    initial number of chains in x, y and z directions:    6    6    5
    initial rotational displacement:          10
    inimix:           0
    zshift:  0.000000000000000E+000
    dshift:   3.80000000000000     
    nchoiq:           1
 box:           2
    initial number of chains of type           1 :          20
    initial number of chains in x, y and z directions:    5    2    2
    initial rotational displacement:           0
    inimix:           0
    zshift:  0.000000000000000E+000
    dshift:   10.6250000000000     
    nchoiq:           1
 initial maximum volume displacement (rmvol) in box           1 :
  1.000000000000000E-003
 initial maximum volume displacement (rmvol) in box           2 :
  1.000000000000000E-003
 target volume acceptance ratio (tavol):  0.400000000000000     
 iratv:         250
 iratp:           5
 initial maximum fluct. charge displ. for chain type           1  box
           1 :  0.100000000000000     
 initial maximum fluct. charge displ. for chain type           1  box
           2 :  0.100000000000000     
 target fluctuating charge acceptance ratio (taflcq):  0.950000000000000     
 pmvol:  0.100000000000000     
    pmvlmt for box           1 :  0.500000000000000     
    pmvlmt for box           2 :   1.00000000000000     
 nvolb:           1
    pmvolb:   1.00000000000000     
    box pair for volume move number           1 :           1           2
 pmswat:  0.000000000000000E+000
    number of swatch pairs (nswaty):           1
    swatch molecule type pairs:           2           3
    probability of each swatch pair:   1.00000000000000     
    nsampos:           1
    ncut:           1           1
    splist:           1           1
    box pair:           1           2
 pmswap:  0.120000000000000     
       swap probability for molecule type         1 (pmswmt):  1.0000
    number of swap moves for molecule type           1 :           1
       pmswapb:   1.00000000000000     
       box pair:           1           2
 pmcb:  0.350000000000000     
       CBMC probability for molecule type         1 (pmcbmt):  1.0000
    pmall for molecule type           1 :  0.000000000000000E+000
            probability for SAFE-CBMC for molec   1  (pmfix):  0.0000
 pmflcq:  0.000000000000000E+000
       flcq probability for molecule type         1 (pmfqmt):  1.0000
 pmexpc:  0.000000000000000E+000
         expanded ens. prob. for molecule type    1 (pmeemt):  1.0000
 pmtra:  0.650000000000000     
      translation probability for molecule   ty   1 (pmtrmt):  1.0000
 pmrot:   1.00000000000000     
       rotational probability for molecule    t   1 (pmromt):  1.0000
 
 percentage move probabilities:
 volume move       :   10.00 %
 swatch move       :    0.00 %
 swap move         :    2.00 %
 CBMC move         :   23.00 %
 fluct charge move :    0.00 %
 expanded ens move :    0.00 %
 translation move  :   30.00 %
 rotation move     :   35.00 %
 
 
 Fraction of atom translations move  0.000000000000000E+000
 molecule type :           1   
      nchoi1   :          10  
      nchoi    :           8  
      nchoir   :          10  
      nchoih   :           1  
      nchtor   :         100
 nchbna and nchbnb for molecule type           1 :        1000        1000
 icbdir for molecule type           1 :           0
 icbsta for molecule type           1 :           0
 nexclu:           0
 inclnum:           0
 ainclnum:           2
 repulsive 1-5 OH interaction for chain type           1  between beads
           6  and           7  of type:           2
 repulsive 1-5 OH interaction for chain type           1  between beads
           5  and           8  of type:           2
 
 INCLUSION TABLE
           1 F F F F T T F T
           2 F F F F F T F F
           3 F F F F F F F F
           4 F F F F F F F F
           5 T F F F F F F T
           6 T T F F F F T T
           7 F F F F F T F F
           8 T F F F T T F F
 
 
 CHARGE INCLUSION TABLE
           1 F F F F F F F F
           2 F F F F F F F F
           3 F F F F F T F F
           4 F F F F F F F T
           5 F F F F F F T T
           6 F F T F F F T T
           7 F F F F T T F F
           8 F F F T T T F F
 
 1-4 LJ SCALING FACTORS
           1   1.00000000000000        1.00000000000000     
   1.00000000000000        1.00000000000000        1.00000000000000     
   1.00000000000000        1.00000000000000        1.00000000000000     
           2   1.00000000000000        1.00000000000000     
   1.00000000000000        1.00000000000000        1.00000000000000     
   1.00000000000000        1.00000000000000        1.00000000000000     
           3   1.00000000000000        1.00000000000000     
   1.00000000000000        1.00000000000000        1.00000000000000     
   1.00000000000000        1.00000000000000        1.00000000000000     
           4   1.00000000000000        1.00000000000000     
   1.00000000000000        1.00000000000000        1.00000000000000     
   1.00000000000000        1.00000000000000        1.00000000000000     
           5   1.00000000000000        1.00000000000000     
   1.00000000000000        1.00000000000000        1.00000000000000     
   1.00000000000000        1.00000000000000        1.00000000000000     
           6   1.00000000000000        1.00000000000000     
   1.00000000000000        1.00000000000000        1.00000000000000     
   1.00000000000000        1.00000000000000        1.00000000000000     
           7   1.00000000000000        1.00000000000000     
   1.00000000000000        1.00000000000000        1.00000000000000     
   1.00000000000000        1.00000000000000        1.00000000000000     
           8   1.00000000000000        1.00000000000000     
   1.00000000000000        1.00000000000000        1.00000000000000     
   1.00000000000000        1.00000000000000        1.00000000000000     
 
 1-4 CHARGE SCALING FACTORS
           1   1.00000000000000        1.00000000000000     
   1.00000000000000       0.500000000000000        1.00000000000000     
   1.00000000000000       0.500000000000000        1.00000000000000     
           2   1.00000000000000        1.00000000000000     
   1.00000000000000        1.00000000000000       0.500000000000000     
   1.00000000000000        1.00000000000000       0.500000000000000     
           3   1.00000000000000        1.00000000000000     
   1.00000000000000        1.00000000000000        1.00000000000000     
  0.500000000000000        1.00000000000000        1.00000000000000     
           4  0.500000000000000        1.00000000000000     
   1.00000000000000        1.00000000000000        1.00000000000000     
   1.00000000000000        1.00000000000000       0.500000000000000     
           5   1.00000000000000       0.500000000000000     
   1.00000000000000        1.00000000000000        1.00000000000000     
   1.00000000000000       0.500000000000000        1.00000000000000     
           6   1.00000000000000        1.00000000000000     
  0.500000000000000        1.00000000000000        1.00000000000000     
   1.00000000000000        1.00000000000000        1.00000000000000     
           7  0.500000000000000        1.00000000000000     
   1.00000000000000        1.00000000000000       0.500000000000000     
   1.00000000000000        1.00000000000000        1.00000000000000     
           8   1.00000000000000       0.500000000000000     
   1.00000000000000       0.500000000000000        1.00000000000000     
   1.00000000000000        1.00000000000000        1.00000000000000     
 lucall: F
    ucheck for molecule type           1 :           0
 nvirial:           0
 starvir:  0.000000000000000E+000
 stepvir:  0.000000000000000E+000
 lideal:  F F
 ltwice:  F F
 lrplc:  F
 
 ***** program   =  THE MAGIC BLACK BOX
 NVT Gibbs ensemble
 using periodic boundaries
 in x-direction
 in y-direction
 in z-direction
           3 -dimensional periodic box
 particle coordinates are folded into central box
 additional (COM) cutoff on computed rcmu
 Dual Cutoff Configurational-bias Monte Carlo
 CBMC simultaneously grows all beads conected to the same bead
 with bond angles generated from Gaussian distribution
 Program will call Explct.f if needed
 Lennard-Jones potential for bead-bead
 with additional tail corrections
 Coulombic inter- and intramolecular interactions
 Ewald-sum will be used to calculate Coulombic interactions
 
 MOLECULAR MASS:   90.1212000000000     
 new maximum displacements read from restart-file
 box      #           1
 molecule type           1
 max trans. displacement:          0.618650  0.633981  0.620413
 max rot. displacement:            0.368188  0.384805  0.363044
 box      #           2
 molecule type           1
 max trans. displacement:         28.000000 28.000000 28.000000
 max rot. displacement:            3.141500  3.141500  3.141500
 maximum fluc q displacements: Box #           1
  0.100000000000000     
 maximum fluc q displacements: Box #           2
  0.100000000000000     
 max volume displacement:          0.3939E-01  0.1000E-02
 
 
 
 new box size read from restart-file
 
 
 
 dimension box 1  :  a:      33.593649   b:      33.593649   c   :     33.593649
 
 
 dimension box 2  :  a:      42.818760   b:      42.818760   c   :     42.818760
 
 Finished writing simulation box related info
 
 ****Ewald Parameters*****
 ibox   calp(ibox)  kmaxl(ibox)   kmaxm(ibox)   kmaxn(ibox)   rcut(ibox)
   1         0.228571           8           8           8                 14.0000
   2         0.228571          10          10          10                 14.0000
 
 molecule type           1
    i   j   type_i type_j   bond length        k/2
    1   2      4      5       1.5400           0.0
    2   1      5      4       1.5400           0.0
    2   3      5     65       1.5400           0.0
    3   2     65      5       1.5400           0.0
    3   4     65     64       1.5400           0.0
    3   7     65     62       1.4300           0.0
    4   3     64     65       1.5400           0.0
    4   5     64     62       1.4300           0.0
    5   4     62     64       1.4300           0.0
    5   6     62     61       0.9450           0.0
    6   5     61     62       0.9450           0.0
    7   3     62     65       1.4300           0.0
    7   8     62     61       0.9450           0.0
    8   7     61     62       0.9450           0.0
 
    i   j   k   type_i type_j type_k     angle      k/2
    1   2   3      4      5     65      114.00     31250.0
    2   3   4      5     65     64      112.00     31250.0
    2   3   7      5     65     62      109.47     25200.0
    3   2   1     65      5      4      114.00     31250.0
    3   4   5     65     64     62      109.47     25200.0
    3   7   8     65     62     61      108.50     27720.0
    4   3   2     64     65      5      112.00     31250.0
    4   5   6     64     62     61      108.50     27720.0
    4   3   7     64     65     62      109.47     25200.0
    5   4   3     62     64     65      109.47     25200.0
    6   5   4     61     62     64      108.50     27720.0
    7   3   2     62     65      5      109.47     25200.0
    7   3   4     62     65     64      109.47     25200.0
    8   7   3     61     62     65      108.50     27720.0
 
    i   j   k   l    type_i type_j type_k type_l     torsion type
    1   2   3   4       4      5     65     64             2
    1   2   3   7       4      5     65     62             2
    2   3   4   5       5     65     64     62             2
    2   3   7   8       5     65     62     61             7
    3   4   5   6      65     64     62     61             5
    4   3   2   1      64     65      5      4             2
    4   3   7   8      64     65     62     61             7
    5   4   3   2      62     64     65      5             2
    5   4   3   7      62     64     65     62             2
    6   5   4   3      61     62     64     65             5
    7   3   2   1      62     65      5      4             2
    7   3   4   5      62     65     64     62             2
    8   7   3   2      61     62     65      5             7
    8   7   3   4      61     62     65     64             7
 
      i   j    sig2ij     epsij         q0(i)          q0(j)
      4   4   3.75000  98.00000       0.000000       0.000000
      4   5   3.85000  67.14164       0.000000       0.000000
      4  61   0.00000   0.00000       0.000000       0.435000
      4  62   3.38500  95.46727       0.000000      -0.700000
      4  64   3.85000  67.14164       0.000000       0.265000
      4  65   4.04000  31.30495       0.000000       0.265000
      5   4   3.85000  67.14164       0.000000       0.000000
      5   5   3.95000  46.00000       0.000000       0.000000
      5  61   0.00000   0.00000       0.000000       0.435000
      5  62   3.48500  65.40642       0.000000      -0.700000
      5  64   3.95000  46.00000       0.000000       0.265000
      5  65   4.14000  21.44761       0.000000       0.265000
     61   4   0.00000   0.00000       0.435000       0.000000
     61   5   0.00000   0.00000       0.435000       0.000000
     61  61   0.00000   0.00000       0.435000       0.435000
     61  62   0.00000   0.00000       0.435000      -0.700000
     61  64   0.00000   0.00000       0.435000       0.265000
     61  65   0.00000   0.00000       0.435000       0.265000
     62   4   3.38500  95.46727      -0.700000       0.000000
     62   5   3.48500  65.40642      -0.700000       0.000000
     62  61   0.00000   0.00000      -0.700000       0.435000
     62  62   3.02000  93.00000      -0.700000      -0.700000
     62  64   3.48500  65.40642      -0.700000       0.265000
     62  65   3.67500  30.49590      -0.700000       0.265000
     64   4   3.85000  67.14164       0.265000       0.000000
     64   5   3.95000  46.00000       0.265000       0.000000
     64  61   0.00000   0.00000       0.265000       0.435000
     64  62   3.48500  65.40642       0.265000      -0.700000
     64  64   3.95000  46.00000       0.265000       0.265000
     64  65   4.14000  21.44761       0.265000       0.265000
     65   4   4.04000  31.30495       0.265000       0.000000
     65   5   4.14000  21.44761       0.265000       0.000000
     65  61   0.00000   0.00000       0.265000       0.435000
     65  62   3.67500  30.49590       0.265000      -0.700000
     65  64   4.14000  21.44761       0.265000       0.265000
     65  65   4.33000  10.00000       0.265000       0.265000
 
 number of mc cycles:                       5
 number of chains:                        200
 
 temperature:                       573.000000000000     
 
 ex-pressure:                      7.242900000000000E-003
  7.242900000000000E-003
 
 
 sumup control
 number of chains         186
 number of chains of type           1         186
 inter lj energy   -337656.127887965     
 intra lj energy    100181.732413030     
 Tail correction   -13122.5802066598     
 bond vibration    0.000000000000000E+000
 bond bending       374521.494420587     
 torsional          287898.493307283     
 external          0.000000000000000E+000
 coulombic energy  -1028586.52710457     
 fluc Q energy     0.000000000000000E+000
 well energy       0.000000000000000E+000
 total energy      -603640.934851635     
 
 box             1  initial v   =   -603640.934851635     
 surf. tension :   box 1 =     -14.00221
 pressure check:   box 1 =       8646.86
 
 sumup control
 number of chains          14
 number of chains of type           1          14
 inter lj energy   -617.548124559085     
 intra lj energy    9250.03010462338     
 Tail correction   -35.9020039028174     
 bond vibration    0.000000000000000E+000
 bond bending       22419.5400653022     
 torsional          25694.6709460617     
 external          0.000000000000000E+000
 coulombic energy  -40717.6707070866     
 fluc Q energy     0.000000000000000E+000
 well energy       0.000000000000000E+000
 total energy       16029.0222843416     
 
 box             2  initial v   =    16029.0222843416     
 surf. tension :   box 2 =       0.15457
 pressure check:   box 2 =       1208.06
 
 +++++ start of markov chain +++++
 
 Cycle   Total   Energy    Boxlength   Pressure  Molecules
     5   35265 -0.5975E+06    33.626         0.0 186
                0.1152E+05    42.799         0.0  14
 
 +++++ end of markov chain +++++
 
 ### Translations ###
 
 molecule typ =           1  in box           1
 x-dir: attempts =      89.0   ratio = 0.494   max.displ. =0.6186E+00
 y-dir: attempts =      94.0   ratio = 0.447   max.displ. =0.6340E+00
 z-dir: attempts =     106.0   ratio = 0.519   max.displ. =0.6204E+00
 
 molecule typ =           1  in box           2
 x-dir: attempts =       6.0   ratio = 0.333   max.displ. =0.2800E+02
 y-dir: attempts =      12.0   ratio = 0.583   max.displ. =0.2800E+02
 z-dir: attempts =       5.0   ratio = 0.800   max.displ. =0.2800E+02
 
 ### Rotations ###
 
 molecule typ =           1  in box           1
 x-dir: attempts =      96.0   ratio = 0.396   max.displ. =0.3682E+00
 y-dir: attempts =     113.0   ratio = 0.478   max.displ. =0.3848E+00
 z-dir: attempts =     110.0   ratio = 0.573   max.displ. =0.3630E+00
 
 molecule typ =           1  in box           2
 x-dir: attempts =      11.0   ratio = 0.727   max.displ. =0.3142E+01
 y-dir: attempts =       8.0   ratio = 0.750   max.displ. =0.3142E+01
 z-dir: attempts =      11.0   ratio = 0.909   max.displ. =0.3142E+01
 
 
 ### Configurational-bias ###
 
 molecule typ =           1
     length  attempts  succ.growth  accepted   %su.gr.    %accep.
        1      50.0      50.0      24.0    100.00     48.00
        2      13.0      13.0       2.0    100.00     15.38
        4       4.0       4.0       1.0    100.00     25.00
        5      33.0      33.0       0.0    100.00      0.00
        6      54.0      54.0       0.0    100.00      0.00
        7      81.0      77.0       1.0     95.06      1.23
 
 
 ### Volume change       ###
 attempts =    91.0   ratio = 0.352   max.displ. =0.3939E-01
 attempts =     0.0   ratio = 0.000   max.displ. =0.1000E-02
 
 ### Molecule swap       ###
 
 molecule typ =           1
between box  1 and  2 into box 1   uattempts =         6.0 attempts =      6.0   accepted =     0.0
 suc.growth % =100.000   accepted % =  0.000
between box  1 and  2 into box 2   uattempts =         7.0 attempts =      7.0   accepted =     0.0
 suc.growth % =100.000   accepted % =  0.000
number of times move in:          0.0  accepted=     0.0
number of times move out:          0.0  accepted=     0.0
 
 ### Molecule swatch     ###
 
 pair typ =           1
 moltyps =            2  and           3
between box  1 and  2   uattempts =         0.0  attempts =      0.0  accepted =     0.0
 
 ### Charge Fluctuation  ###
 
 
 ### Expanded Ensemble Move  ###
 
 
 sumup control
 number of chains         186
 number of chains of type           1         186
 inter lj energy   -335048.736931091     
 intra lj energy    99706.9347099562     
 Tail correction   -13084.7397874915     
 bond vibration    0.000000000000000E+000
 bond bending       373203.941521991     
 torsional          286971.929033779     
 external          0.000000000000000E+000
 coulombic energy  -1022339.95115683     
 fluc Q energy     0.000000000000000E+000
 well energy       0.000000000000000E+000
 total energy      -597505.882822189     
 
 sumup control
 number of chains          14
 number of chains of type           1          14
 inter lj energy   -2011.50513523159     
 intra lj energy    8820.70836590876     
 Tail correction   -35.9522133860902     
 bond vibration    0.000000000000000E+000
 bond bending       20179.7811829846     
 torsional          24636.3526816411     
 external          0.000000000000000E+000
 coulombic energy  -40103.1793022679     
 fluc Q energy     0.000000000000000E+000
 well energy       0.000000000000000E+000
 total energy       11522.1577930349     
 
 vstart       =      -603640.9348516349        16029.0222843416
 vend         =      -597505.8828221892        11522.1577930349
 vbox         =      -597505.8828221915        11522.1577930346
 
 Averages and fluctuations                            Box 1       Box 2
 
 pressure                               [kPa] =    16801.42      876.07
 pressure                  [simulation units] =    1.216910    0.063453
 surface tension                       [mN/m] =    -27.8688      0.9843
 chem. potential of type       1          [K] =    4538.567     869.314
 
 boxlength                                [A] =      33.650      42.784
 boxlength                                [A] =      33.650      42.784
 boxlength                                [A] =      33.650      42.784
 no. of chains of type         1              =     186.000      14.000
 molar volume                      [cm^3/mol] =     123.348    3368.551
 specific density                    [g/cm^3] =    0.730625    0.026754
 number density of type        1 [chain/nm^3] =     4.88215     0.17877
 molfraction of type           1              =   1.0000000   1.0000000
 mean sete length of type      1        [A^2] =      14.554      12.748
 
 Total energy  [K per system and kJ/mol per chain] =    -599828.61    13725.96        -26.81        8.15
 Inter LJ      [K per system and kJ/mol per chain] =    -336348.22    -1978.29        -15.04       -1.17
 Bond bending  [K per system and kJ/mol per chain] =     372634.06    22226.05         16.66       13.20
 Torsion       [K per system and kJ/mol per chain] =     287301.77    25729.21         12.84       15.28
 Intra LJ      [K per system and kJ/mol per chain] =      98886.62     8773.65          4.42        5.21
 External pot  [K per system and kJ/mol per chain] =          0.00        0.00          0.00        0.00
 Stretch       [K per system and kJ/mol per chain] =          0.00        0.00          0.00        0.00
 Coulomb       [K per system and kJ/mol per chain] =   -1022302.84   -41024.66        -45.70      -24.36
 Tail  LJ      [K per system and kJ/mol per chain] =     -13058.37      -35.99         -0.58       -0.02
 Fluc Q        [K per system and kJ/mol per chain] =          0.00        0.00          0.00        0.00
 
 fluctuation in <vtot>                          =     2728.72     1508.10
 
 type  box     vinter      vintra      vtor        vbend       vtail
    1    1     0.00000     0.00000     0.00000     0.00000     0.00000
    1    2     0.00000     0.00000     0.00000     0.00000     0.00000
