 Number of processors:            8
 L_Coul_CBMC: T
 Number of unit cells in a dir =    5.00000000000000     
 Number of unit cells in b dir =    5.00000000000000     
 Number of unit cells in c dir =    6.00000000000000     
 number of cycles:        3000
 lstep: F
 lpresim: F
 iupdatefix:         100
 L_tor_table: F
 L_spline: F
 L_linear: F
 L_vib_table: F
 L_bend_table: F
 L_vdW_table: F
 L_elect_table: F
 number of boxes      in the system:           1
 temperature:   298.150000000000       K
 external pressure:  0.100000000000000       MPa
 Ghost particles:            0
 fluctuating charge temperature:   5.00000000000000       K
 Electric field in z direction:  0.000000000000000E+000  V/A
 ianalyze:       50000
 nbin           1
 lrdf: T
 lintra: F
 lstretch: F
 lgvst: F
 lbend: F
 lete: F
 lrhoz: F
 bin_width:  0.200000000000000     
 iprint:         300
 imv:         300
 iratio:         500
 iblock:         300
 idiele:           1
 L_movie_xyz F
 box:           1
    boxlx:   46.0000000000000       A
    boxly:   46.0000000000000       A
    boxlz:   46.0000000000000       A
    lsolid: F
    lrect: F
 neighbor list cutoff (rcutnn):  0.000000000000000E+000 A
    rcut:   14.0000000000000      A
    kalp:  0.250000000000000     
 number of chains:         300
 number of molecule types:           1
 number of chains of molecule type           1 :         300
 Lorentz-Berthelot combining rules apply
    lmixlb: T  lmixjo: F
 number of special combining parameters:           0
 minimum cutoff (rmin):   1.00000000000000       A
 softcut:   100.000000000000     
 CBMC inner cutoff (rcutin):   5.00000000000000       A
 AVBMC outer cutoff (rbsmax):   3.50000000000000       A
 AVBMC inner cutoff (rbsmin):   2.50000000000000       A
 molecule type:           1
    number of units:           9
    number of units for CBMC growth:           9
    number of carbons for EH alkane:           9
    maximum number of units for CBMC:           9
    iurot:           0
    lelect: T
    lflucq: F
    lqtrans: F
    lexpand: F
    lavbmc1: F
    lavbmc2: F
    lavbmc3: F
    fqegp:  0.000000000000000E+000
    lsetup: F
    lq14scale: T
    qscale:  0.500000000000000     
    energy offset for box           1 :  0.000000000000000E+000  K
    bead            1  beadtype          212  charge leader            1
       bead           1  bonded to bead           2
          bond type:101 bond length:    1.344 k/2:      0.0
       bead           1  bonded to bead           4
          bond type:102 bond length:    1.200 k/2:      0.0
       bead           1  bonded to bead           3
          bond type:103 bond length:    1.520 k/2:      0.0
       bead   1 bending interaction through   2 with bead   6
          bend type:100 bend angle :  115.000 k/2:  31250.0
       bead   1 bending interaction through   3 with bead   5
          bend type:104 bend angle :  119.700 k/2:  35210.0
       bead  1            torsional interact  2 and  6 with bead  7 of torsional type:  40
    bead            2  beadtype          211  charge leader            2
       bead           2  bonded to bead           1
          bond type:101 bond length:    1.344 k/2:      0.0
       bead           2  bonded to bead           6
          bond type:100 bond length:    1.410 k/2:      0.0
       bead   2 bending interaction through   1 with bead   3
          bend type:102 bend angle :  111.000 k/2:  17650.0
       bead   2 bending interaction through   1 with bead   4
          bend type:101 bend angle :  123.000 k/2:  20150.0
       bead   2 bending interaction through   6 with bead   7
          bend type:102 bend angle :  111.000 k/2:  17650.0
       bead  2            torsional interact  1 and  3 with bead  5 of torsional type:  35
       bead  2            torsional interact  6 and  7 with bead  8 of torsional type:  45
    bead            3  beadtype          214  charge leader            3
       bead           3  bonded to bead           1
          bond type:103 bond length:    1.520 k/2:      0.0
       bead           3  bonded to bead           5
          bond type:104 bond length:    1.330 k/2:      0.0
       bead   3 bending interaction through   1 with bead   4
          bend type:103 bend angle :  126.000 k/2:  20150.0
       bead   3 bending interaction through   1 with bead   2
          bend type:102 bend angle :  111.000 k/2:  17650.0
       bead  3            torsional interact  1 and  2 with bead  6 of torsional type:  36
    bead            4  beadtype          213  charge leader            4
       bead           4  bonded to bead           1
          bond type:102 bond length:    1.200 k/2:      0.0
       bead   4 bending interaction through   1 with bead   2
          bend type:101 bend angle :  123.000 k/2:  20150.0
       bead   4 bending interaction through   1 with bead   3
          bend type:103 bend angle :  126.000 k/2:  20150.0
       bead  4            torsional interact  1 and  2 with bead  6 of torsional type:  34
       bead  4            torsional interact  1 and  3 with bead  5 of torsional type:  37
    bead            5  beadtype          215  charge leader            5
       bead           5  bonded to bead           3
          bond type:104 bond length:    1.330 k/2:      0.0
       bead   5 bending interaction through   3 with bead   1
          bend type:104 bend angle :  119.700 k/2:  35210.0
       bead  5            torsional interact  3 and  1 with bead  2 of torsional type:  35
       bead  5            torsional interact  3 and  1 with bead  4 of torsional type:  37
    bead            6  beadtype          218  charge leader            6
       bead           6  bonded to bead           2
          bond type:100 bond length:    1.410 k/2:      0.0
       bead           6  bonded to bead           7
          bond type:  1 bond length:    1.540 k/2:      0.0
       bead   6 bending interaction through   2 with bead   1
          bend type:100 bend angle :  115.000 k/2:  31250.0
       bead   6 bending interaction through   7 with bead   8
          bend type: 36 bend angle :  109.470 k/2:  25200.0
       bead  6            torsional interact  2 and  1 with bead  3 of torsional type:  36
       bead  6            torsional interact  2 and  1 with bead  4 of torsional type:  34
       bead  6            torsional interact  7 and  8 with bead  9 of torsional type:  44
    bead            7  beadtype           64  charge leader            7
       bead           7  bonded to bead           6
          bond type:  1 bond length:    1.540 k/2:      0.0
       bead           7  bonded to bead           8
          bond type: 30 bond length:    1.430 k/2:      0.0
       bead   7 bending interaction through   6 with bead   2
          bend type:102 bend angle :  111.000 k/2:  17650.0
       bead   7 bending interaction through   8 with bead   9
          bend type: 35 bend angle :  108.500 k/2:  27720.0
       bead  7            torsional interact  6 and  2 with bead  1 of torsional type:  40
    bead            8  beadtype           62  charge leader            8
       bead           8  bonded to bead           7
          bond type: 30 bond length:    1.430 k/2:      0.0
       bead           8  bonded to bead           9
          bond type: 29 bond length:    0.945 k/2:      0.0
       bead   8 bending interaction through   7 with bead   6
          bend type: 36 bend angle :  109.470 k/2:  25200.0
       bead  8            torsional interact  7 and  6 with bead  2 of torsional type:  45
    bead            9  beadtype           61  charge leader            9
       bead           9  bonded to bead           8
          bond type: 29 bond length:    0.945 k/2:      0.0
       bead   9 bending interaction through   8 with bead   7
          bend type: 35 bend angle :  108.500 k/2:  27720.0
       bead  9            torsional interact  8 and  7 with bead  6 of torsional type:  44
 licell: F
 rintramax:  0.000000000000000E+000  A
 boxlink:           4
 initial maximum displacements for atoms:  0.0100  0.0100  0.0100
 initial maximum x, y and z displacement:  0.3000  0.3000  0.3000
 initial maximum x, y and z rotation:      0.4000  0.4000  0.4000
 target translational acceptance ratio:  0.500000000000000     
 target rotational acceptance ratio:  0.500000000000000     
 linit: F
 lnewtab: F
 lreadq: F
 lbranch for molecule type           1 : F
 box:           1
    initial number of chains of type           1 :         300
    initial number of chains in x, y and z directions:    7    7    7
    initial rotational displacement:           0
    inimix:           1
    zshift:  0.000000000000000E+000
    dshift:   3.28000000000000     
    nchoiq:           1
 initial maximum volume displacement (rmvol) in box           1 :
   1000.00000000000     
 target volume acceptance ratio (tavol):  0.400000000000000     
 iratv:         500
 iratp:          10
 initial maximum fluct. charge displ. for chain type           1  box
           1 :  0.100000000000000     
 target fluctuating charge acceptance ratio (taflcq):  0.950000000000000     
 pmvol:  8.000000000000000E-004
    pmvlmt for box           1 :   1.00000000000000     
 nvolb:           1
    pmvolb:   1.00000000000000     
    box pair for volume move number           1 :           1           2
 pmswat:  0.000000000000000E+000
    number of swatch pairs (nswaty):           1
    swatch molecule type pairs:           2           3
    probability of each swatch pair:   1.00000000000000     
    nsampos:           1
    ncut:           1           1
    splist:           1           1
    box pair:           1           2
 pmswap:  0.000000000000000E+000
       swap probability for molecule type         1 (pmswmt):  1.0000
    number of swap moves for molecule type           1 :           1
       pmswapb:   1.00000000000000     
       box pair:           1           2
 pmcb:  0.300000000000000     
       CBMC probability for molecule type         1 (pmcbmt):  1.0000
    pmall for molecule type           1 :  0.000000000000000E+000
            probability for SAFE-CBMC for molec   1  (pmfix):  0.0000
 pmflcq:  0.000000000000000E+000
       flcq probability for molecule type         1 (pmfqmt):  1.0000
 pmexpc:  0.000000000000000E+000
         expanded ens. prob. for molecule type    1 (pmeemt):  1.0000
 pmtra:  0.650000000000000     
      translation probability for molecule   ty   1 (pmtrmt):  1.0000
 pmrot:   1.00000000000000     
       rotational probability for molecule    t   1 (pmromt):  1.0000
 
 percentage move probabilities:
 volume move       :    0.08 %
 swatch move       :    0.00 %
 swap move         :    0.00 %
 CBMC move         :   29.92 %
 fluct charge move :    0.00 %
 expanded ens move :    0.00 %
 translation move  :   35.00 %
 rotation move     :   35.00 %
 
 Fraction of atom translations move  0.000000000000000E+000
 
 molecule type :           1   
      nchoi1   :          20  
      nchoi    :          16  
      nchoir   :          20  
      nchoih   :           1  
      nchtor   :         100
 nchbna and nchbnb for molecule type           1 :        1000        1000
 icbdir for molecule type           1 :           0
 icbsta for molecule type           1 :           0
 nexclu:           0
 inclnum:           0
 ainclnum:           1
 repulsive 1-5 OH interaction for chain type           1  between beads
           2  and           9  of type:           1
 
 INCLUSION TABLE
           1 F F F F F F F T T
           2 F F F F F F F F T
           3 F F F F F F T T T
           4 F F F F F F T T T
           5 F F F F F T T T T
           6 F F F F T F F F F
           7 F F T T T F F F F
           8 T F T T T F F F F
           9 T T T T T F F F F
 
 
 CHARGE INCLUSION TABLE
           1 F F F F F F T T T
           2 F F F F T F F T T
           3 F F F F F T T T T
           4 F F F F T T T T T
           5 F T F T F T T T T
           6 F F T T T F F F T
           7 T F T T T F F F F
           8 T T T T T F F F F
           9 T T T T T T F F F
 
 1-4 LJ SCALING FACTORS
           1   1.00000000000000        1.00000000000000     
   1.00000000000000        1.00000000000000        1.00000000000000     
   1.00000000000000        1.00000000000000        1.00000000000000     
   1.00000000000000     
           2   1.00000000000000        1.00000000000000     
   1.00000000000000        1.00000000000000        1.00000000000000     
   1.00000000000000        1.00000000000000        1.00000000000000     
   1.00000000000000     
           3   1.00000000000000        1.00000000000000     
   1.00000000000000        1.00000000000000        1.00000000000000     
   1.00000000000000        1.00000000000000        1.00000000000000     
   1.00000000000000     
           4   1.00000000000000        1.00000000000000     
   1.00000000000000        1.00000000000000        1.00000000000000     
   1.00000000000000        1.00000000000000        1.00000000000000     
   1.00000000000000     
           5   1.00000000000000        1.00000000000000     
   1.00000000000000        1.00000000000000        1.00000000000000     
   1.00000000000000        1.00000000000000        1.00000000000000     
   1.00000000000000     
           6   1.00000000000000        1.00000000000000     
   1.00000000000000        1.00000000000000        1.00000000000000     
   1.00000000000000        1.00000000000000        1.00000000000000     
   1.00000000000000     
           7   1.00000000000000        1.00000000000000     
   1.00000000000000        1.00000000000000        1.00000000000000     
   1.00000000000000        1.00000000000000        1.00000000000000     
   1.00000000000000     
           8   1.00000000000000        1.00000000000000     
   1.00000000000000        1.00000000000000        1.00000000000000     
   1.00000000000000        1.00000000000000        1.00000000000000     
   1.00000000000000     
           9   1.00000000000000        1.00000000000000     
   1.00000000000000        1.00000000000000        1.00000000000000     
   1.00000000000000        1.00000000000000        1.00000000000000     
   1.00000000000000     
 
 1-4 CHARGE SCALING FACTORS
           1   1.00000000000000        1.00000000000000     
   1.00000000000000        1.00000000000000        1.00000000000000     
   1.00000000000000       0.500000000000000        1.00000000000000     
   1.00000000000000     
           2   1.00000000000000        1.00000000000000     
   1.00000000000000        1.00000000000000       0.500000000000000     
   1.00000000000000        1.00000000000000       0.500000000000000     
   1.00000000000000     
           3   1.00000000000000        1.00000000000000     
   1.00000000000000        1.00000000000000        1.00000000000000     
  0.500000000000000        1.00000000000000        1.00000000000000     
   1.00000000000000     
           4   1.00000000000000        1.00000000000000     
   1.00000000000000        1.00000000000000       0.500000000000000     
  0.500000000000000        1.00000000000000        1.00000000000000     
   1.00000000000000     
           5   1.00000000000000       0.500000000000000     
   1.00000000000000       0.500000000000000        1.00000000000000     
   1.00000000000000        1.00000000000000        1.00000000000000     
   1.00000000000000     
           6   1.00000000000000        1.00000000000000     
  0.500000000000000       0.500000000000000        1.00000000000000     
   1.00000000000000        1.00000000000000        1.00000000000000     
  0.500000000000000     
           7  0.500000000000000        1.00000000000000     
   1.00000000000000        1.00000000000000        1.00000000000000     
   1.00000000000000        1.00000000000000        1.00000000000000     
   1.00000000000000     
           8   1.00000000000000       0.500000000000000     
   1.00000000000000        1.00000000000000        1.00000000000000     
   1.00000000000000        1.00000000000000        1.00000000000000     
   1.00000000000000     
           9   1.00000000000000        1.00000000000000     
   1.00000000000000        1.00000000000000        1.00000000000000     
  0.500000000000000        1.00000000000000        1.00000000000000     
   1.00000000000000     
 lucall: F
    ucheck for molecule type           1 :           0
 nvirial:           0
 starvir:  0.000000000000000E+000
 stepvir:  0.000000000000000E+000
 lideal:  F
 ltwice:  F
 lrplc:  F
 
 ***** program   =  THE MAGIC BLACK BOX
 Isobaric-isothermal ensemble
 using periodic boundaries
 in x-direction
 in y-direction
 in z-direction
           3 -dimensional periodic box
 particle coordinates are folded            into central box
 additional (COM) cutoff on computed rcmu
 Dual Cutoff Configurational-bias Monte Carlo
 CBMC simultaneously grows all beads conected to the         same bead
 with bond angles generated from Gaussian distribution
 Program will call Explct.f if needed
 Lennard-Jones potential for bead-bead
 with additional tail corrections
 Coulombic inter- and intramolecular interactions
 Ewald-sum will be used to calculate Coulombic         interactions
 
 MOLECULAR MASS:   116.115400000000     
 new maximum displacements read from restart-file
 box      #           1
 molecule type           1
 max trans. displacement:          0.312800  0.312800  0.312800
 max rot. displacement:            0.143200  0.143200  0.143200
 maximum fluc q displacements: Box #           1
  0.100000000000000     
 max volume displacement:          0.5411E+03
 
 
 
 new box size read from restart-file
 
 
 
 dimension box 1  :  a:      37.786392   b:      37.786392   c   :     37.786392
 
 Finished writing simulation box related info
 molecule type           1
    i   j   type_i type_j   bond length        k/2
    1   2    212    211       1.3440           0.0
    1   4    212    213       1.2000           0.0
    1   3    212    214       1.5200           0.0
    2   1    211    212       1.3440           0.0
    2   6    211    218       1.4100           0.0
    3   1    214    212       1.5200           0.0
    3   5    214    215       1.3300           0.0
    4   1    213    212       1.2000           0.0
    5   3    215    214       1.3300           0.0
    6   2    218    211       1.4100           0.0
    6   7    218     64       1.5400           0.0
    7   6     64    218       1.5400           0.0
    7   8     64     62       1.4300           0.0
    8   7     62     64       1.4300           0.0
    8   9     62     61       0.9450           0.0
    9   8     61     62       0.9450           0.0
 
    i   j   k   type_i type_j type_k     angle      k/2
    1   2   6    212    211    218      115.00     31250.0
    1   3   5    212    214    215      119.70     35210.0
    2   1   3    211    212    214      111.00     17650.0
    2   1   4    211    212    213      123.00     20150.0
    2   6   7    211    218     64      111.00     17650.0
    3   1   4    214    212    213      126.00     20150.0
    3   1   2    214    212    211      111.00     17650.0
    4   1   2    213    212    211      123.00     20150.0
    4   1   3    213    212    214      126.00     20150.0
    5   3   1    215    214    212      119.70     35210.0
    6   2   1    218    211    212      115.00     31250.0
    6   7   8    218     64     62      109.47     25200.0
    7   6   2     64    218    211      111.00     17650.0
    7   8   9     64     62     61      108.50     27720.0
    8   7   6     62     64    218      109.47     25200.0
    9   8   7     61     62     64      108.50     27720.0
 
    i   j   k   l    type_i type_j type_k type_l     torsion type
    1   2   6   7     212    211    218     64            40
    2   1   3   5     211    212    214    215            35
    2   6   7   8     211    218     64     62            45
    3   1   2   6     214    212    211    218            36
    4   1   2   6     213    212    211    218            34
    4   1   3   5     213    212    214    215            37
    5   3   1   2     215    214    212    211            35
    5   3   1   4     215    214    212    213            37
    6   2   1   3     218    211    212    214            36
    6   2   1   4     218    211    212    213            34
    6   7   8   9     218     64     62     61            44
    7   6   2   1      64    218    211    212            40
    8   7   6   2      62     64    218    211            45
    9   8   7   6      61     62     64    218            44
 
      i   j    sig2ij     epsij         q0(i)          q0(j)
     61  61   0.00000   0.00000       0.435000       0.435000
     61  62   0.00000   0.00000       0.435000      -0.700000
     61  64   0.00000   0.00000       0.435000       0.265000
     61 211   0.00000   0.00000       0.435000      -0.250000
     61 212   0.00000   0.00000       0.435000       0.400000
     61 213   0.00000   0.00000       0.435000      -0.400000
     61 214   0.00000   0.00000       0.435000       0.000000
     61 215   0.00000   0.00000       0.435000       0.000000
     61 218   0.00000   0.00000       0.435000       0.250000
     62  61   0.00000   0.00000      -0.700000       0.435000
     62  62   3.02000  93.00000      -0.700000      -0.700000
     62  64   3.48500  65.40642      -0.700000       0.265000
     62 211   2.91000  71.51923      -0.700000      -0.250000
     62 212   3.42000  60.99180      -0.700000       0.400000
     62 213   3.03500  85.71464      -0.700000      -0.400000
     62 214   3.36500  69.54135      -0.700000       0.000000
     62 215   3.34750  88.91007      -0.700000       0.000000
     62 218   3.48500  65.40642      -0.700000       0.250000
     64  61   0.00000   0.00000       0.265000       0.435000
     64  62   3.48500  65.40642       0.265000      -0.700000
     64  64   3.95000  46.00000       0.265000       0.265000
     64 211   3.37500  50.29911       0.265000      -0.250000
     64 212   3.88500  42.89522       0.265000       0.400000
     64 213   3.50000  60.28267       0.265000      -0.400000
     64 214   3.83000  48.90808       0.265000       0.000000
     64 215   3.81250  62.52999       0.265000       0.000000
     64 218   3.95000  46.00000       0.265000       0.250000
    211  61   0.00000   0.00000      -0.250000       0.435000
    211  62   2.91000  71.51923      -0.250000      -0.700000
    211  64   3.37500  50.29911      -0.250000       0.265000
    211 211   2.80000  55.00000      -0.250000      -0.250000
    211 212   3.31000  46.90416      -0.250000       0.400000
    211 213   2.92500  65.91661      -0.250000      -0.400000
    211 214   3.25500  53.47897      -0.250000       0.000000
    211 215   3.23750  68.37397      -0.250000       0.000000
    211 218   3.37500  50.29911      -0.250000       0.250000
    212  61   0.00000   0.00000       0.400000       0.435000
    212  62   3.42000  60.99180       0.400000      -0.700000
    212  64   3.88500  42.89522       0.400000       0.265000
    212 211   3.31000  46.90416       0.400000      -0.250000
    212 212   3.82000  40.00000       0.400000       0.400000
    212 213   3.43500  56.21388       0.400000      -0.400000
    212 214   3.76500  45.60702       0.400000       0.000000
    212 215   3.74750  58.30952       0.400000       0.000000
    212 218   3.88500  42.89522       0.400000       0.250000
    213  61   0.00000   0.00000      -0.400000       0.435000
    213  62   3.03500  85.71464      -0.400000      -0.700000
    213  64   3.50000  60.28267      -0.400000       0.265000
    213 211   2.92500  65.91661      -0.400000      -0.250000
    213 212   3.43500  56.21388      -0.400000       0.400000
    213 213   3.05000  79.00000      -0.400000      -0.400000
    213 214   3.38000  64.09368      -0.400000       0.000000
    213 215   3.36250  81.94510      -0.400000       0.000000
    213 218   3.50000  60.28267      -0.400000       0.250000
    214  61   0.00000   0.00000       0.000000       0.435000
    214  62   3.36500  69.54135       0.000000      -0.700000
    214  64   3.83000  48.90808       0.000000       0.265000
    214 211   3.25500  53.47897       0.000000      -0.250000
    214 212   3.76500  45.60702       0.000000       0.400000
    214 213   3.38000  64.09368       0.000000      -0.400000
    214 214   3.71000  52.00000       0.000000       0.000000
    214 215   3.69250  66.48308       0.000000       0.000000
    214 218   3.83000  48.90808       0.000000       0.250000
    215  61   0.00000   0.00000       0.000000       0.435000
    215  62   3.34750  88.91007       0.000000      -0.700000
    215  64   3.81250  62.52999       0.000000       0.265000
    215 211   3.23750  68.37397       0.000000      -0.250000
    215 212   3.74750  58.30952       0.000000       0.400000
    215 213   3.36250  81.94510       0.000000      -0.400000
    215 214   3.69250  66.48308       0.000000       0.000000
    215 215   3.67500  85.00000       0.000000       0.000000
    215 218   3.81250  62.52999       0.000000       0.250000
    218  61   0.00000   0.00000       0.250000       0.435000
    218  62   3.48500  65.40642       0.250000      -0.700000
    218  64   3.95000  46.00000       0.250000       0.265000
    218 211   3.37500  50.29911       0.250000      -0.250000
    218 212   3.88500  42.89522       0.250000       0.400000
    218 213   3.50000  60.28267       0.250000      -0.400000
    218 214   3.83000  48.90808       0.250000       0.000000
    218 215   3.81250  62.52999       0.250000       0.000000
    218 218   3.95000  46.00000       0.250000       0.250000
 
 number of mc cycles:                    3000
 number of chains:                        300
 
 temperature:                       298.150000000000     
 
 ex-pressure:                      7.242900000000000E-003
 
 
 sumup control
 number of chains         300
 number of chains of type           1         300
 inter lj energy   -1218555.49703556     
 intra lj energy   -39079.7197222186     
 Tail correction   -37709.2573216958     
 bond vibration    0.000000000000000E+000
 bond bending       343800.041328877     
 torsional          1061216.10486417     
 external          0.000000000000000E+000
 coulombic energy  -2265390.71420598     
 fluc Q energy     0.000000000000000E+000
 well energy       0.000000000000000E+000
 total energy      -2118009.78477072     
 
 box             1  initial v   =   -2118009.78477072     
 surf. tension :   box 1 =     -57.33046
 pressure check:   box 1 =     -38706.50
 
 +++++ start of markov chain +++++
 
 Cycle   Total   Energy    Boxlength   Pressure  Molecules
   300  620300 -0.2095E+07    37.796         0.0 300
 Box            1
 Type 1 bn  17528.  17574.  17456.  17514.  17369.  17684.
 max.displ.   0.3163  0.3089  0.3162  0.1455  0.1433  0.1404
 volume change:  bn =   110.0   bs =    51.0   max.displ. = 0.62717E+03
   600  620600 -0.2106E+07    37.757         0.0 300
   900  620900 -0.2112E+07    37.727         0.0 300
 Box            1
 Type 1 bn  17498.  17441.  17496.  17370.  17308.  17737.
 max.displ.   0.3202  0.3097  0.3117  0.1462  0.1440  0.1404
 volume change:  bn =   108.0   bs =    47.0   max.displ. = 0.68234E+03
  1200  621200 -0.2090E+07    37.689         0.0 300
 Box            1
 Type 1 bn  17507.  17530.  17712.  17378.  17379.  17701.
 max.displ.   0.3145  0.3119  0.3152  0.1470  0.1451  0.1393
 volume change:  bn =   122.0   bs =    46.0   max.displ. = 0.64319E+03
  1500  621500 -0.2096E+07    37.851         0.0 300
  1800  621800 -0.2107E+07    37.706         0.0 300
 Box            1
 Type 1 bn  17319.  17394.  17574.  17573.  17550.  17469.
 max.displ.   0.3140  0.3101  0.3145  0.1454  0.1440  0.1404
 volume change:  bn =   120.0   bs =    39.0   max.displ. = 0.52259E+03
  2100  622100 -0.2110E+07    37.798         0.0 300
  2400  622400 -0.2122E+07    37.699         0.0 300
 Box            1
 Type 1 bn  17473.  17607.  17372.  17446.  17510.  17651.
 max.displ.   0.3127  0.3090  0.3169  0.1449  0.1428  0.1427
 volume change:  bn =   120.0   bs =    57.0   max.displ. = 0.62058E+03
  2700  622700 -0.2108E+07    37.622         0.0 300
 Box            1
 Type 1 bn  17525.  17376.  17477.  17498.  17507.  17499.
 max.displ.   0.3159  0.3074  0.3176  0.1435  0.1438  0.1409
 volume change:  bn =   122.0   bs =    45.0   max.displ. = 0.57226E+03
  3000  623000 -0.2123E+07    37.732         0.0 300
 
 +++++ end of markov chain +++++
 
 ### Translations ###
 
 molecule typ =           1  in box           1
 x-dir: attempts =  104850.0   ratio = 0.501   max.displ. =0.3159E+00
 y-dir: attempts =  104922.0   ratio = 0.499   max.displ. =0.3074E+00
 z-dir: attempts =  105087.0   ratio = 0.501   max.displ. =0.3176E+00
 
 ### Rotations ###
 
 molecule typ =           1  in box           1
 x-dir: attempts =  104779.0   ratio = 0.500   max.displ. =0.1435E+00
 y-dir: attempts =  104623.0   ratio = 0.500   max.displ. =0.1438E+00
 z-dir: attempts =  105741.0   ratio = 0.499   max.displ. =0.1409E+00
 
 
 ### Configurational-bias ###
 
 molecule typ =           1
     length  attempts  succ.growth  accepted   %su.gr.    %accep.
        1   29614.0   29614.0   17095.0    100.00     57.73
        2   14926.0   14926.0    1107.0    100.00      7.42
        3   24743.0   18753.0    2105.0     75.79      8.51
        4   30009.0   15923.0     112.0     53.06      0.37
        5   14968.0    4239.0      31.0     28.32      0.21
        6   24697.0    8597.0      15.0     34.81      0.06
        7   39829.0   14444.0       2.0     36.27      0.01
        8   90510.0   24132.0       3.0     26.66      0.00
 
 
 ### Volume change       ###
 attempts =   702.0   ratio = 0.406   max.displ. =0.5723E+03
 
 ### Molecule swap       ###
 
 molecule typ =           1
between box  1 and  2 into box 1   uattempts =         0.0 attempts =      0.0   accepted =     0.0
between box  1 and  2 into box 2   uattempts =         0.0 attempts =      0.0   accepted =     0.0
number of times move in:          0.0  accepted=     0.0
number of times move out:          0.0  accepted=     0.0
 
 ### Molecule swatch     ###
 
 pair typ =           1
 moltyps =            2  and           3
between box  1 and  2   uattempts =         0.0  attempts =      0.0  accepted =     0.0
 
 ### Charge Fluctuation  ###
 
 
 ### Expanded Ensemble Move  ###
 
 
 sumup control
 number of chains         300
 number of chains of type           1         300
 inter lj energy   -1209686.17823888     
 intra lj energy   -30191.4766898278     
 Tail correction   -37871.4230764482     
 bond vibration    0.000000000000000E+000
 bond bending       318611.437475715     
 torsional          1051698.08317046     
 external          0.000000000000000E+000
 coulombic energy  -2253286.03983659     
 fluc Q energy     0.000000000000000E+000
 well energy       0.000000000000000E+000
 total energy      -2122854.17411912     
 
 vstart       =     -2118009.7847707160
 vend         =     -2122854.1741191181
 vbox         =     -2122854.1741190762
 
 Averages and fluctuations                            Box 1
 
 pressure                               [kPa] =     3604.05
 pressure                  [simulation units] =    0.261038
 surface tension                       [mN/m] =    -15.5013
 chem. potential of type       1          [K] =       0.000
 
 boxlength                                [A] =      37.769
 boxlength                                [A] =      37.769
 boxlength                                [A] =      37.769
 no. of chains of type         1              =     300.000
 molar volume                      [cm^3/mol] =     108.148
 specific density                    [g/cm^3] =    1.073673
 number density of type        1 [chain/nm^3] =     5.56835
 molfraction of type           1              =   1.0000000
 mean sete length of type      1        [A^2] =      18.697
 
 Total energy  [K per system and kJ/mol per chain] =   -2101494.29      -58.24
 Inter LJ      [K per system and kJ/mol per chain] =   -1203661.67      -33.36
 Bond bending  [K per system and kJ/mol per chain] =     335493.46        9.30
 Torsion       [K per system and kJ/mol per chain] =    1060625.31       29.40
 Intra LJ      [K per system and kJ/mol per chain] =     -36233.53       -1.00
 External pot  [K per system and kJ/mol per chain] =          0.00        0.00
 Stretch       [K per system and kJ/mol per chain] =          0.00        0.00
 Coulomb       [K per system and kJ/mol per chain] =   -2257717.86      -62.57
 Tail  LJ      [K per system and kJ/mol per chain] =     -37762.36       -1.05
 Fluc Q        [K per system and kJ/mol per chain] =          0.00        0.00
 
 fluctuation in <vtot>                          =    15683.60
 
 type  box     vinter      vintra      vtor        vbend       vtail
    1    1     0.00000     0.00000     0.00000     0.00000     0.00000
 specific density    box   1 =  0.10737E+01 0.36652E-02 0.12217E-02
 system volume       box   1 =  0.53877E+05 0.18375E+03 0.61251E+02
 pressure            box   1 =      3604.05     5509.25     1836.42
 surface tension     box   1 =    -15.50132    36.02536    12.00845
 
 Total energy   box   1 =   -0.21015E+07   0.11308E+05   0.37693E+04
 Inter LJ       box   1 =   -0.12037E+07   0.53658E+04   0.17886E+04
 Bond bending   box   1 =    0.33549E+06   0.51664E+04   0.17221E+04
 Torsion        box   1 =    0.10606E+07   0.68635E+04   0.22878E+04
 Intra LJ       box   1 =   -0.36234E+05   0.22983E+04   0.76611E+03
 External pot   box   1 =    0.00000E+00   0.00000E+00   0.00000E+00
 Stretch        box   1 =    0.00000E+00   0.00000E+00   0.00000E+00
 Coulomb        box   1 =   -0.22577E+07   0.65406E+04   0.21802E+04
 Tail  LJ       box   1 =   -0.37762E+05   0.12891E+03   0.42970E+02
 Fluc Q         box   1 =    0.00000E+00   0.00000E+00   0.00000E+00
 
 Enthalpy Inst.[kJ/mol] for box  1 =    -57.8633      0.5230      0.1743
 Enthalpy Ext. [kJ/mol] for box  1 =    -58.2331      0.3120      0.1040
 
 Cp residual(J/Kmol) =   76.6975292750497     
  H2=   4414884272700.51     
  H=  -2101104.05911549     
 chemical potential  itype   1 box   1 =        0.000       0.000       0.000
 mean sete length    itype   1 box   1 =       18.697       0.074       0.025
 number density      itype   1 box   1 =  0.55683E+01 0.19009E-01 0.63362E-02
 mole fraction       itype   1 box   1 =    1.0000000   0.0000000   0.0000000
 
 
 -----block averages ------
  ------------ box:    1
 block   energy    density   pressure   surf ten  mol fracs
   1  -.210E+07  0.107E+01  0.807E+04  0.690E+01  0.100E+01
   2  -.209E+07  0.107E+01  -.988E+04  -.507E+02  0.100E+01
   3  -.209E+07  0.107E+01  0.857E+03  -.270E+02  0.100E+01
   4  -.209E+07  0.107E+01  0.196E+03  -.160E+02  0.100E+01
   5  -.208E+07  0.108E+01  0.488E+04  -.494E+02  0.100E+01
   6  -.210E+07  0.107E+01  0.301E+04  0.178E+02  0.100E+01
   7  -.210E+07  0.107E+01  0.821E+04  0.601E+02  0.100E+01
   8  -.211E+07  0.107E+01  0.321E+04  -.442E+01  0.100E+01
   9  -.212E+07  0.108E+01  0.698E+04  -.223E+02  0.100E+01
  10  -.212E+07  0.108E+01  0.105E+05  -.700E+02  0.100E+01
