 lopt_bias:  F F F F F F F F F F F F F F F F F F F F F F F F F F F F F F F F F F
 F
 freq_opt_bias:     10000000
 Program started at 2012-12-20 19:17:07.732
 Number of processors:            1
           0  threads per processor
 Random number seed:            0
 L_Coul_CBMC: T
 Number of unit cells in a dir =    5.00000000000000     
 Number of unit cells in b dir =    5.00000000000000     
 Number of unit cells in c dir =    6.00000000000000     
 number of cycles:          10
 lstep: F
 lpresim: F
 iupdatefix:         100
 L_tor_table: F
 L_spline: F
 L_linear: F
 L_vib_table: F
 L_bend_table: F
 L_vdW_table: F
 L_elect_table: F
 number of boxes in the system:           1
 temperature:   298.150000000000       K
 external pressure:  0.100000000000000       MPa
 Ghost particles:            0
 fluctuating charge temperature:   5.00000000000000       K
 Electric field in z direction:  0.000000000000000E+000  V/A
 ianalyze:       50000
 nbin         250
 lrdf: T
 lintra: F
 lstretch: F
 lgvst: F
 lbend: F
 lete: F
 lrhoz: F
 bin_width:  0.200000000000000     
 iprint:           5
 imv:         500
 iratio:         500
 iblock:           5
 idiele:           1
 L_movie_xyz F
 box:           1
    boxlx:   46.0000000000000       A
    boxly:   46.0000000000000       A
    boxlz:   46.0000000000000       A
    lsolid: F
    lrect: F
 neighbor list cutoff (rcutnn):  0.000000000000000E+000 A
    rcut:   14.0000000000000      A
    kalp:  0.250000000000000     
 number of chains:         300
 number of molecule types:           1
 number of chains of molecule type           1 :         300
 Lorentz-Berthelot combining rules apply
    lmixlb: T  lmixjo: F
 number of special combining parameters:           0
 minimum cutoff (rmin):   1.00000000000000       A
 softcut:   100.000000000000     
 CBMC inner cutoff (rcutin):   5.00000000000000       A
 AVBMC outer cutoff (rbsmax):   3.50000000000000       A
 AVBMC inner cutoff (rbsmin):   2.50000000000000       A
 molecule type:           1
    number of units:           9
    number of units for CBMC growth:           9
    number of carbons for EH alkane:           9
    maximum number of units for CBMC:           9
    iurot:           0
    lelect: T
    lflucq: F
    lqtrans: F
    lexpand: F
    lavbmc1: F
    lavbmc2: F
    lavbmc3: F
    fqegp:  0.000000000000000E+000
    lsetup: F
    lq14scale: T
    qscale:  0.500000000000000     
    energy offset for box           1 :  0.000000000000000E+000  K
    bead            1  beadtype          212  charge leader            1
       bead           1  bonded to bead           2
          bond type:101 bond length:    1.344 k/2:      0.0
       bead           1  bonded to bead           4
          bond type:102 bond length:    1.200 k/2:      0.0
       bead           1  bonded to bead           3
          bond type:103 bond length:    1.520 k/2:      0.0
       bead   1 bending interaction through   2 with bead   6
          bend type:100 bend angle :  115.000 k/2:  31250.0
       bead   1 bending interaction through   3 with bead   5
          bend type:104 bend angle :  119.700 k/2:  35210.0
       bead  1            torsional interact  2 and  6 with bead  7 of torsional type:  40
    bead            2  beadtype          211  charge leader            2
       bead           2  bonded to bead           1
          bond type:101 bond length:    1.344 k/2:      0.0
       bead           2  bonded to bead           6
          bond type:100 bond length:    1.410 k/2:      0.0
       bead   2 bending interaction through   1 with bead   3
          bend type:102 bend angle :  111.000 k/2:  17650.0
       bead   2 bending interaction through   1 with bead   4
          bend type:101 bend angle :  123.000 k/2:  20150.0
       bead   2 bending interaction through   6 with bead   7
          bend type:102 bend angle :  111.000 k/2:  17650.0
       bead  2            torsional interact  1 and  3 with bead  5 of torsional type:  35
       bead  2            torsional interact  6 and  7 with bead  8 of torsional type:  45
    bead            3  beadtype          214  charge leader            3
       bead           3  bonded to bead           1
          bond type:103 bond length:    1.520 k/2:      0.0
       bead           3  bonded to bead           5
          bond type:104 bond length:    1.330 k/2:      0.0
       bead   3 bending interaction through   1 with bead   4
          bend type:103 bend angle :  126.000 k/2:  20150.0
       bead   3 bending interaction through   1 with bead   2
          bend type:102 bend angle :  111.000 k/2:  17650.0
       bead  3            torsional interact  1 and  2 with bead  6 of torsional type:  36
    bead            4  beadtype          213  charge leader            4
       bead           4  bonded to bead           1
          bond type:102 bond length:    1.200 k/2:      0.0
       bead   4 bending interaction through   1 with bead   2
          bend type:101 bend angle :  123.000 k/2:  20150.0
       bead   4 bending interaction through   1 with bead   3
          bend type:103 bend angle :  126.000 k/2:  20150.0
       bead  4            torsional interact  1 and  2 with bead  6 of torsional type:  34
       bead  4            torsional interact  1 and  3 with bead  5 of torsional type:  37
    bead            5  beadtype          215  charge leader            5
       bead           5  bonded to bead           3
          bond type:104 bond length:    1.330 k/2:      0.0
       bead   5 bending interaction through   3 with bead   1
          bend type:104 bend angle :  119.700 k/2:  35210.0
       bead  5            torsional interact  3 and  1 with bead  2 of torsional type:  35
       bead  5            torsional interact  3 and  1 with bead  4 of torsional type:  37
    bead            6  beadtype          218  charge leader            6
       bead           6  bonded to bead           2
          bond type:100 bond length:    1.410 k/2:      0.0
       bead           6  bonded to bead           7
          bond type:  1 bond length:    1.540 k/2:      0.0
       bead   6 bending interaction through   2 with bead   1
          bend type:100 bend angle :  115.000 k/2:  31250.0
       bead   6 bending interaction through   7 with bead   8
          bend type: 36 bend angle :  109.470 k/2:  25200.0
       bead  6            torsional interact  2 and  1 with bead  3 of torsional type:  36
       bead  6            torsional interact  2 and  1 with bead  4 of torsional type:  34
       bead  6            torsional interact  7 and  8 with bead  9 of torsional type:  44
    bead            7  beadtype           64  charge leader            7
       bead           7  bonded to bead           6
          bond type:  1 bond length:    1.540 k/2:      0.0
       bead           7  bonded to bead           8
          bond type: 30 bond length:    1.430 k/2:      0.0
       bead   7 bending interaction through   6 with bead   2
          bend type:102 bend angle :  111.000 k/2:  17650.0
       bead   7 bending interaction through   8 with bead   9
          bend type: 35 bend angle :  108.500 k/2:  27720.0
       bead  7            torsional interact  6 and  2 with bead  1 of torsional type:  40
    bead            8  beadtype           62  charge leader            8
       bead           8  bonded to bead           7
          bond type: 30 bond length:    1.430 k/2:      0.0
       bead           8  bonded to bead           9
          bond type: 29 bond length:    0.945 k/2:      0.0
       bead   8 bending interaction through   7 with bead   6
          bend type: 36 bend angle :  109.470 k/2:  25200.0
       bead  8            torsional interact  7 and  6 with bead  2 of torsional type:  45
    bead            9  beadtype           61  charge leader            9
       bead           9  bonded to bead           8
          bond type: 29 bond length:    0.945 k/2:      0.0
       bead   9 bending interaction through   8 with bead   7
          bend type: 35 bend angle :  108.500 k/2:  27720.0
       bead  9            torsional interact  8 and  7 with bead  6 of torsional type:  44
 licell: F
 rintramax:  0.000000000000000E+000  A
 boxlink:           4
 initial maximum displacements for atoms:  0.0100  0.0100  0.0100
 initial maximum x, y and z displacement:  0.3000  0.3000  0.3000
 initial maximum x, y and z rotation:      0.4000  0.4000  0.4000
 target translational acceptance ratio:  0.500000000000000     
 target rotational acceptance ratio:  0.500000000000000     
 linit: F
 lreadq: F
 lbranch for molecule type           1 : F
 box:           1
    initial number of chains of type           1 :         300
    initial number of chains in x, y and z directions:    7    7    7
    initial rotational displacement:           0
    inimix:           1
    zshift:  0.000000000000000E+000
    dshift:   3.28000000000000     
    nchoiq:           1
 initial maximum volume displacement (rmvol) in box           1 :
   1000.00000000000     
 target volume acceptance ratio (tavol):  0.400000000000000     
 iratv:         500
 iratp:          10
 initial maximum fluct. charge displ. for chain type           1  box
           1 :  0.100000000000000     
 target fluctuating charge acceptance ratio (taflcq):  0.950000000000000     
 pmvol:  8.000000000000000E-004
    pmvlmt for box           1 :   1.00000000000000     
 nvolb:           1
    pmvolb:   1.00000000000000     
    box pair for volume move number           1 :           1           2
 pmswat:  0.000000000000000E+000
    number of swatch pairs (nswaty):           1
    swatch molecule type pairs:           2           3
    probability of each swatch pair:   1.00000000000000     
    nsampos:           1
    ncut:           1           1
    splist:           1           1
    box pair:           1           2
 pmswap:  0.000000000000000E+000
       swap probability for molecule type         1 (pmswmt):  1.0000
    number of swap moves for molecule type           1 :           1
       pmswapb:   1.00000000000000     
       box pair:           1           2
 pmcb:  0.300000000000000     
       CBMC probability for molecule type         1 (pmcbmt):  1.0000
    pmall for molecule type           1 :  0.000000000000000E+000
            probability for SAFE-CBMC for molec   1  (pmfix):  0.0000
 pmflcq:  0.000000000000000E+000
       flcq probability for molecule type         1 (pmfqmt):  1.0000
 pmexpc:  0.000000000000000E+000
         expanded ens. prob. for molecule type    1 (pmeemt):  1.0000
 pmtra:  0.650000000000000     
      translation probability for molecule   ty   1 (pmtrmt):  1.0000
 pmrot:   1.00000000000000     
       rotational probability for molecule    t   1 (pmromt):  1.0000
 
 percentage move probabilities:
 volume move       :    0.08 %
 swatch move       :    0.00 %
 swap move         :    0.00 %
 CBMC move         :   29.92 %
 fluct charge move :    0.00 %
 expanded ens move :    0.00 %
 translation move  :   35.00 %
 rotation move     :   35.00 %
 
 Fraction of atom translations move  0.000000000000000E+000
 
 molecule type :           1   
      nchoi1   :          20  
      nchoi    :          16  
      nchoir   :          20  
      nchoih   :           1  
      nchtor   :         100
 nchbna and nchbnb for molecule type           1 :        1000        1000
 icbdir for molecule type           1 :           0
 icbsta for molecule type           1 :           0
 nexclu:           0
 inclnum:           0
 ainclnum:           1
 repulsive 1-5 OH interaction for chain type           1  between beads
           2  and           9  of type:           1
 
 INCLUSION TABLE
           1 F F F F F F F T T
           2 F F F F F F F F T
           3 F F F F F F T T T
           4 F F F F F F T T T
           5 F F F F F T T T T
           6 F F F F T F F F F
           7 F F T T T F F F F
           8 T F T T T F F F F
           9 T T T T T F F F F
 
 
 CHARGE INCLUSION TABLE
           1 F F F F F F T T T
           2 F F F F T F F T T
           3 F F F F F T T T T
           4 F F F F T T T T T
           5 F T F T F T T T T
           6 F F T T T F F F T
           7 T F T T T F F F F
           8 T T T T T F F F F
           9 T T T T T T F F F
 
 1-4 LJ SCALING FACTORS
           1   1.00000000000000        1.00000000000000     
   1.00000000000000        1.00000000000000        1.00000000000000     
   1.00000000000000        1.00000000000000        1.00000000000000     
   1.00000000000000     
           2   1.00000000000000        1.00000000000000     
   1.00000000000000        1.00000000000000        1.00000000000000     
   1.00000000000000        1.00000000000000        1.00000000000000     
   1.00000000000000     
           3   1.00000000000000        1.00000000000000     
   1.00000000000000        1.00000000000000        1.00000000000000     
   1.00000000000000        1.00000000000000        1.00000000000000     
   1.00000000000000     
           4   1.00000000000000        1.00000000000000     
   1.00000000000000        1.00000000000000        1.00000000000000     
   1.00000000000000        1.00000000000000        1.00000000000000     
   1.00000000000000     
           5   1.00000000000000        1.00000000000000     
   1.00000000000000        1.00000000000000        1.00000000000000     
   1.00000000000000        1.00000000000000        1.00000000000000     
   1.00000000000000     
           6   1.00000000000000        1.00000000000000     
   1.00000000000000        1.00000000000000        1.00000000000000     
   1.00000000000000        1.00000000000000        1.00000000000000     
   1.00000000000000     
           7   1.00000000000000        1.00000000000000     
   1.00000000000000        1.00000000000000        1.00000000000000     
   1.00000000000000        1.00000000000000        1.00000000000000     
   1.00000000000000     
           8   1.00000000000000        1.00000000000000     
   1.00000000000000        1.00000000000000        1.00000000000000     
   1.00000000000000        1.00000000000000        1.00000000000000     
   1.00000000000000     
           9   1.00000000000000        1.00000000000000     
   1.00000000000000        1.00000000000000        1.00000000000000     
   1.00000000000000        1.00000000000000        1.00000000000000     
   1.00000000000000     
 
 1-4 CHARGE SCALING FACTORS
           1   1.00000000000000        1.00000000000000     
   1.00000000000000        1.00000000000000        1.00000000000000     
   1.00000000000000       0.500000000000000        1.00000000000000     
   1.00000000000000     
           2   1.00000000000000        1.00000000000000     
   1.00000000000000        1.00000000000000       0.500000000000000     
   1.00000000000000        1.00000000000000       0.500000000000000     
   1.00000000000000     
           3   1.00000000000000        1.00000000000000     
   1.00000000000000        1.00000000000000        1.00000000000000     
  0.500000000000000        1.00000000000000        1.00000000000000     
   1.00000000000000     
           4   1.00000000000000        1.00000000000000     
   1.00000000000000        1.00000000000000       0.500000000000000     
  0.500000000000000        1.00000000000000        1.00000000000000     
   1.00000000000000     
           5   1.00000000000000       0.500000000000000     
   1.00000000000000       0.500000000000000        1.00000000000000     
   1.00000000000000        1.00000000000000        1.00000000000000     
   1.00000000000000     
           6   1.00000000000000        1.00000000000000     
  0.500000000000000       0.500000000000000        1.00000000000000     
   1.00000000000000        1.00000000000000        1.00000000000000     
  0.500000000000000     
           7  0.500000000000000        1.00000000000000     
   1.00000000000000        1.00000000000000        1.00000000000000     
   1.00000000000000        1.00000000000000        1.00000000000000     
   1.00000000000000     
           8   1.00000000000000       0.500000000000000     
   1.00000000000000        1.00000000000000        1.00000000000000     
   1.00000000000000        1.00000000000000        1.00000000000000     
   1.00000000000000     
           9   1.00000000000000        1.00000000000000     
   1.00000000000000        1.00000000000000        1.00000000000000     
  0.500000000000000        1.00000000000000        1.00000000000000     
   1.00000000000000     
 lucall: F
    ucheck for molecule type           1 :           0
 nvirial:           0
 starvir:  0.000000000000000E+000
 stepvir:  0.000000000000000E+000
 lideal:  F
 ltwice:  F
 lrplc:  F
 
 ***** program   =  THE MAGIC BLACK BOX
 Isobaric-isothermal ensemble
 using periodic boundaries
 in x-direction
 in y-direction
 in z-direction
           3 -dimensional periodic box
 particle coordinates are folded into central box
 additional (COM) cutoff on computed rcmu
 Dual Cutoff Configurational-bias Monte Carlo
 CBMC simultaneously grows all beads conected to the same bead
 with bond angles generated from Gaussian distribution
 Program will call Explct.f if needed
 Lennard-Jones potential for bead-bead
 with additional tail corrections
 Coulombic inter- and intramolecular interactions
 Ewald-sum will be used to calculate Coulombic interactions
 
 MOLECULAR MASS:   116.115400000000     
 new maximum displacements read from restart-file
 box      #           1
 molecule type           1
 max trans. displacement:          0.312800  0.312800  0.312800
 max rot. displacement:            0.143200  0.143200  0.143200
 maximum fluc q displacements: Box #           1
  0.100000000000000     
 max volume displacement:          0.5411E+03
 
 
 
 new box size read from restart-file
 
 
 
 dimension box 1  :  a:      37.786392   b:      37.786392   c   :     37.786392
 
 Finished writing simulation box related info
 molecule type           1
    i   j   type_i type_j   bond length        k/2
    1   2    212    211       1.3440           0.0
    1   4    212    213       1.2000           0.0
    1   3    212    214       1.5200           0.0
    2   1    211    212       1.3440           0.0
    2   6    211    218       1.4100           0.0
    3   1    214    212       1.5200           0.0
    3   5    214    215       1.3300           0.0
    4   1    213    212       1.2000           0.0
    5   3    215    214       1.3300           0.0
    6   2    218    211       1.4100           0.0
    6   7    218     64       1.5400           0.0
    7   6     64    218       1.5400           0.0
    7   8     64     62       1.4300           0.0
    8   7     62     64       1.4300           0.0
    8   9     62     61       0.9450           0.0
    9   8     61     62       0.9450           0.0
 
    i   j   k   type_i type_j type_k     angle      k/2
    1   2   6    212    211    218      115.00     31250.0
    1   3   5    212    214    215      119.70     35210.0
    2   1   3    211    212    214      111.00     17650.0
    2   1   4    211    212    213      123.00     20150.0
    2   6   7    211    218     64      111.00     17650.0
    3   1   4    214    212    213      126.00     20150.0
    3   1   2    214    212    211      111.00     17650.0
    4   1   2    213    212    211      123.00     20150.0
    4   1   3    213    212    214      126.00     20150.0
    5   3   1    215    214    212      119.70     35210.0
    6   2   1    218    211    212      115.00     31250.0
    6   7   8    218     64     62      109.47     25200.0
    7   6   2     64    218    211      111.00     17650.0
    7   8   9     64     62     61      108.50     27720.0
    8   7   6     62     64    218      109.47     25200.0
    9   8   7     61     62     64      108.50     27720.0
 
    i   j   k   l    type_i type_j type_k type_l     torsion type
    1   2   6   7     212    211    218     64            40
    2   1   3   5     211    212    214    215            35
    2   6   7   8     211    218     64     62            45
    3   1   2   6     214    212    211    218            36
    4   1   2   6     213    212    211    218            34
    4   1   3   5     213    212    214    215            37
    5   3   1   2     215    214    212    211            35
    5   3   1   4     215    214    212    213            37
    6   2   1   3     218    211    212    214            36
    6   2   1   4     218    211    212    213            34
    6   7   8   9     218     64     62     61            44
    7   6   2   1      64    218    211    212            40
    8   7   6   2      62     64    218    211            45
    9   8   7   6      61     62     64    218            44
 
      i   j    sig2ij     epsij         q0(i)          q0(j)
     61  61   0.00000   0.00000       0.435000       0.435000
     61  62   0.00000   0.00000       0.435000      -0.700000
     61  64   0.00000   0.00000       0.435000       0.265000
     61 211   0.00000   0.00000       0.435000      -0.250000
     61 212   0.00000   0.00000       0.435000       0.400000
     61 213   0.00000   0.00000       0.435000      -0.400000
     61 214   0.00000   0.00000       0.435000       0.000000
     61 215   0.00000   0.00000       0.435000       0.000000
     61 218   0.00000   0.00000       0.435000       0.250000
     62  61   0.00000   0.00000      -0.700000       0.435000
     62  62   3.02000  93.00000      -0.700000      -0.700000
     62  64   3.48500  65.40642      -0.700000       0.265000
     62 211   2.91000  71.51923      -0.700000      -0.250000
     62 212   3.42000  60.99180      -0.700000       0.400000
     62 213   3.03500  85.71464      -0.700000      -0.400000
     62 214   3.36500  69.54135      -0.700000       0.000000
     62 215   3.34750  88.91007      -0.700000       0.000000
     62 218   3.48500  65.40642      -0.700000       0.250000
     64  61   0.00000   0.00000       0.265000       0.435000
     64  62   3.48500  65.40642       0.265000      -0.700000
     64  64   3.95000  46.00000       0.265000       0.265000
     64 211   3.37500  50.29911       0.265000      -0.250000
     64 212   3.88500  42.89522       0.265000       0.400000
     64 213   3.50000  60.28267       0.265000      -0.400000
     64 214   3.83000  48.90808       0.265000       0.000000
     64 215   3.81250  62.52999       0.265000       0.000000
     64 218   3.95000  46.00000       0.265000       0.250000
    211  61   0.00000   0.00000      -0.250000       0.435000
    211  62   2.91000  71.51923      -0.250000      -0.700000
    211  64   3.37500  50.29911      -0.250000       0.265000
    211 211   2.80000  55.00000      -0.250000      -0.250000
    211 212   3.31000  46.90416      -0.250000       0.400000
    211 213   2.92500  65.91661      -0.250000      -0.400000
    211 214   3.25500  53.47897      -0.250000       0.000000
    211 215   3.23750  68.37397      -0.250000       0.000000
    211 218   3.37500  50.29911      -0.250000       0.250000
    212  61   0.00000   0.00000       0.400000       0.435000
    212  62   3.42000  60.99180       0.400000      -0.700000
    212  64   3.88500  42.89522       0.400000       0.265000
    212 211   3.31000  46.90416       0.400000      -0.250000
    212 212   3.82000  40.00000       0.400000       0.400000
    212 213   3.43500  56.21388       0.400000      -0.400000
    212 214   3.76500  45.60702       0.400000       0.000000
    212 215   3.74750  58.30952       0.400000       0.000000
    212 218   3.88500  42.89522       0.400000       0.250000
    213  61   0.00000   0.00000      -0.400000       0.435000
    213  62   3.03500  85.71464      -0.400000      -0.700000
    213  64   3.50000  60.28267      -0.400000       0.265000
    213 211   2.92500  65.91661      -0.400000      -0.250000
    213 212   3.43500  56.21388      -0.400000       0.400000
    213 213   3.05000  79.00000      -0.400000      -0.400000
    213 214   3.38000  64.09368      -0.400000       0.000000
    213 215   3.36250  81.94510      -0.400000       0.000000
    213 218   3.50000  60.28267      -0.400000       0.250000
    214  61   0.00000   0.00000       0.000000       0.435000
    214  62   3.36500  69.54135       0.000000      -0.700000
    214  64   3.83000  48.90808       0.000000       0.265000
    214 211   3.25500  53.47897       0.000000      -0.250000
    214 212   3.76500  45.60702       0.000000       0.400000
    214 213   3.38000  64.09368       0.000000      -0.400000
    214 214   3.71000  52.00000       0.000000       0.000000
    214 215   3.69250  66.48308       0.000000       0.000000
    214 218   3.83000  48.90808       0.000000       0.250000
    215  61   0.00000   0.00000       0.000000       0.435000
    215  62   3.34750  88.91007       0.000000      -0.700000
    215  64   3.81250  62.52999       0.000000       0.265000
    215 211   3.23750  68.37397       0.000000      -0.250000
    215 212   3.74750  58.30952       0.000000       0.400000
    215 213   3.36250  81.94510       0.000000      -0.400000
    215 214   3.69250  66.48308       0.000000       0.000000
    215 215   3.67500  85.00000       0.000000       0.000000
    215 218   3.81250  62.52999       0.000000       0.250000
    218  61   0.00000   0.00000       0.250000       0.435000
    218  62   3.48500  65.40642       0.250000      -0.700000
    218  64   3.95000  46.00000       0.250000       0.265000
    218 211   3.37500  50.29911       0.250000      -0.250000
    218 212   3.88500  42.89522       0.250000       0.400000
    218 213   3.50000  60.28267       0.250000      -0.400000
    218 214   3.83000  48.90808       0.250000       0.000000
    218 215   3.81250  62.52999       0.250000       0.000000
    218 218   3.95000  46.00000       0.250000       0.250000
 
 number of mc cycles:                      10
 number of chains:                        300
 
 temperature:                       298.150000000000     
 
 ex-pressure:                      7.242900000000000E-003
 
 
 sumup control
 number of chains         300
 number of chains of type           1         300
 inter lj energy   -1218555.49703556     
 intra lj energy   -39079.7197222186     
 Tail correction   -37709.2573216958     
 bond vibration    0.000000000000000E+000
 bond bending       343800.041328878     
 torsional          1061216.10486417     
 external          0.000000000000000E+000
 coulombic energy  -2267086.36593826     
 fluc Q energy     0.000000000000000E+000
 well energy       0.000000000000000E+000
 total energy      -2119705.43650298     
 
 box             1  initial v   =   -2119705.43650298     
 surf. tension :   box 1 =     -57.19834
 pressure check:   box 1 =     -48795.55
 
 +++++ start of markov chain +++++
 
 Cycle   Total   Energy    Boxlength   Pressure  Molecules
     5  620005 -0.2105E+07    37.720         0.0 300
    10  620010 -0.2103E+07    37.798         0.0 300
 
 +++++ end of markov chain +++++
 
 ### Translations ###
 
 molecule typ =           1  in box           1
 x-dir: attempts =     323.0   ratio = 0.489   max.displ. = 0.3128E+00
 y-dir: attempts =     355.0   ratio = 0.470   max.displ. = 0.3128E+00
 z-dir: attempts =     365.0   ratio = 0.537   max.displ. = 0.3128E+00
 
 ### Rotations ###
 
 molecule typ =           1  in box           1
 x-dir: attempts =     357.0   ratio = 0.440   max.displ. = 0.1432E+00
 y-dir: attempts =     352.0   ratio = 0.500   max.displ. = 0.1432E+00
 z-dir: attempts =     343.0   ratio = 0.484   max.displ. = 0.1432E+00
 
 
 ### Configurational-bias ###
 
 molecule typ =           1
     length  attempts  succ.growth  accepted   %su.gr.    %accep.
        1      92.0      92.0      60.0    100.00     65.22
        2      43.0      43.0       3.0    100.00      6.98
        3     100.0      81.0      11.0     81.00     11.00
        4     123.0      70.0       0.0     56.91      0.00
        5      51.0      14.0       0.0     27.45      0.00
        6      71.0      26.0       0.0     36.62      0.00
        7     126.0      56.0       0.0     44.44      0.00
        8     295.0      75.0       0.0     25.42      0.00
 
 
 ### Volume change       ###
 attempts =     4.0   ratio = 0.750   max.displ. = 0.5411E+03
 
 ### Molecule swap       ###
 
 molecule typ =           1
between box  1 and  2 into box 1   uattempts =         0.0 attempts =      0.0   accepted =     0.0
between box  1 and  2 into box 2   uattempts =         0.0 attempts =      0.0   accepted =     0.0
number of times move in:          0.0  accepted=     0.0
number of times move out:          0.0  accepted=     0.0
 
 ### Molecule swatch     ###
 
 pair typ =           1
 moltyps =            2  and           3
between box  1 and  2   uattempts =         0.0  attempts =      0.0  accepted =     0.0

New Biasing Potential

molecule  1:   0.00000000    


 ### Charge Fluctuation  ###
 
 
 ### Expanded Ensemble Move  ###
 
 
 sumup control
 number of chains         300
 number of chains of type           1         300
 inter lj energy   -1200663.98411844     
 intra lj energy   -39394.8466212653     
 Tail correction   -37673.3939732119     
 bond vibration    0.000000000000000E+000
 bond bending       343947.260907900     
 torsional          1062284.17778919     
 external          0.000000000000000E+000
 coulombic energy  -2268766.59155373     
 fluc Q energy     0.000000000000000E+000
 well energy       0.000000000000000E+000
 total energy      -2102593.98359634     
 
 vstart       =     -2119705.4365029847
 vend         =     -2102593.9835963445
 vbox         =     -2102593.9835963603
 
 Averages and fluctuations                            Box 1
 
 pressure                               [kPa] =    -7737.55
 pressure                  [simulation units] =   -0.560423
 surface tension                       [mN/m] =   -131.8729
 chem. potential of type       1          [K] =       0.000
 
 boxlength                                [A] =      37.784
 boxlength                                [A] =      37.784
 boxlength                                [A] =      37.784
 no. of chains of type         1              =     300.000
 molar volume                      [cm^3/mol] =     108.282
 specific density                    [g/cm^3] =    1.072347
 number density of type        1 [chain/nm^3] =     5.56147
 molfraction of type           1              =   1.0000000
 mean sete length of type      1        [A^2] =      18.851
 
 Total energy  [K per system and kJ/mol per chain] =   -2105955.32      -58.37
 Inter LJ      [K per system and kJ/mol per chain] =   -1206058.68      -33.43
 Bond bending  [K per system and kJ/mol per chain] =     344297.58        9.54
 Torsion       [K per system and kJ/mol per chain] =    1061951.63       29.43
 Intra LJ      [K per system and kJ/mol per chain] =     -39056.71       -1.08
 External pot  [K per system and kJ/mol per chain] =          0.00        0.00
 Stretch       [K per system and kJ/mol per chain] =          0.00        0.00
 Coulomb       [K per system and kJ/mol per chain] =   -2267089.14      -62.83
 Tail  LJ      [K per system and kJ/mol per chain] =     -37715.71       -1.05
 Fluc Q        [K per system and kJ/mol per chain] =          0.00        0.00
 
 fluctuation in <vtot>                          =     5327.68
 
 type  box     vinter      vintra      vtor        vbend       vtail
    1    1     0.00000     0.00000     0.00000     0.00000     0.00000
 specific density    box   1 =  0.10723E+01 0.48987E-03 0.48987E-03
 system volume       box   1 =  0.53943E+05 0.24622E+02 0.24622E+02
 pressure            box   1 =  -7737.5      5471.3      5471.3    
 surface tension     box   1 =   -131.87285    93.24819    93.24819
 
 Total energy   box   1 =   -0.21060E+07   0.34973E+04   0.34973E+04
 Inter LJ       box   1 =   -0.12061E+07   0.46519E+04   0.46519E+04
 Bond bending   box   1 =    0.34430E+06   0.75029E+03   0.75029E+03
 Torsion        box   1 =    0.10620E+07   0.46205E+03   0.46205E+03
 Intra LJ       box   1 =   -0.39057E+05   0.13144E+03   0.13144E+03
 External pot   box   1 =    0.00000E+00   0.00000E+00   0.00000E+00
 Stretch        box   1 =    0.00000E+00   0.00000E+00   0.00000E+00
 Coulomb        box   1 =   -0.22671E+07   0.73497E+03   0.73497E+03
 Tail  LJ       box   1 =   -0.37716E+05   0.17229E+02   0.17229E+02
 Fluc Q         box   1 =    0.00000E+00   0.00000E+00   0.00000E+00
 
 Enthalpy Inst.[kJ/mol] for box  1 =    -59.1122     41.7987     41.7987
 Enthalpy Ext. [kJ/mol] for box  1 =    -58.2626     41.1979     41.1979
 
 Cp residual(J/Kmol) =   8.84936326564466     
  H2=   4433430738689.47     
  H=  -2105564.61657461     
 chemical potential  itype   1 box   1 =        0.000       0.000       0.000
 mean sete length    itype   1 box   1 =       18.851       0.007       0.007
 number density      itype   1 box   1 =  0.55615E+01 0.25406E-02 0.25406E-02
 mole fraction       itype   1 box   1 =    1.0000000   0.0000000   0.0000000
 
 
 -----block averages ------
  ------------ box:    1
 block   energy    density   pressure   surf ten  mol fracs
   1  -0.211E+07   0.107E+01   0.000E+00   0.000E+00   0.100E+01
   2  -0.210E+07   0.107E+01  -0.774E+04  -0.132E+03   0.100E+01
 Program ended at 2012-12-20 19:17:18.677
