 Program started at 2011-01-08 06:36:47.459
 Number of processors:            1
 Random number seed:            0
 L_Coul_CBMC: T
 Number of unit cells in a dir =    5.00000000000000     
 Number of unit cells in b dir =    5.00000000000000     
 Number of unit cells in c dir =    6.00000000000000     
 number of cycles:          25
 lstep: F
 lpresim: F
 iupdatefix:         100
 L_tor_table: F
 L_spline: F
 L_linear: F
 L_vib_table: F
 L_bend_table: F
 L_vdW_table: F
 L_elect_table: T
 number of boxes in the system:           1
 temperature:   300.000000000000       K
 external pressure:  0.100000000000000       MPa
 Ghost particles:            0
 fluctuating charge temperature:   5.00000000000000       K
 Electric field in z direction:  0.000000000000000E+000  V/A
 ianalyze:    50000000
 nbin         250
 lrdf: T
 lintra: F
 lstretch: F
 lgvst: F
 lbend: F
 lete: F
 lrhoz: F
 bin_width:  0.200000000000000     
 iprint:           5
 imv:        1000
 iratio:         500
 iblock:           5
 idiele:           1
 L_movie_xyz F
 box:           1
    boxlx:   32.0000000000000       A
    boxly:   32.0000000000000       A
    boxlz:   32.0000000000000       A
    lsolid: F
    lrect: F
 neighbor list cutoff (rcutnn):  0.000000000000000E+000 A
    rcut:   10.0000000000000      A
    kalp:  0.350000000000000     
 number of chains:        1000
 number of molecule types:           1
 number of chains of molecule type           1 :        1000
 Lorentz-Berthelot combining rules apply
    lmixlb: T  lmixjo: F  ltab: F
 number of special combining parameters:           0
 minimum cutoff (rmin):   1.20000000000000       A
 softcut:   100.000000000000     
 CBMC inner cutoff (rcutin):   5.00000000000000       A
 AVBMC outer cutoff (rbsmax):   3.50000000000000       A
 AVBMC inner cutoff (rbsmin):   2.50000000000000       A
 molecule type:           1
    number of units:           3
    number of units for CBMC growth:           3
    number of carbons for EH alkane:           3
    maximum number of units for CBMC:           3
    iurot:           0
    lelect: T
    lflucq: F
    lqtrans: F
    lexpand: F
    lavbmc1: F
    lavbmc2: F
    lavbmc3: F
    fqegp:  0.000000000000000E+000
    lsetup: F
    lq14scale: F
    qscale:  0.500000000000000     
    energy offset for box           1 :  0.000000000000000E+000  K
    bead            1  beadtype          107  charge leader            1
       bead           1  bonded to bead           2
          bond type: 25 bond length:    1.000 k/2:      0.0
       bead           1  bonded to bead           3
          bond type: 25 bond length:    1.000 k/2:      0.0
    bead            2  beadtype          108  charge leader            2
       bead           2  bonded to bead           1
          bond type: 25 bond length:    1.000 k/2:      0.0
    bead            3  beadtype          108  charge leader            3
       bead           3  bonded to bead           1
          bond type: 25 bond length:    1.000 k/2:      0.0
 
 using linear interpolation for electrostatic interactions
 using linear interpolation for electrostatic interactions
 using linear interpolation for electrostatic interactions
 using linear interpolation for electrostatic interactions
 licell: F
 rintramax:  0.000000000000000E+000  A
 boxlink:           4
 initial maximum displacements for atoms:  0.0100  0.0100  0.0100
 initial maximum x, y and z displacement:  0.3000  0.3000  0.3000
 initial maximum x, y and z rotation:      0.4000  0.4000  0.4000
 target translational acceptance ratio:  0.500000000000000     
 target rotational acceptance ratio:  0.500000000000000     
 linit: F
 lreadq: F
 lbranch for molecule type           1 : T
 box:           1
    initial number of chains of type           1 :        1000
    initial number of chains in x, y and z directions:   10   10   10
    initial rotational displacement:           0
    inimix:           1
    zshift:  0.000000000000000E+000
    dshift:   1.60000000000000     
    nchoiq:           1
 initial maximum volume displacement (rmvol) in box           1 :
   1000.00000000000     
 target volume acceptance ratio (tavol):  0.400000000000000     
 iratv:         500
 iratp:           5
 initial maximum fluct. charge displ. for chain type           1  box
           1 :  0.100000000000000     
 target fluctuating charge acceptance ratio (taflcq):  0.950000000000000     
 pmvol:  2.600000000000000E-004
    pmvlmt for box           1 :   1.00000000000000     
 nvolb:           1
    pmvolb:   1.00000000000000     
    box pair for volume move number           1 :           1           2
 pmswat:  0.000000000000000E+000
    number of swatch pairs (nswaty):           1
    swatch molecule type pairs:           2           3
    probability of each swatch pair:   1.00000000000000     
    nsampos:           1
    ncut:           1           1
    splist:           1           1
    box pair:           1           2
 pmswap:  0.000000000000000E+000
       swap probability for molecule type         1 (pmswmt):  1.0000
    number of swap moves for molecule type           1 :           1
       pmswapb:   1.00000000000000     
       box pair:           1           2
 pmcb:  0.000000000000000E+000
       CBMC probability for molecule type         1 (pmcbmt):  1.0000
    pmall for molecule type           1 :  0.000000000000000E+000
            probability for SAFE-CBMC for molec   1  (pmfix):  0.0000
 pmflcq:  0.000000000000000E+000
       flcq probability for molecule type         1 (pmfqmt):  1.0000
 pmexpc:  0.000000000000000E+000
         expanded ens. prob. for molecule type    1 (pmeemt):  1.0000
 pmtra:  0.500130000000000     
      translation probability for molecule   ty   1 (pmtrmt):  1.0000
 pmrot:   1.00000000000000     
       rotational probability for molecule    t   1 (pmromt):  1.0000
 
 percentage move probabilities:
 volume move       :    0.03 %
 swatch move       :    0.00 %
 swap move         :    0.00 %
 CBMC move         :    0.00 %
 fluct charge move :    0.00 %
 expanded ens move :    0.00 %
 translation move  :   49.99 %
 rotation move     :   49.99 %
 
 Fraction of atom translations move  0.000000000000000E+000
 
 molecule type :           1   
      nchoi1   :          10  
      nchoi    :           8  
      nchoir   :          10  
      nchoih   :           1  
      nchtor   :         100
 nchbna and nchbnb for molecule type           1 :        1000        1000
 icbdir for molecule type           1 :           0
 icbsta for molecule type           1 :           0
 nexclu:           0
 inclnum:           0
 ainclnum:           0
 
 INCLUSION TABLE
           1 F F F
           2 F F F
           3 F F F
 
 
 CHARGE INCLUSION TABLE
           1 F F F
           2 F F F
           3 F F F
 
 1-4 LJ SCALING FACTORS
           1   1.00000000000000        1.00000000000000     
   1.00000000000000     
           2   1.00000000000000        1.00000000000000     
   1.00000000000000     
           3   1.00000000000000        1.00000000000000     
   1.00000000000000     
 
 1-4 CHARGE SCALING FACTORS
           1   1.00000000000000        1.00000000000000     
   1.00000000000000     
           2   1.00000000000000        1.00000000000000     
   1.00000000000000     
           3   1.00000000000000        1.00000000000000     
   1.00000000000000     
 lucall: F
    ucheck for molecule type           1 :           0
 nvirial:           0
 starvir:  0.000000000000000E+000
 stepvir:  0.000000000000000E+000
 lideal:  F
 ltwice:  F
 lrplc:  F
 
 ***** program   =  THE MAGIC BLACK BOX
 Isobaric-isothermal ensemble
 using periodic boundaries
 in x-direction
 in y-direction
 in z-direction
           3 -dimensional periodic box
 particle coordinates are folded into central box
 additional (COM) cutoff on computed rcmu
 Dual Cutoff Configurational-bias Monte Carlo
 CBMC simultaneously grows all beads conected to the same bead
 with bond angles generated from Gaussian distribution
 Program will call Explct.f if needed
 Lennard-Jones potential for bead-bead
 with additional tail corrections
 Coulombic inter- and intramolecular interactions
 
 MOLECULAR MASS:   18.0158000000000     
 new maximum displacements read from restart-file
 box      #           1
 molecule type           1
 max trans. displacement:          0.321700  0.321700  0.321700
 max rot. displacement:            0.406400  0.406400  0.406400
 maximum fluc q displacements: Box #           1
  0.100000000000000     
 max volume displacement:          0.3647E+03
 
 
 
 new box size read from restart-file
 
 
 
 dimension box 1  :  a:      30.980098   b:      30.980098   c   :     30.980098
 
 Finished writing simulation box related info
 molecule type           1
    i   j   type_i type_j   bond length        k/2
    1   2    107    108       1.0000           0.0
    1   3    107    108       1.0000           0.0
    2   1    108    107       1.0000           0.0
    3   1    108    107       1.0000           0.0
 
    i   j   k   type_i type_j type_k     angle      k/2
 
      i   j    sig2ij     epsij         q0(i)          q0(j)
    107 107   3.16550  78.19580      -0.847600      -0.847600
    107 108   0.00000   0.00000      -0.847600       0.423800
    108 107   0.00000   0.00000       0.423800      -0.847600
    108 108   0.00000   0.00000       0.423800       0.423800
 
 number of mc cycles:                      25
 number of chains:                       1000
 
 temperature:                       300.000000000000     
 
 ex-pressure:                      7.242900000000000E-003
 
 
 sumup control
 number of chains        1000
 number of chains of type           1        1000
 inter lj energy    1004756.02056258     
 intra lj energy   0.000000000000000E+000
 Tail correction   -22159.5983844262     
 bond vibration    0.000000000000000E+000
 bond bending      0.000000000000000E+000
 torsional         0.000000000000000E+000
 external          0.000000000000000E+000
 coulombic energy  -6667731.94074045     
 fluc Q energy     0.000000000000000E+000
 well energy       0.000000000000000E+000
 total energy      -5662975.92017788     
 
 box             1  initial v   =   -5662975.92017788     
 surf. tension :   box 1 =     -20.92707
 pressure check:   box 1 =    -172932.56
 
 +++++ start of markov chain +++++
 
 Cycle   Total   Energy    Boxlength   Pressure  Molecules
     5  450005 -0.5656E+07    30.918         0.01000
    10  450010 -0.5648E+07    30.918         0.01000
    15  450015 -0.5654E+07    30.918         0.01000
    20  450020 -0.5673E+07    30.918         0.01000
    25  450025 -0.5649E+07    30.918         0.01000
 
 +++++ end of markov chain +++++
 
 ### Translations ###
 
 molecule typ =           1  in box           1
 x-dir: attempts =    4099.0   ratio = 0.491   max.displ. = 0.3217E+00
 y-dir: attempts =    4215.0   ratio = 0.484   max.displ. = 0.3217E+00
 z-dir: attempts =    4201.0   ratio = 0.496   max.displ. = 0.3217E+00
 
 ### Rotations ###
 
 molecule typ =           1  in box           1
 x-dir: attempts =    4002.0   ratio = 0.484   max.displ. = 0.4064E+00
 y-dir: attempts =    4275.0   ratio = 0.503   max.displ. = 0.4064E+00
 z-dir: attempts =    4207.0   ratio = 0.496   max.displ. = 0.4064E+00
 
 
 ### Volume change       ###
 attempts =     1.0   ratio = 1.000   max.displ. = 0.3647E+03
 
 ### Molecule swap       ###
 
 molecule typ =           1
between box  1 and  2 into box 1   uattempts =         0.0 attempts =      0.0   accepted =     0.0
between box  1 and  2 into box 2   uattempts =         0.0 attempts =      0.0   accepted =     0.0
number of times move in:          0.0  accepted=     0.0
number of times move out:          0.0  accepted=     0.0
 
 ### Molecule swatch     ###
 
 pair typ =           1
 moltyps =            2  and           3
between box  1 and  2   uattempts =         0.0  attempts =      0.0  accepted =     0.0
 
 ### Charge Fluctuation  ###
 
 
 ### Expanded Ensemble Move  ###
 
 
 sumup control
 number of chains        1000
 number of chains of type           1        1000
 inter lj energy    1005219.22395315     
 intra lj energy   0.000000000000000E+000
 Tail correction   -22293.9208922272     
 bond vibration    0.000000000000000E+000
 bond bending      0.000000000000000E+000
 torsional         0.000000000000000E+000
 external          0.000000000000000E+000
 coulombic energy  -6654668.49936674     
 fluc Q energy     0.000000000000000E+000
 well energy       0.000000000000000E+000
 total energy      -5649449.27541359     
 
 vstart       =     -5662975.9201778788
 vend         =     -5649449.2754135933
 vbox         =     -5649449.2754138131
 
 Averages and fluctuations                            Box 1
 
 pressure                               [kPa] =   143759.85
 pressure                  [simulation units] =   10.412382
 surface tension                       [mN/m] =     44.2446
 chem. potential of type       1          [K] =       0.000
 
 boxlength                                [A] =      30.919
 boxlength                                [A] =      30.919
 boxlength                                [A] =      30.919
 no. of chains of type         1              =    1000.000
 molar volume                      [cm^3/mol] =      17.800
 specific density                    [g/cm^3] =    1.012107
 number density of type        1 [chain/nm^3] =    33.83116
 molfraction of type           1              =   1.0000000
 mean sete length of type      1        [A^2] =       1.000
 
 Total energy  [K per system and kJ/mol per chain] =   -5657349.85      -47.04
 Inter LJ      [K per system and kJ/mol per chain] =    1025089.10        8.52
 Bond bending  [K per system and kJ/mol per chain] =          0.00        0.00
 Torsion       [K per system and kJ/mol per chain] =          0.00        0.00
 Intra LJ      [K per system and kJ/mol per chain] =          0.00        0.00
 External pot  [K per system and kJ/mol per chain] =          0.00        0.00
 Stretch       [K per system and kJ/mol per chain] =          0.00        0.00
 Coulomb       [K per system and kJ/mol per chain] =   -6682438.95      -55.56
 Tail  LJ      [K per system and kJ/mol per chain] =     -22290.88       -0.19
 Fluc Q        [K per system and kJ/mol per chain] =          0.00        0.00
 
 fluctuation in <vtot>                          =     9823.35
 
 type  box     vinter      vintra      vtor        vbend       vtail
    1    1     0.00000     0.00000     0.00000     0.00000     0.00000
 specific density    box   1 =  0.10121E+01 0.27616E-03 0.13808E-03
 system volume       box   1 =  0.29559E+05 0.81118E+01 0.40559E+01
 pressure            box   1 =    143759.85    55642.22    27821.11
 surface tension     box   1 =     44.24460   104.25143    52.12572
 
 Total energy   box   1 =   -0.56573E+07   0.78595E+04   0.39298E+04
 Inter LJ       box   1 =    0.10251E+07   0.13805E+05   0.69026E+04
 Bond bending   box   1 =    0.00000E+00   0.00000E+00   0.00000E+00
 Torsion        box   1 =    0.00000E+00   0.00000E+00   0.00000E+00
 Intra LJ       box   1 =    0.00000E+00   0.00000E+00   0.00000E+00
 External pot   box   1 =    0.00000E+00   0.00000E+00   0.00000E+00
 Stretch        box   1 =    0.00000E+00   0.00000E+00   0.00000E+00
 Coulomb        box   1 =   -0.66824E+07   0.89683E+04   0.44842E+04
 Tail  LJ       box   1 =   -0.22291E+05   0.60821E+01   0.30411E+01
 Fluc Q         box   1 =    0.00000E+00   0.00000E+00   0.00000E+00
 
 Enthalpy Inst.[kJ/mol] for box  1 =    -44.4681      0.9469      0.4734
 Enthalpy Ext. [kJ/mol] for box  1 =    -47.0249      0.0730      0.0365
 
 Cp residual(J/Kmol) =   8.91462611016281     
  H2=   32003281484411.9     
  H=  -5657135.75817731     
 chemical potential  itype   1 box   1 =        0.000       0.000       0.000
 mean sete length    itype   1 box   1 =        1.000       0.000       0.000
 number density      itype   1 box   1 =  0.33831E+02 0.92309E-02 0.46155E-02
 mole fraction       itype   1 box   1 =    1.0000000   0.0000000   0.0000000
 
 
 -----block averages ------
  ------------ box:    1
 block   energy    density   pressure   surf ten  mol fracs
   1  -0.566E+07   0.101E+01   0.106E+06   0.829E+02   0.100E+01
   2  -0.565E+07   0.101E+01   0.761E+05   0.183E+03   0.100E+01
   3  -0.565E+07   0.101E+01   0.118E+06   0.572E+01   0.100E+01
   4  -0.567E+07   0.101E+01   0.221E+06  -0.131E+03   0.100E+01
   5  -0.567E+07   0.101E+01   0.198E+06   0.810E+02   0.100E+01
 Program ended at 2011-01-08 06:36:55.545
