 L_Coul_CBMC: T
 Number of unit cells in a dir =    5.00000000000000     
 Number of unit cells in b dir =    5.00000000000000     
 Number of unit cells in c dir =    6.00000000000000     
 number of cycles:          25
 lstep: F
 lpresim: F
 iupdatefix:         100
 L_tor_table: F
 L_spline: F
 L_linear: F
 L_vib_table: F
 L_bend_table: F
 L_vdW_table: F
 L_elect_table: T
 number of boxes in the system:           1
 temperature:   300.000000000000       K
 external pressure:  0.100000000000000       MPa
 Ghost particles:            0
 fluctuating charge temperature:   5.00000000000000       K
 Electric field in z direction:  0.000000000000000E+000  V/A
 ianalyze:    50000000
 nbin         250
 lrdf: T
 lintra: F
 lstretch: F
 lgvst: F
 lbend: F
 lete: F
 lrhoz: F
 bin_width:  0.200000000000000     
 iprint:           5
 imv:         100
 iratio:         500
 iblock:           5
 idiele:           1
 L_movie_xyz F
 box:           1
    boxlx:   32.0000000000000       A
    boxly:   32.0000000000000       A
    boxlz:   32.0000000000000       A
    lsolid: F
    lrect: F
 neighbor list cutoff (rcutnn):  0.000000000000000E+000 A
    rcut:   10.0000000000000      A
    kalp:  0.350000000000000     
 number of chains:        1000
 number of molecule types:           1
 number of chains of molecule type           1 :        1000
 Lorentz-Berthelot combining rules apply
    lmixlb: T  lmixjo: F
 number of special combining parameters:           0
 minimum cutoff (rmin):   1.20000000000000       A
 softcut:   100.000000000000     
 CBMC inner cutoff (rcutin):   5.00000000000000       A
 AVBMC outer cutoff (rbsmax):   3.50000000000000       A
 AVBMC inner cutoff (rbsmin):   2.50000000000000       A
 molecule type:           1
    number of units:           3
    number of units for CBMC growth:           3
    number of carbons for EH alkane:           3
    maximum number of units for CBMC:           3
    iurot:           0
    lelect: T
    lflucq: F
    lqtrans: F
    lexpand: F
    lavbmc1: F
    lavbmc2: F
    lavbmc3: F
    fqegp:  0.000000000000000E+000
    lsetup: F
    lq14scale: F
    qscale:  0.500000000000000     
    energy offset for box           1 :  0.000000000000000E+000  K
    bead            1  beadtype          107  charge leader            1
       bead           1  bonded to bead           2
          bond type: 25 bond length:    1.000 k/2:      0.0
       bead           1  bonded to bead           3
          bond type: 25 bond length:    1.000 k/2:      0.0
           0
    bead            2  beadtype          108  charge leader            2
       bead           2  bonded to bead           1
          bond type: 25 bond length:    1.000 k/2:      0.0
           0
    bead            3  beadtype          108  charge leader            3
       bead           3  bonded to bead           1
          bond type: 25 bond length:    1.000 k/2:      0.0
           0
 
 using linear interpolation for electrostatic             interactions
 using linear interpolation for electrostatic             interactions
 using linear interpolation for electrostatic             interactions
 using linear interpolation for electrostatic             interactions
 licell: F
 rintramax:  0.000000000000000E+000  A
 boxlink:           4
 initial maximum displacements for atoms:  0.0100  0.0100  0.0100
 initial maximum x, y and z displacement:  0.3000  0.3000  0.3000
 initial maximum x, y and z rotation:      0.4000  0.4000  0.4000
 target translational acceptance ratio:  0.500000000000000     
 target rotational acceptance ratio:  0.500000000000000     
 linit: F
 lnewtab: F
 lreadq: F
 lbranch for molecule type           1 : T
 box:           1
    initial number of chains of type           1 :        1000
    initial number of chains in x, y and z directions:   10   10   10
    initial rotational displacement:           0
    inimix:           1
    zshift:  0.000000000000000E+000
    dshift:   1.60000000000000     
    nchoiq:           1
 initial maximum volume displacement (rmvol) in box           1 :
   1000.00000000000     
 target volume acceptance ratio (tavol):  0.400000000000000     
 iratv:     5000000
 iratp:           5
 initial maximum fluct. charge displ. for chain type           1  box
           1 :  0.100000000000000     
 target fluctuating charge acceptance ratio (taflcq):  0.950000000000000     
 pmvol:  2.600000000000000E-004
    pmvlmt for box           1 :   1.00000000000000     
 nvolb:           1
    pmvolb:   1.00000000000000     
    box pair for volume move number           1 :           1           2
 pmswat:  0.000000000000000E+000
    number of swatch pairs (nswaty):           1
    swatch molecule type pairs:           2           3
    probability of each swatch pair:   1.00000000000000     
    nsampos:           1
    ncut:           1           1
    splist:           1           1
    box pair:           1           2
 pmswap:  0.000000000000000E+000
       swap probability for molecule type         1 (pmswmt):  1.0000
    number of swap moves for molecule type           1 :           1
       pmswapb:   1.00000000000000     
       box pair:           1           2
 pmcb:  0.000000000000000E+000
       CBMC probability for molecule type         1 (pmcbmt):  1.0000
    pmall for molecule type           1 :  0.000000000000000E+000
            probability for SAFE-CBMC for molec   1  (pmfix):  0.0000
 pmflcq:  0.000000000000000E+000
       flcq probability for molecule type         1 (pmfqmt):  1.0000
 pmexpc:  0.000000000000000E+000
         expanded ens. prob. for molecule type    1 (pmeemt):  1.0000
 pmtra:  0.500130000000000     
      translation probability for molecule   ty   1 (pmtrmt):  1.0000
 pmrot:   1.00000000000000     
       rotational probability for molecule    t   1 (pmromt):  1.0000
 
 percentage move probabilities:
 volume move       :    0.03 %
 swatch move       :    0.00 %
 swap move         :    0.00 %
 CBMC move         :    0.00 %
 fluct charge move :    0.00 %
 expanded ens move :    0.00 %
 translation move  :   49.99 %
 rotation move     :   49.99 %
 
 
 Fraction of atom translations move  0.000000000000000E+000
 molecule type :           1   
      nchoi1   :          10  
      nchoi    :           8  
      nchoir   :          10  
      nchoih   :           1  
      nchtor   :         100
 nchbna and nchbnb for molecule type           1 :        1000        1000
 icbdir for molecule type           1 :           0
 icbsta for molecule type           1 :           0
 nexclu:           0
 inclnum:           0
 ainclnum:           0
 
 INCLUSION TABLE
           1 F F F
           2 F F F
           3 F F F
 
 
 CHARGE INCLUSION TABLE
           1 F F F
           2 F F F
           3 F F F
 
 1-4 LJ SCALING FACTORS
           1   1.00000000000000        1.00000000000000     
   1.00000000000000     
           2   1.00000000000000        1.00000000000000     
   1.00000000000000     
           3   1.00000000000000        1.00000000000000     
   1.00000000000000     
 
 1-4 CHARGE SCALING FACTORS
           1   1.00000000000000        1.00000000000000     
   1.00000000000000     
           2   1.00000000000000        1.00000000000000     
   1.00000000000000     
           3   1.00000000000000        1.00000000000000     
   1.00000000000000     
 lucall: F
    ucheck for molecule type           1 :           0
 nvirial:           0
 starvir:  0.000000000000000E+000
 stepvir:  0.000000000000000E+000
 lideal:  F
 ltwice:  F
 lrplc:  F
 
 ***** program   =  THE MAGIC BLACK BOX
 Isobaric-isothermal ensemble
 using periodic boundaries
 in x-direction
 in y-direction
 in z-direction
           3 -dimensional periodic box
 particle coordinates are folded into central box
 additional (COM) cutoff on computed rcmu
 Dual Cutoff Configurational-bias Monte Carlo
 CBMC simultaneously grows all beads conected to the same bead
 with bond angles generated from Gaussian distribution
 Program will call Explct.f if needed
 Lennard-Jones potential for bead-bead
 with additional tail corrections
 Coulombic inter- and intramolecular interactions
 
 MOLECULAR MASS:   18.0158000000000     
 new maximum displacements read from restart-file
 box      #           1
 molecule type           1
 max trans. displacement:          0.321700  0.321700  0.321700
 max rot. displacement:            0.406400  0.406400  0.406400
 maximum fluc q displacements: Box #           1
  0.100000000000000     
 max volume displacement:          0.3647E+03
 
 
 
 new box size read from restart-file
 
 
 
 dimension box 1  :  a:      30.980098   b:      30.980098   c   :     30.980098
 
 Finished writing simulation box related info
 molecule type           1
    i   j   type_i type_j   bond length        k/2
    1   2    107    108       1.0000           0.0
    1   3    107    108       1.0000           0.0
    2   1    108    107       1.0000           0.0
    3   1    108    107       1.0000           0.0
 
    i   j   k   type_i type_j type_k     angle      k/2
 
      i   j    sig2ij     epsij         q0(i)          q0(j)
    107 107   3.16550  78.19580      -0.847600      -0.847600
    107 108   0.00000   0.00000      -0.847600       0.423800
    108 107   0.00000   0.00000       0.423800      -0.847600
    108 108   0.00000   0.00000       0.423800       0.423800
 
 number of mc cycles:                      25
 number of chains:                       1000
 
 temperature:                       300.000000000000     
 
 ex-pressure:                      7.242900000000000E-003
 
 
 sumup control
 number of chains        1000
 number of chains of type           1        1000
 inter lj energy    1004756.02056258     
 intra lj energy   0.000000000000000E+000
 Tail correction   -22159.5983844262     
 bond vibration    0.000000000000000E+000
 bond bending      0.000000000000000E+000
 torsional         0.000000000000000E+000
 external          0.000000000000000E+000
 coulombic energy  -6667731.94074046     
 fluc Q energy     0.000000000000000E+000
 well energy       0.000000000000000E+000
 total energy      -5662975.92017789     
 
 box             1  initial v   =   -5662975.92017789     
 surf. tension :   box 1 =     -20.93386
 pressure check:   box 1 =    -169992.82
 
 +++++ start of markov chain +++++
 
 Cycle   Total   Energy    Boxlength   Pressure  Molecules
     5  450005 -0.5660E+07    30.972         0.01000
    10  450010 -0.5669E+07    30.972         0.01000
    15  450015 -0.5661E+07    30.972         0.01000
    20  450020 -0.5640E+07    30.972         0.01000
    25  450025 -0.5659E+07    30.980         0.01000
 
 +++++ end of markov chain +++++
 
 ### Translations ###
 
 molecule typ =           1  in box           1
 x-dir: attempts =    4186.0   ratio = 0.498   max.displ. =0.3217E+00
 y-dir: attempts =    4076.0   ratio = 0.498   max.displ. =0.3217E+00
 z-dir: attempts =    4152.0   ratio = 0.502   max.displ. =0.3217E+00
 
 ### Rotations ###
 
 molecule typ =           1  in box           1
 x-dir: attempts =    4222.0   ratio = 0.495   max.displ. =0.4064E+00
 y-dir: attempts =    4151.0   ratio = 0.498   max.displ. =0.4064E+00
 z-dir: attempts =    4204.0   ratio = 0.500   max.displ. =0.4064E+00
 
 
 ### Volume change       ###
 attempts =     9.0   ratio = 0.333   max.displ. =0.3647E+03
 
 ### Molecule swap       ###
 
 molecule typ =           1
between box  1 and  2 into box 1   uattempts =         0.0 attempts =      0.0   accepted =     0.0
between box  1 and  2 into box 2   uattempts =         0.0 attempts =      0.0   accepted =     0.0
number of times move in:          0.0  accepted=     0.0
number of times move out:          0.0  accepted=     0.0
 
 ### Molecule swatch     ###
 
 pair typ =           1
 moltyps =            2  and           3
between box  1 and  2   uattempts =         0.0  attempts =      0.0  accepted =     0.0
 
 ### Charge Fluctuation  ###
 
 
 ### Expanded Ensemble Move  ###
 
 
 sumup control
 number of chains        1000
 number of chains of type           1        1000
 inter lj energy    993589.202554059     
 intra lj energy   0.000000000000000E+000
 Tail correction   -22160.2747215670     
 bond vibration    0.000000000000000E+000
 bond bending      0.000000000000000E+000
 torsional         0.000000000000000E+000
 external          0.000000000000000E+000
 coulombic energy  -6652641.96882555     
 fluc Q energy     0.000000000000000E+000
 well energy       0.000000000000000E+000
 total energy      -5659052.76627149     
 
 vstart       =     -5662975.9201778863
 vend         =     -5659052.7662714906
 vbox         =     -5659052.7662711330
 
 Averages and fluctuations                            Box 1
 
 pressure                               [kPa] =  -230945.04
 pressure                  [simulation units] =  -16.727118
 surface tension                       [mN/m] =    347.6663
 chem. potential of type       1          [K] =       0.000
 
 boxlength                                [A] =      30.966
 boxlength                                [A] =      30.966
 boxlength                                [A] =      30.966
 no. of chains of type         1              =    1000.000
 molar volume                      [cm^3/mol] =      17.881
 specific density                    [g/cm^3] =    1.007540
 number density of type        1 [chain/nm^3] =    33.67849
 molfraction of type           1              =   1.0000000
 mean sete length of type      1        [A^2] =       1.000
 
 Total energy  [K per system and kJ/mol per chain] =   -5656579.99      -47.03
 Inter LJ      [K per system and kJ/mol per chain] =     996616.71        8.29
 Bond bending  [K per system and kJ/mol per chain] =          0.00        0.00
 Torsion       [K per system and kJ/mol per chain] =          0.00        0.00
 Intra LJ      [K per system and kJ/mol per chain] =          0.00        0.00
 External pot  [K per system and kJ/mol per chain] =          0.00        0.00
 Stretch       [K per system and kJ/mol per chain] =          0.00        0.00
 Coulomb       [K per system and kJ/mol per chain] =   -6653196.70      -55.32
 Tail  LJ      [K per system and kJ/mol per chain] =     -22190.29       -0.18
 Fluc Q        [K per system and kJ/mol per chain] =          0.00        0.00
 
 fluctuation in <vtot>                          =     9079.69
 
 type  box     vinter      vintra      vtor        vbend       vtail
    1    1     0.00000     0.00000     0.00000     0.00000     0.00000
 specific density    box   1 =  0.10075E+01 0.14514E-02 0.72571E-03
 system volume       box   1 =  0.29693E+05 0.42607E+02 0.21303E+02
 pressure            box   1 =   -230945.04    90688.46    45344.23
 surface tension     box   1 =    347.66629   220.84436   110.42218
 
 Total energy   box   1 =   -0.56566E+07   0.68659E+04   0.34330E+04
 Inter LJ       box   1 =    0.99662E+06   0.22395E+05   0.11197E+05
 Bond bending   box   1 =    0.00000E+00   0.00000E+00   0.00000E+00
 Torsion        box   1 =    0.00000E+00   0.00000E+00   0.00000E+00
 Intra LJ       box   1 =    0.00000E+00   0.00000E+00   0.00000E+00
 External pot   box   1 =    0.00000E+00   0.00000E+00   0.00000E+00
 Stretch        box   1 =    0.00000E+00   0.00000E+00   0.00000E+00
 Coulomb        box   1 =   -0.66532E+07   0.27727E+05   0.13864E+05
 Tail  LJ       box   1 =   -0.22190E+05   0.31967E+02   0.15983E+02
 Fluc Q         box   1 =    0.00000E+00   0.00000E+00   0.00000E+00
 
 Enthalpy Inst.[kJ/mol] for box  1 =    -51.1752      1.6251      0.8126
 Enthalpy Ext. [kJ/mol] for box  1 =    -47.0412      0.0797      0.0399
 
 Cp residual(J/Kmol) =   7.61630580927579     
  H2=   31994546659265.1     
  H=  -5656364.92945793     
 chemical potential  itype   1 box   1 =        0.000       0.000       0.000
 mean sete length    itype   1 box   1 =        1.000       0.000       0.000
 number density      itype   1 box   1 =  0.33678E+02 0.48516E-01 0.24258E-01
 mole fraction       itype   1 box   1 =    1.0000000   0.0000000   0.0000000
 
 
 -----block averages ------
  ------------ box:    1
 block   energy    density   pressure   surf ten  mol fracs
   1  -.566E+07  0.101E+01  -.169E+06  0.195E+03  0.100E+01
   2  -.566E+07  0.101E+01  -.356E+06  0.773E+03  0.100E+01
   3  -.566E+07  0.101E+01  -.243E+06  0.353E+03  0.100E+01
   4  -.565E+07  0.101E+01  -.290E+06  0.194E+03  0.100E+01
   5  -.565E+07  0.101E+01  -.965E+05  0.223E+03  0.100E+01
