Program started at 2015-05-26 11:21:53.953
Number of processors: 1
Threads per processor: 1
 run_num: 1    
 suffix: a
 L_movie_xyz:  F

***** PROGRAM  =  THE MAGIC BLACK BOX *****
NVT Gibbs ensemble
Using periodic boundaries in x y z
3-dimensional periodic box
Particle coordinates are folded into central box
Additional center-of-mass cutoff on computed rcmu
CBMC simultaneously grows all beads conected to the same bead
   with bond lengths/angles generated from Gaussian distribution
Program will call explct() for explicit-hydrogen models
Dual Cutoff Configurational-bias Monte Carlo
Coulombic interactions will be included in the Rosenbluth weights for CBMC growth
Coulombic inter- and intra-molecular interactions will be calculated
   using (neutral-)group-based cutoff
   with additional tail corrections
Lorentz-Berthelot combining rules apply
 L_spline:  F
 L_linear:  F
*******************************************

NAMELIST MC_SHARED
------------------------------------------
Random number seed: 0
number of boxes in the system: 2
number of molecule types: 1
number of chains: 200
number of cycles: 100
 iratio: 500
minimum cutoff (rmin):   1.200 [Ang]
 softcut:  100.0000000    
Write checkpoint file every 1800 seconds, and keep the last 1 copies
 linit:  T
 lreadq:  F

NAMELIST ANALYSIS
------------------------------------------
 iprint: 50
 imv: 1200
 iblock: 50
 iratp: 5
 idiele: 100000
 iheatcapacity: 1000000
 ianalyze: 100000
 nbin: 250
 lrdf:  T
 lintra:  F
 lstretch:  F
 lgvst:  F
 lbend:  F
 lete:  F
 lrhoz:  F
 bin_width:  0.200000000E-01
 lucall:  F

SECTION SIMULATION_BOX
------------------------------------------
Box 1:   40.000 x   40.000 x   40.000
   rcut: 14.000 [Ang], kalp:  0.250
   neighbor list cutoff (rcutnn):  0.000
   number of dimensions that are isotropic: 0
   lsolid:  F, lrect:  F, lideal:  F, ltwice:  F
   temperature: 3440.000 [K]
   external pressure:  0.100000000E+00 [MPa]
   initial number of chains of each type:   180
   Ghost particles: 0
   initial number of chains in x, y and z directions: 10 x 10 x 2
   initial rotational displacement: 10, inimix: 0, zshift:  10.0, dshift:   2.000
Box 2:   90.000 x   90.000 x   90.000
   rcut: 14.000 [Ang], kalp:  0.250
   neighbor list cutoff (rcutnn):  0.000
   number of dimensions that are isotropic: 0
   lsolid:  F, lrect:  F, lideal:  F, ltwice:  F
   temperature: 3440.000 [K]
   external pressure:  0.100000000E+00 [MPa]
   initial number of chains of each type:   20
   Ghost particles: 0
   initial number of chains in x, y and z directions: 4 x 4 x 2
   initial rotational displacement: 10, inimix: 0, zshift:  20.0, dshift:  11.250

NUMBER OF MOLECULES OF EACH TYPE
 number of chains of each type:   200

SECTION MOLECULE_TYPE
------------------------------------------
molecule type: 1
   number of units: 8
   number of units for CBMC growth: 8
   number of carbons for EH alkane: 8
   maximum number of units for CBMC: 8
   maximum number of interior segments for SAFE-CBMC regrowth: 8
   number of atoms in a ring (if lring=.true.): 8
   iurot: 0, isolute: 1000000, lelect:  F, lring:  F, lrigid:  F, lbranch:  F, lsetup:  F, lq14scale:  T, qscale: 0.5

   bead 1: bead type 4 [C], charge leader 1
      bonded to bead 2, type 1, bond length:  1.54000, k/2:   0.00000000    
      bending interaction through 2 with bead 3, bending type: 1, bending angle:  114.000, k/2:   31250.0000    
      torsional interaction through 2 and 3 with bead 4, torsional type: 1

   bead 2: bead type 5 [C], charge leader 2
      bonded to bead 1, type 1, bond length:  1.54000, k/2:   0.00000000    
      bonded to bead 3, type 1, bond length:  1.54000, k/2:   0.00000000    
      bending interaction through 3 with bead 4, bending type: 1, bending angle:  114.000, k/2:   31250.0000    
      torsional interaction through 3 and 4 with bead 5, torsional type: 1

   bead 3: bead type 5 [C], charge leader 3
      bonded to bead 2, type 1, bond length:  1.54000, k/2:   0.00000000    
      bonded to bead 4, type 1, bond length:  1.54000, k/2:   0.00000000    
      bending interaction through 2 with bead 1, bending type: 1, bending angle:  114.000, k/2:   31250.0000    
      bending interaction through 4 with bead 5, bending type: 1, bending angle:  114.000, k/2:   31250.0000    
      torsional interaction through 4 and 5 with bead 6, torsional type: 1

   bead 4: bead type 5 [C], charge leader 4
      bonded to bead 3, type 1, bond length:  1.54000, k/2:   0.00000000    
      bonded to bead 5, type 1, bond length:  1.54000, k/2:   0.00000000    
      bending interaction through 3 with bead 2, bending type: 1, bending angle:  114.000, k/2:   31250.0000    
      bending interaction through 5 with bead 6, bending type: 1, bending angle:  114.000, k/2:   31250.0000    
      torsional interaction through 3 and 2 with bead 1, torsional type: 1
      torsional interaction through 5 and 6 with bead 7, torsional type: 1

   bead 5: bead type 5 [C], charge leader 5
      bonded to bead 4, type 1, bond length:  1.54000, k/2:   0.00000000    
      bonded to bead 6, type 1, bond length:  1.54000, k/2:   0.00000000    
      bending interaction through 4 with bead 3, bending type: 1, bending angle:  114.000, k/2:   31250.0000    
      bending interaction through 6 with bead 7, bending type: 1, bending angle:  114.000, k/2:   31250.0000    
      torsional interaction through 4 and 3 with bead 2, torsional type: 1
      torsional interaction through 6 and 7 with bead 8, torsional type: 1

   bead 6: bead type 5 [C], charge leader 6
      bonded to bead 5, type 1, bond length:  1.54000, k/2:   0.00000000    
      bonded to bead 7, type 1, bond length:  1.54000, k/2:   0.00000000    
      bending interaction through 5 with bead 4, bending type: 1, bending angle:  114.000, k/2:   31250.0000    
      bending interaction through 7 with bead 8, bending type: 1, bending angle:  114.000, k/2:   31250.0000    
      torsional interaction through 5 and 4 with bead 3, torsional type: 1

   bead 7: bead type 5 [C], charge leader 7
      bonded to bead 6, type 1, bond length:  1.54000, k/2:   0.00000000    
      bonded to bead 8, type 1, bond length:  1.54000, k/2:   0.00000000    
      bending interaction through 6 with bead 5, bending type: 1, bending angle:  114.000, k/2:   31250.0000    
      torsional interaction through 6 and 5 with bead 4, torsional type: 1

   bead 8: bead type 4 [C], charge leader 8
      bonded to bead 7, type 1, bond length:  1.54000, k/2:   0.00000000    
      bending interaction through 7 with bead 6, bending type: 1, bending angle:  114.000, k/2:   31250.0000    
      torsional interaction through 7 and 6 with bead 5, torsional type: 1

MOLECULAR MASS:     114.23020

SPECIAL INTERACTION RULES
------------------------------------------
  Total: 0 exclusion rules for intermolecular interactions

  Total: 0 inclusion rules for intramolecular interactions

  Total: 0 special rules for intramolecular 1-5 OH interactions

SECTION UNIFORM_BIASING_POTENTIALS
------------------------------------------
Molecule type, biasing potential 1 through nbox [K]: 
     0.000     0.000

SECTION SPECIFIC_ATOM_TRANSL
------------------------------------------

Molecule type: 1

LJ INCLUSION TABLE
       1   2   3   4   5   6   7   8
   1   F   F   F   F   T   T   T   T
   2   F   F   F   F   F   T   T   T
   3   F   F   F   F   F   F   T   T
   4   F   F   F   F   F   F   F   T
   5   T   F   F   F   F   F   F   F
   6   T   T   F   F   F   F   F   F
   7   T   T   T   F   F   F   F   F
   8   T   T   T   T   F   F   F   F

CHARGE INCLUSION TABLE
       1   2   3   4   5   6   7   8
   1   F   F   F   F   F   F   F   F
   2   F   F   F   F   F   F   F   F
   3   F   F   F   F   F   F   F   F
   4   F   F   F   F   F   F   F   F
   5   F   F   F   F   F   F   F   F
   6   F   F   F   F   F   F   F   F
   7   F   F   F   F   F   F   F   F
   8   F   F   F   F   F   F   F   F

1-4 LJ SCALING FACTORS
             1      2      3      4      5      6      7      8
      1  1.000  1.000  1.000  1.000  1.000  1.000  1.000  1.000
      2  1.000  1.000  1.000  1.000  1.000  1.000  1.000  1.000
      3  1.000  1.000  1.000  1.000  1.000  1.000  1.000  1.000
      4  1.000  1.000  1.000  1.000  1.000  1.000  1.000  1.000
      5  1.000  1.000  1.000  1.000  1.000  1.000  1.000  1.000
      6  1.000  1.000  1.000  1.000  1.000  1.000  1.000  1.000
      7  1.000  1.000  1.000  1.000  1.000  1.000  1.000  1.000
      8  1.000  1.000  1.000  1.000  1.000  1.000  1.000  1.000

1-4 CHARGE SCALING FACTORS
             1      2      3      4      5      6      7      8
      1  1.000  1.000  1.000  0.500  1.000  1.000  1.000  1.000
      2  1.000  1.000  1.000  1.000  0.500  1.000  1.000  1.000
      3  1.000  1.000  1.000  1.000  1.000  0.500  1.000  1.000
      4  0.500  1.000  1.000  1.000  1.000  1.000  0.500  1.000
      5  1.000  0.500  1.000  1.000  1.000  1.000  1.000  0.500
      6  1.000  1.000  0.500  1.000  1.000  1.000  1.000  1.000
      7  1.000  1.000  1.000  0.500  1.000  1.000  1.000  1.000
      8  1.000  1.000  1.000  1.000  0.500  1.000  1.000  1.000

PAIRWISE LJ AND COULOMB INTERACTIONS
    i    j         q0(i)         q0(j)     vvdW_1     vvdW_2 ...
    4    4      0.000000      0.000000   392.00       3.7500    
    4    5      0.000000      0.000000   268.57       3.8500    
    5    4      0.000000      0.000000   268.57       3.8500    
    5    5      0.000000      0.000000   184.00       3.9500    

NAMELIST TRANSFER
------------------------------------------
lopt_bias:  F
freq_opt_bias: 500

NAMELIST MC_VOLUME
------------------------------------------
target volume acceptance ratio (tavol): 0.40
frequency to adjust maximum volume displacement: 500
initial maximum volume displacement (rmvol):    0.001
pmvol:   0.00000000    
   pmvlmt for box 1:  1.000000000    
   pmvlmt for box 2:  1.000000000    
nvolb: 1
   box pair 1: between 1 and 2,   pmvolb =  1.000000000    

NAMELIST MC_SWATCH
------------------------------------------
pmswat:   0.00000000    
   number of swatch pairs (nswaty): 1
   probability of each swatch pair:  1.000000000    

   swatch molecule type pairs:    1    2
   nsampos: 1, ncut:  1  1
   molecule 1
   ncut 1: grom from 1, prev 0
   molecule 2
   ncut 1: grom from 1, prev 0
   splist:    1    1
   number of swatch box pairs: 1
   probability of the swatch box pair:  1.000000000    
   box pair:    1    2

NAMELIST MC_SWAP
------------------------------------------
pmswap:   0.00000000    
   swap probability for molecule type 1 (pmswmt):   1.0000
   number of swap box pairs for molecule type 1: 1
   pmswapb:  1.000000000    
   box pair:    1    2

NAMELIST MC_CBMC
------------------------------------------
CBMC inner cutoff (rcutin):  5.000 [Ang]
AVBMC outer cutoff (rbsmax):  3.500 [Ang], inner cutoff (rbsmin):  2.500 [Ang]
lpresim:  F
iupdatefix: 10
pmcb:  0.340000000    

molecule type: nchoi1  nchoi nchoir nchoih nchtor nchbna nchbnb icbdir icbsta
            1:     10      8     10      1    100   1000   1000      0      0

molecule type:    pmcbmt         pmall  avbmc_version    pmbias        pmbsmt       pmbias2         pmfix   lrig
            1:  1.000000       0.00000              0   0.00000       0.00000       0.00000       0.00000      F

NAMELIST MC_FLUCQ
------------------------------------------
target fluctuating charge acceptance ratio (taflcq): 0.95
fluctuating charge temperature:    5.000 [K]
initial maximum displacement for fluctuating charge moves:  0.100000000E+00
pmflcq:   0.00000000    
   nchoiq for each box:   1  1
nswapq: 0

molecule type:  lflucq lqtrans   pmfqmt            fqegp
            1:       F       F   1.0000           0.0000

NAMELIST MC_EE
------------------------------------------
pmexpc:   0.00000000    
   expanded ens. prob. for molecule type 1 (pmeemt):   1.0000, lexpand:  F
pmexpc1:   0.00000000    

NAMELIST MC_SIMPLE
------------------------------------------
pm_atom_tra:   0.00000000    
initial maximum displacement for atom translation:  0.100000000E-01
target translation acceptance ratio: 0.50
initial maximum displacement for molecule translation:  0.300000000    
pmtra:  0.670000000    
   translation probability for molecule type 1 (pmtrmt):   1.0000
target rotation acceptance ratio: 0.50
initial maximum displacement for molecule rotation:  0.400000000    
pmrot:  1.000000000    
   rotational probability for molecule type 1 (pmromt):   1.0000

percentage move probabilities:
 volume move       :    0.00 %
 swatch move       :    0.00 %
 swap move         :    0.00 %
 CBMC move         :   34.00 %
 fluct. charge move:    0.00 %
 expanded ens. move:    0.00 %
 new EE move       :    0.00 %
 atom trans. move  :    0.00 %
 translation move  :   33.00 %
 rotation move     :   33.00 %

NAMELIST EXTERNAL_FIELD
------------------------------------------
Steele 10-4-3 slit pore
On both sides of the simulation box (z = 0 & z = boxlz)
Surface material bead type: 190
Surface atom density:  0.11400 [Ang^-3]
Surface layer spacing:  3.40000 [Ang]
a1:  2.46000 [Ang]
Electric field in z direction:     0.00000000         0.00000000     [V/A]

Generating Initial Structures
------------------------------------------
Box 1: 10X10X2
Dimension:   40.0000000    X  40.0000000    X  40.0000000    
Spacing:   4.00000000    X  4.00000000    X  20.0000000    
Box 2: 4X4X2
Dimension:   90.0000000    X  90.0000000    X  90.0000000    
Spacing:   22.5000000    X  22.5000000    X  45.0000000    
 
 sumup control
 number of chains         180
 number of chains of type           1         180
 inter lj energy   -336290.910449354     
 intra lj energy   -31614.3874638735     
 Tail correction   -19514.4537596172     
 bond vibration    0.000000000000000E+000
 bond bending      6.480215002478620E-023
 torsional        -1.361968315904960E-010
 external          0.000000000000000E+000
 coulombic energy  0.000000000000000E+000
 fluc Q energy     0.000000000000000E+000
 well energy       0.000000000000000E+000
 total energy      -367905.297913227     
 
 box             1  initial v   =   -367905.297913227     
 surf. tension :   box 1 =   -2347.44334
 pressure check:   box 1 =     907640.62
 
 sumup control
 number of chains          20
 number of chains of type           1          20
 inter lj energy   -21.1506552289709     
 intra lj energy   -3512.70971820810     
 Tail correction   -21.1506552289709     
 bond vibration    0.000000000000000E+000
 bond bending      3.125553188147157E-023
 torsional        -1.477928890381008E-011
 external          0.000000000000000E+000
 coulombic energy  0.000000000000000E+000
 fluc Q energy     0.000000000000000E+000
 well energy       0.000000000000000E+000
 total energy      -3533.86037343709     
 
 box             2  initial v   =   -3533.86037343709     
 surf. tension :   box 2 =       0.00000
 pressure check:   box 2 =       1302.20
 
 +++++ start of markov chain +++++
 
 Cycle   Total   Energy    Boxlength   Pressure  Molecules
    50      50  0.2110E+07    40.000    627364.5  180
                0.2916E+06    90.000      1300.2   20
   100     100  0.2231E+07    40.000    586524.7  180
                0.2628E+06    90.000      1293.7   20
 
 +++++ end of markov chain +++++
 
 ### Translations ###
 
molecule typ = 1   CCCCCCCC  in box           1
 x-dir: attempts =    1967.0   ratio = 0.847   max.displ. = 0.3000E+00
 y-dir: attempts =    1965.0   ratio = 0.865   max.displ. = 0.3000E+00
 z-dir: attempts =    2004.0   ratio = 0.884   max.displ. = 0.3000E+00
 
molecule typ = 1   CCCCCCCC  in box           2
 x-dir: attempts =     219.0   ratio = 1.000   max.displ. = 0.3000E+00
 y-dir: attempts =     219.0   ratio = 1.000   max.displ. = 0.3000E+00
 z-dir: attempts =     184.0   ratio = 1.000   max.displ. = 0.3000E+00
 
 ### Rotations ###
 
molecule typ = 1    CCCCCCCC  in box           1
 x-dir: attempts =    2002.0   ratio = 0.659   max.displ. = 0.4000E+00
 y-dir: attempts =    1946.0   ratio = 0.621   max.displ. = 0.4000E+00
 z-dir: attempts =    2010.0   ratio = 0.742   max.displ. = 0.4000E+00
 
molecule typ = 1    CCCCCCCC  in box           2
 x-dir: attempts =     222.0   ratio = 1.000   max.displ. = 0.4000E+00
 y-dir: attempts =     220.0   ratio = 1.000   max.displ. = 0.4000E+00
 z-dir: attempts =     223.0   ratio = 1.000   max.displ. = 0.4000E+00
 
 
 ### Configurational-bias ###
 
molecule typ = 1    CCCCCCCC
     length  attempts  succ.growth  accepted   %su.gr.    %accep.
        1     873.0     873.0     712.0    100.00     81.56
        2     902.0     902.0     563.0    100.00     62.42
        3     808.0     808.0     438.0    100.00     54.21
        4     857.0     855.0     378.0     99.77     44.11
        5     855.0     850.0     306.0     99.42     35.79
        6     825.0     818.0     231.0     99.15     28.00
        7    1699.0    1680.0     463.0     98.88     27.25
 
 
 ### Volume change       ###
 attempts =     0.0   ratio = 0.000   max.displ. = 0.1000E-02
 attempts =     0.0   ratio = 0.000   max.displ. = 0.1000E-02

### Molecule swap       ###

molecule typ = 1    CCCCCCCC
between box 1 and 2 into box 1   uattempts = 0 attempts = 0   accepted = 0
between box 1 and 2 into box 2   uattempts = 0 attempts = 0   accepted = 0
number of times move in: 0  accepted = 0
number of times move out: 0  accepted = 0
 
 ### Charge Fluctuation  ###
 
 
 ### Expanded Ensemble Move  ###
 

New Biasing Potential

molecule  1:   0.00000000      0.00000000     
 
 sumup control
 number of chains         180
 number of chains of type           1         180
 inter lj energy   -243864.331696915     
 intra lj energy    57662.0982870519     
 Tail correction   -19514.4537596172     
 bond vibration    0.000000000000000E+000
 bond bending       1598129.37224182     
 torsional          818839.927012076     
 external          0.000000000000000E+000
 coulombic energy  0.000000000000000E+000
 fluc Q energy     0.000000000000000E+000
 well energy       0.000000000000000E+000
 total energy       2230767.06584403     
 
 sumup control
 number of chains          20
 number of chains of type           1          20
 inter lj energy   -182.074271360045     
 intra lj energy    5029.78751537536     
 Tail correction   -21.1506552289709     
 bond vibration    0.000000000000000E+000
 bond bending       159762.028790891     
 torsional          98227.5649567410     
 external          0.000000000000000E+000
 coulombic energy  0.000000000000000E+000
 fluc Q energy     0.000000000000000E+000
 well energy       0.000000000000000E+000
 total energy       262837.306991647     
 
 vstart       =      -367905.2979132273        -3533.8603734371
 vend         =      2230767.0658440292       262837.3069916472
 vbox         =      2230767.0658440925       262837.3069916469
 
 Averages and fluctuations                        Box  1       Box  2
 
 pressure                           [kPa] =    687802.75      1306.65
 pressure              [simulation units] =    49.817357     0.094641
 surface tension                   [mN/m] =    -466.3386      -0.0318
 chem. potential of type   1          [K] =        0.000        0.000
 boxlength                            [A] =       40.000       90.000
 boxlength                            [A] =       40.000       90.000
 boxlength                            [A] =       40.000       90.000
 no. of chains of type     1              =      180.000       20.000
 molar volume                  [cm^3/mol] =      214.121    21950.705
 specific density                [g/cm^3] =     0.533485     0.005204
 number density of type    1 [chain/nm^3] =      2.81250      0.02743
 molfraction of type       1              =    1.0000000    1.0000000
 mean sete length of type  1        [A^2] =       49.688       48.086
 
 Total energy [K per system and kJ/mol per chain] =    1967997.22     246173.04      90.90     102.34
 Inter LJ     [K per system and kJ/mol per chain] =    -201944.33       -123.08      -9.33      -0.05
 Tail  LJ     [K per system and kJ/mol per chain] =     -19514.45        -21.15      -0.90      -0.01
 Intra LJ     [K per system and kJ/mol per chain] =      38924.10       1760.03       1.80       0.73
 Stretch      [K per system and kJ/mol per chain] =          0.00          0.00       0.00       0.00
 Bond bending [K per system and kJ/mol per chain] =    1403244.49     159852.69      64.82      66.45
 Torsion      [K per system and kJ/mol per chain] =     727772.96      84683.40      33.62      35.20
 Coulomb      [K per system and kJ/mol per chain] =          0.00          0.00       0.00       0.00
 External pot [K per system and kJ/mol per chain] =          0.00          0.00       0.00       0.00
 3-body Garo  [K per system and kJ/mol per chain] =          0.00          0.00       0.00       0.00
 Fluc Q       [K per system and kJ/mol per chain] =          0.00          0.00       0.00       0.00
 
 fluctuation in <vtot> =   557258.10    43398.30
 
 type  box       vinter       vintra         vtor        vbend        vtail
    1    1      0.00000      0.00000      0.00000      0.00000      0.00000
    1    2      0.00000      0.00000      0.00000      0.00000      0.00000
 
 H_vap      [kJ/mol] btwn box    1 and  2 =        38.8358         7.2175         7.2175
 H_vap LJ  [kJ/mol] btwn box     1 and  2 =        37.6461         1.1086         1.1086
 H_vap Coul [kJ/mol] btwn box    1 and  2 =        28.4015         0.1836         0.1836
 pdV        [kJ/mol] btwn box    1 and  2 =        28.4015         0.1836         0.1836
 CED [cal/cc]   btwn box         1 and  2 =        12.3240         7.2799         7.2799
 CED_LJ[cal/cc] btwn box         1 and  2 =        10.3192         1.4424         1.4424
 CED_Coul[cal/cc] btwn box       1 and  2 =         0.0000         0.0000         0.0000
 HSP [(cal/cc)^1/2]  btwn box    1 and  2 =         2.9911         0.9173         0.9173
 HSP_LJ[(cal/cc)^1/2] btwn box   1 and  2 =         3.1720         0.2391         0.2391
 HSP_Cou[(cal/cc)^1/2] btwn box  1 and  2 =         0.0000         0.0000         0.0000
 
 specific density box  1 =  0.53349E+00  0.21716E-12  0.21716E-12
 specific density box  2 =  0.52039E-02  0.13618E-15  0.13618E-15
 system volume    box  1 =  0.64000E+05  0.00000E+00  0.00000E+00
 system volume    box  2 =  0.72900E+06  0.00000E+00  0.00000E+00
 pressure         box  1 =  0.68780E+06  0.11276E+06  0.11276E+06
 pressure         box  2 =   1306.7       8.4471       8.4471    
 surface tension  box  1 =   -466.33859    277.64876    277.64876
 surface tension  box  2 =     -0.03183      0.03437      0.03437
 
 Total energy     box  1 =  0.19680E+07  0.28190E+06  0.28190E+06
 Inter LJ         box  1 = -0.20194E+06  0.42094E+05  0.42094E+05
 Tail  LJ         box  1 = -0.19514E+05  0.67666E-09  0.67666E-09
 Intra LJ         box  1 =  0.38924E+05  0.11847E+05  0.11847E+05
 Stretch          box  1 =  0.00000E+00  0.00000E+00  0.00000E+00
 Bond bending     box  1 =  0.14032E+07  0.20839E+06  0.20839E+06
 Torsion          box  1 =  0.72777E+06  0.10375E+06  0.10375E+06
 Coulomb          box  1 =  0.00000E+00  0.00000E+00  0.00000E+00
 External pot     box  1 =  0.00000E+00  0.00000E+00  0.00000E+00
 3-body Garo      box  1 =  0.00000E+00  0.00000E+00  0.00000E+00
 Fluc Q           box  1 =  0.00000E+00  0.00000E+00  0.00000E+00
 Total energy     box  2 =  0.24617E+06  0.16204E+05  0.16204E+05
 Inter LJ         box  2 = -0.12308E+03  0.10094E+02  0.10094E+02
 Tail  LJ         box  2 = -0.21151E+02  0.10122E-10  0.10122E-10
 Intra LJ         box  2 =  0.17600E+04  0.10474E+04  0.10474E+04
 Stretch          box  2 =  0.00000E+00  0.00000E+00  0.00000E+00
 Bond bending     box  2 =  0.15985E+06  0.83247E+04  0.83247E+04
 Torsion          box  2 =  0.84683E+05  0.89166E+04  0.89166E+04
 Coulomb          box  2 =  0.00000E+00  0.00000E+00  0.00000E+00
 External pot     box  2 =  0.00000E+00  0.00000E+00  0.00000E+00
 3-body Garo      box  2 =  0.00000E+00  0.00000E+00  0.00000E+00
 Fluc Q           box  2 =  0.00000E+00  0.00000E+00  0.00000E+00
 
 Enthalpy Inst.[kJ/mol] for box  1 =     240.8218      13.1412      13.1412
 Enthalpy Ext. [kJ/mol] for box  1 =      93.5704      11.0027      11.0027
 Enthalpy Inst.[kJ/mol] for box  2 =     132.6652       3.7834       3.7834
 Enthalpy Ext. [kJ/mol] for box  2 =     106.1783       3.9689       3.9689
 
 
 chemical potential  itype  1 box  1 =         0.000        0.000        0.000
 chemical potential  itype  1 box  2 =         0.000        0.000        0.000
 mean sete length    itype  1 box  1 =        49.688        4.951        4.951
 mean sete length    itype  1 box  2 =        48.086        3.482        3.482
 number density      itype  1 box  1 =   0.28125E+01  0.11447E-11  0.11447E-11
 number density      itype  1 box  2 =   0.27435E-01  0.71659E-15  0.71659E-15
 mole fraction       itype  1 box  1 =     1.0000000    0.0000000    0.0000000
 mole fraction       itype  1 box  2 =     1.0000000    0.0000000    0.0000000
 Ostwald Coefficient itype  1 between box  2 and  1 =       102.515625        0.000000
 Free Enrgy of Trans itype  1 between box  2 and  1 [kJ/mol] =     -132.426536        0.000000
 
 
 -----block averages ------
  ------------ box:  1
 block    energy     density    pressure    surf ten   mol fracs
   1  0.1686E+07  0.5335E+00  0.8006E+06 -0.7440E+03  0.1000E+01
   2  0.2250E+07  0.5335E+00  0.5750E+06 -0.1887E+03  0.1000E+01
  ------------ box:  2
 block    energy     density    pressure    surf ten   mol fracs
   1  0.2300E+06  0.5204E-02  0.1315E+04 -0.6621E-01  0.1000E+01
   2  0.2624E+06  0.5204E-02  0.1298E+04  0.2540E-02  0.1000E+01
 Program ended at 2015-05-26 11:22:17.124
dim:   0
sete:                NaN
Uads:                NaN
